Vertex batch 3 containing 7 components not directly SCT compatible! Pass `showerror=true` to see full stacktraces, hide message with verbose=false.
 - try to filter conditionals in compf...
Vertex batch 4 containing 1 components not directly SCT compatible! Pass `showerror=true` to see full stacktraces, hide message with verbose=false.
 - try to filter conditionals in compf...
Vertex batch 4 containing 1 components not directly SCT compatible! Pass `showerror=true` to see full stacktraces, hide message with verbose=false.
 - try to filter conditionals in compf...
Vertex batch 5 containing 7 components not directly SCT compatible! Pass `showerror=true` to see full stacktraces, hide message with verbose=false.
 - try to filter conditionals in compf...
Vertex batch 3 containing 7 components not directly SCT compatible! Pass `showerror=true` to see full stacktraces, hide message with verbose=false.
 - try to filter conditionals in compf...
Vertex batch 4 containing 1 components not directly SCT compatible! Pass `showerror=true` to see full stacktraces, hide message with verbose=false.
 - try to filter conditionals in compf...
Vertex batch 3 containing 7 components not directly SCT compatible! Pass `showerror=true` to see full stacktraces, hide message with verbose=false.
 - try to filter conditionals in compf...
Vertex batch 4 containing 1 components not directly SCT compatible! Pass `showerror=true` to see full stacktraces, hide message with verbose=false.
 - try to filter conditionals in compf...
Vertex batch 3 containing 1 components not directly SCT compatible! Pass `showerror=true` to see full stacktraces, hide message with verbose=false.
 - try to filter conditionals in compf...
Vertex batch 4 containing 1 components not directly SCT compatible! Pass `showerror=true` to see full stacktraces, hide message with verbose=false.
 - try to filter conditionals in compf...
Vertex batch 5 containing 7 components not directly SCT compatible! Pass `showerror=true` to see full stacktraces, hide message with verbose=false.
 - try to filter conditionals in compf...
Vertex batch 3 containing 1 components not directly SCT compatible! Pass `showerror=true` to see full stacktraces, hide message with verbose=false.
 - try to filter conditionals in compf...
Vertex batch 4 containing 1 components not directly SCT compatible! Pass `showerror=true` to see full stacktraces, hide message with verbose=false.
 - try to filter conditionals in compf...
Vertex batch 5 containing 7 components not directly SCT compatible! Pass `showerror=true` to see full stacktraces, hide message with verbose=false.
 - try to filter conditionals in compf...
 - WARN: Init failed with code InternalLinearSolveFailed but residual is within tol 1.2e-12 < 1.0e-10, continue...
Vertex batch 3 containing 1 components not directly SCT compatible! Pass `showerror=true` to see full stacktraces, hide message with verbose=false.
 - try to filter conditionals in compf...
Vertex batch 4 containing 1 components not directly SCT compatible! Pass `showerror=true` to see full stacktraces, hide message with verbose=false.
 - try to filter conditionals in compf...
Vertex batch 5 containing 7 components not directly SCT compatible! Pass `showerror=true` to see full stacktraces, hide message with verbose=false.
 - try to filter conditionals in compf...
 - WARN: Init failed with code InternalLinearSolveFailed but residual is within tol 1.2e-12 < 1.0e-10, continue...
Vertex batch 3 containing 1 components not directly SCT compatible! Pass `showerror=true` to see full stacktraces, hide message with verbose=false.
 - try to filter conditionals in compf...
Vertex batch 4 containing 1 components not directly SCT compatible! Pass `showerror=true` to see full stacktraces, hide message with verbose=false.
 - try to filter conditionals in compf...
Vertex batch 5 containing 7 components not directly SCT compatible! Pass `showerror=true` to see full stacktraces, hide message with verbose=false.
 - try to filter conditionals in compf...
Vertex batch 3 containing 1 components not directly SCT compatible! Pass `showerror=true` to see full stacktraces, hide message with verbose=false.
 - try to filter conditionals in compf...
Vertex batch 4 containing 1 components not directly SCT compatible! Pass `showerror=true` to see full stacktraces, hide message with verbose=false.
 - try to filter conditionals in compf...
Vertex batch 5 containing 7 components not directly SCT compatible! Pass `showerror=true` to see full stacktraces, hide message with verbose=false.
 - try to filter conditionals in compf...
 - WARN: Init failed with code InternalLinearSolveFailed but residual is within tol 6.9e-13 < 1.0e-10, continue...
Vertex batch 3 containing 1 components not directly SCT compatible! Pass `showerror=true` to see full stacktraces, hide message with verbose=false.
 - try to filter conditionals in compf...
Vertex batch 4 containing 1 components not directly SCT compatible! Pass `showerror=true` to see full stacktraces, hide message with verbose=false.
 - try to filter conditionals in compf...
Vertex batch 5 containing 7 components not directly SCT compatible! Pass `showerror=true` to see full stacktraces, hide message with verbose=false.
 - try to filter conditionals in compf...
 - WARN: Init failed with code InternalLinearSolveFailed but residual is within tol 6.6e-13 < 1.0e-10, continue...
Vertex batch 3 containing 1 components not directly SCT compatible! Pass `showerror=true` to see full stacktraces, hide message with verbose=false.
 - try to filter conditionals in compf...
Vertex batch 4 containing 1 components not directly SCT compatible! Pass `showerror=true` to see full stacktraces, hide message with verbose=false.
 - try to filter conditionals in compf...
Vertex batch 5 containing 7 components not directly SCT compatible! Pass `showerror=true` to see full stacktraces, hide message with verbose=false.
 - try to filter conditionals in compf...
 - WARN: Init failed with code InternalLinearSolveFailed but residual is within tol 7.7e-13 < 1.0e-10, continue...
Vertex batch 3 containing 1 components not directly SCT compatible! Pass `showerror=true` to see full stacktraces, hide message with verbose=false.
 - try to filter conditionals in compf...
Vertex batch 4 containing 1 components not directly SCT compatible! Pass `showerror=true` to see full stacktraces, hide message with verbose=false.
 - try to filter conditionals in compf...
Vertex batch 5 containing 7 components not directly SCT compatible! Pass `showerror=true` to see full stacktraces, hide message with verbose=false.
 - try to filter conditionals in compf...
 - WARN: Init failed with code InternalLinearSolveFailed but residual is within tol 1.3e-12 < 1.0e-10, continue...
Vertex batch 3 containing 1 components not directly SCT compatible! Pass `showerror=true` to see full stacktraces, hide message with verbose=false.
 - try to filter conditionals in compf...
Vertex batch 4 containing 1 components not directly SCT compatible! Pass `showerror=true` to see full stacktraces, hide message with verbose=false.
 - try to filter conditionals in compf...
Vertex batch 5 containing 7 components not directly SCT compatible! Pass `showerror=true` to see full stacktraces, hide message with verbose=false.
 - try to filter conditionals in compf...
 - WARN: Init failed with code InternalLinearSolveFailed but residual is within tol 8.4e-13 < 1.0e-10, continue...
Vertex batch 3 containing 1 components not directly SCT compatible! Pass `showerror=true` to see full stacktraces, hide message with verbose=false.
 - try to filter conditionals in compf...
Vertex batch 4 containing 1 components not directly SCT compatible! Pass `showerror=true` to see full stacktraces, hide message with verbose=false.
 - try to filter conditionals in compf...
Vertex batch 5 containing 7 components not directly SCT compatible! Pass `showerror=true` to see full stacktraces, hide message with verbose=false.
 - try to filter conditionals in compf...
 - WARN: Init failed with code InternalLinearSolveFailed but residual is within tol 6.3e-13 < 1.0e-10, continue...
Vertex batch 3 containing 1 components not directly SCT compatible! Pass `showerror=true` to see full stacktraces, hide message with verbose=false.
 - try to filter conditionals in compf...
Vertex batch 4 containing 1 components not directly SCT compatible! Pass `showerror=true` to see full stacktraces, hide message with verbose=false.
 - try to filter conditionals in compf...
Vertex batch 5 containing 7 components not directly SCT compatible! Pass `showerror=true` to see full stacktraces, hide message with verbose=false.
 - try to filter conditionals in compf...
 - WARN: Init failed with code InternalLinearSolveFailed but residual is within tol 8.1e-13 < 1.0e-10, continue...
Vertex batch 3 containing 1 components not directly SCT compatible! Pass `showerror=true` to see full stacktraces, hide message with verbose=false.
 - try to filter conditionals in compf...
Vertex batch 4 containing 1 components not directly SCT compatible! Pass `showerror=true` to see full stacktraces, hide message with verbose=false.
 - try to filter conditionals in compf...
Vertex batch 5 containing 7 components not directly SCT compatible! Pass `showerror=true` to see full stacktraces, hide message with verbose=false.
 - try to filter conditionals in compf...
 - WARN: Init failed with code InternalLinearSolveFailed but residual is within tol 7.2e-13 < 1.0e-10, continue...
Vertex batch 3 containing 1 components not directly SCT compatible! Pass `showerror=true` to see full stacktraces, hide message with verbose=false.
 - try to filter conditionals in compf...
Vertex batch 4 containing 1 components not directly SCT compatible! Pass `showerror=true` to see full stacktraces, hide message with verbose=false.
 - try to filter conditionals in compf...
Vertex batch 5 containing 7 components not directly SCT compatible! Pass `showerror=true` to see full stacktraces, hide message with verbose=false.
 - try to filter conditionals in compf...
Vertex batch 3 containing 1 components not directly SCT compatible! Pass `showerror=true` to see full stacktraces, hide message with verbose=false.
 - try to filter conditionals in compf...
Vertex batch 4 containing 1 components not directly SCT compatible! Pass `showerror=true` to see full stacktraces, hide message with verbose=false.
 - try to filter conditionals in compf...
Vertex batch 5 containing 7 components not directly SCT compatible! Pass `showerror=true` to see full stacktraces, hide message with verbose=false.
 - try to filter conditionals in compf...
 - WARN: Init failed with code InternalLinearSolveFailed but residual is within tol 1.2e-12 < 1.0e-10, continue...
Vertex batch 3 containing 1 components not directly SCT compatible! Pass `showerror=true` to see full stacktraces, hide message with verbose=false.
 - try to filter conditionals in compf...
Vertex batch 4 containing 1 components not directly SCT compatible! Pass `showerror=true` to see full stacktraces, hide message with verbose=false.
 - try to filter conditionals in compf...
Vertex batch 5 containing 7 components not directly SCT compatible! Pass `showerror=true` to see full stacktraces, hide message with verbose=false.
 - try to filter conditionals in compf...
 - WARN: Init failed with code InternalLinearSolveFailed but residual is within tol 1.4e-12 < 1.0e-10, continue...
Vertex batch 3 containing 1 components not directly SCT compatible! Pass `showerror=true` to see full stacktraces, hide message with verbose=false.
 - try to filter conditionals in compf...
Vertex batch 4 containing 1 components not directly SCT compatible! Pass `showerror=true` to see full stacktraces, hide message with verbose=false.
 - try to filter conditionals in compf...
Vertex batch 5 containing 7 components not directly SCT compatible! Pass `showerror=true` to see full stacktraces, hide message with verbose=false.
 - try to filter conditionals in compf...
 - WARN: Init failed with code InternalLinearSolveFailed but residual is within tol 1.3e-12 < 1.0e-10, continue...
Vertex batch 3 containing 1 components not directly SCT compatible! Pass `showerror=true` to see full stacktraces, hide message with verbose=false.
 - try to filter conditionals in compf...
Vertex batch 4 containing 1 components not directly SCT compatible! Pass `showerror=true` to see full stacktraces, hide message with verbose=false.
 - try to filter conditionals in compf...
Vertex batch 5 containing 7 components not directly SCT compatible! Pass `showerror=true` to see full stacktraces, hide message with verbose=false.
 - try to filter conditionals in compf...
 - WARN: Init failed with code InternalLinearSolveFailed but residual is within tol 6.5e-13 < 1.0e-10, continue...
Vertex batch 3 containing 1 components not directly SCT compatible! Pass `showerror=true` to see full stacktraces, hide message with verbose=false.
 - try to filter conditionals in compf...
Vertex batch 4 containing 1 components not directly SCT compatible! Pass `showerror=true` to see full stacktraces, hide message with verbose=false.
 - try to filter conditionals in compf...
Vertex batch 5 containing 7 components not directly SCT compatible! Pass `showerror=true` to see full stacktraces, hide message with verbose=false.
 - try to filter conditionals in compf...
 - WARN: Init failed with code InternalLinearSolveFailed but residual is within tol 9.7e-13 < 1.0e-10, continue...
Vertex batch 3 containing 1 components not directly SCT compatible! Pass `showerror=true` to see full stacktraces, hide message with verbose=false.
 - try to filter conditionals in compf...
Vertex batch 4 containing 1 components not directly SCT compatible! Pass `showerror=true` to see full stacktraces, hide message with verbose=false.
 - try to filter conditionals in compf...
Vertex batch 5 containing 7 components not directly SCT compatible! Pass `showerror=true` to see full stacktraces, hide message with verbose=false.
 - try to filter conditionals in compf...
 - WARN: Init failed with code InternalLinearSolveFailed but residual is within tol 3.2e-13 < 1.0e-10, continue...
Vertex batch 3 containing 1 components not directly SCT compatible! Pass `showerror=true` to see full stacktraces, hide message with verbose=false.
 - try to filter conditionals in compf...
Vertex batch 4 containing 1 components not directly SCT compatible! Pass `showerror=true` to see full stacktraces, hide message with verbose=false.
 - try to filter conditionals in compf...
Vertex batch 5 containing 7 components not directly SCT compatible! Pass `showerror=true` to see full stacktraces, hide message with verbose=false.
 - try to filter conditionals in compf...
Vertex batch 3 containing 1 components not directly SCT compatible! Pass `showerror=true` to see full stacktraces, hide message with verbose=false.
 - try to filter conditionals in compf...
Vertex batch 4 containing 1 components not directly SCT compatible! Pass `showerror=true` to see full stacktraces, hide message with verbose=false.
 - try to filter conditionals in compf...
Vertex batch 5 containing 7 components not directly SCT compatible! Pass `showerror=true` to see full stacktraces, hide message with verbose=false.
 - try to filter conditionals in compf...
 - WARN: Init failed with code InternalLinearSolveFailed but residual is within tol 1.1e-12 < 1.0e-10, continue...
Vertex batch 3 containing 1 components not directly SCT compatible! Pass `showerror=true` to see full stacktraces, hide message with verbose=false.
 - try to filter conditionals in compf...
Vertex batch 4 containing 1 components not directly SCT compatible! Pass `showerror=true` to see full stacktraces, hide message with verbose=false.
 - try to filter conditionals in compf...
Vertex batch 5 containing 7 components not directly SCT compatible! Pass `showerror=true` to see full stacktraces, hide message with verbose=false.
 - try to filter conditionals in compf...
 - WARN: Init failed with code InternalLinearSolveFailed but residual is within tol 7.2e-13 < 1.0e-10, continue...
Vertex batch 3 containing 1 components not directly SCT compatible! Pass `showerror=true` to see full stacktraces, hide message with verbose=false.
 - try to filter conditionals in compf...
Vertex batch 4 containing 1 components not directly SCT compatible! Pass `showerror=true` to see full stacktraces, hide message with verbose=false.
 - try to filter conditionals in compf...
Vertex batch 5 containing 7 components not directly SCT compatible! Pass `showerror=true` to see full stacktraces, hide message with verbose=false.
 - try to filter conditionals in compf...
 - WARN: Init failed with code InternalLinearSolveFailed but residual is within tol 5.1e-13 < 1.0e-10, continue...
Vertex batch 3 containing 1 components not directly SCT compatible! Pass `showerror=true` to see full stacktraces, hide message with verbose=false.
 - try to filter conditionals in compf...
Vertex batch 4 containing 1 components not directly SCT compatible! Pass `showerror=true` to see full stacktraces, hide message with verbose=false.
 - try to filter conditionals in compf...
Vertex batch 5 containing 7 components not directly SCT compatible! Pass `showerror=true` to see full stacktraces, hide message with verbose=false.
 - try to filter conditionals in compf...
Vertex batch 3 containing 1 components not directly SCT compatible! Pass `showerror=true` to see full stacktraces, hide message with verbose=false.
 - try to filter conditionals in compf...
Vertex batch 4 containing 1 components not directly SCT compatible! Pass `showerror=true` to see full stacktraces, hide message with verbose=false.
 - try to filter conditionals in compf...
Vertex batch 5 containing 7 components not directly SCT compatible! Pass `showerror=true` to see full stacktraces, hide message with verbose=false.
 - try to filter conditionals in compf...
 - WARN: Init failed with code InternalLinearSolveFailed but residual is within tol 4.4e-13 < 1.0e-10, continue...
Vertex batch 3 containing 1 components not directly SCT compatible! Pass `showerror=true` to see full stacktraces, hide message with verbose=false.
 - try to filter conditionals in compf...
Vertex batch 4 containing 1 components not directly SCT compatible! Pass `showerror=true` to see full stacktraces, hide message with verbose=false.
 - try to filter conditionals in compf...
Vertex batch 5 containing 7 components not directly SCT compatible! Pass `showerror=true` to see full stacktraces, hide message with verbose=false.
 - try to filter conditionals in compf...
Vertex batch 3 containing 1 components not directly SCT compatible! Pass `showerror=true` to see full stacktraces, hide message with verbose=false.
 - try to filter conditionals in compf...
Vertex batch 4 containing 1 components not directly SCT compatible! Pass `showerror=true` to see full stacktraces, hide message with verbose=false.
 - try to filter conditionals in compf...
Vertex batch 5 containing 7 components not directly SCT compatible! Pass `showerror=true` to see full stacktraces, hide message with verbose=false.
 - try to filter conditionals in compf...
 - WARN: Init failed with code InternalLinearSolveFailed but residual is within tol 8.4e-13 < 1.0e-10, continue...
Vertex batch 3 containing 1 components not directly SCT compatible! Pass `showerror=true` to see full stacktraces, hide message with verbose=false.
 - try to filter conditionals in compf...
Vertex batch 4 containing 1 components not directly SCT compatible! Pass `showerror=true` to see full stacktraces, hide message with verbose=false.
 - try to filter conditionals in compf...
Vertex batch 5 containing 7 components not directly SCT compatible! Pass `showerror=true` to see full stacktraces, hide message with verbose=false.
 - try to filter conditionals in compf...
Vertex batch 4 containing 1 components not directly SCT compatible! Pass `showerror=true` to see full stacktraces, hide message with verbose=false.
 - try to filter conditionals in compf...
Vertex batch 5 containing 7 components not directly SCT compatible! Pass `showerror=true` to see full stacktraces, hide message with verbose=false.
 - try to filter conditionals in compf...
Vertex batch 4 containing 1 components not directly SCT compatible! Pass `showerror=true` to see full stacktraces, hide message with verbose=false.
 - try to filter conditionals in compf...
Vertex batch 5 containing 7 components not directly SCT compatible! Pass `showerror=true` to see full stacktraces, hide message with verbose=false.
 - try to filter conditionals in compf...
Vertex batch 3 containing 7 components not directly SCT compatible! Pass `showerror=true` to see full stacktraces, hide message with verbose=false.
 - try to filter conditionals in compf...
Vertex batch 4 containing 1 components not directly SCT compatible! Pass `showerror=true` to see full stacktraces, hide message with verbose=false.
 - try to filter conditionals in compf...
Vertex batch 5 containing 1 components not directly SCT compatible! Pass `showerror=true` to see full stacktraces, hide message with verbose=false.
 - try to filter conditionals in compf...
Vertex batch 3 containing 7 components not directly SCT compatible! Pass `showerror=true` to see full stacktraces, hide message with verbose=false.
 - try to filter conditionals in compf...
Vertex batch 4 containing 1 components not directly SCT compatible! Pass `showerror=true` to see full stacktraces, hide message with verbose=false.
 - try to filter conditionals in compf...
Vertex batch 5 containing 1 components not directly SCT compatible! Pass `showerror=true` to see full stacktraces, hide message with verbose=false.
 - try to filter conditionals in compf...
 - WARN: Init failed with code InternalLinearSolveFailed but residual is within tol 1.4e-12 < 1.0e-10, continue...
Vertex batch 3 containing 7 components not directly SCT compatible! Pass `showerror=true` to see full stacktraces, hide message with verbose=false.
 - try to filter conditionals in compf...
Vertex batch 4 containing 1 components not directly SCT compatible! Pass `showerror=true` to see full stacktraces, hide message with verbose=false.
 - try to filter conditionals in compf...
Vertex batch 5 containing 1 components not directly SCT compatible! Pass `showerror=true` to see full stacktraces, hide message with verbose=false.
 - try to filter conditionals in compf...
Vertex batch 3 containing 7 components not directly SCT compatible! Pass `showerror=true` to see full stacktraces, hide message with verbose=false.
 - try to filter conditionals in compf...
Vertex batch 4 containing 1 components not directly SCT compatible! Pass `showerror=true` to see full stacktraces, hide message with verbose=false.
 - try to filter conditionals in compf...
Vertex batch 5 containing 1 components not directly SCT compatible! Pass `showerror=true` to see full stacktraces, hide message with verbose=false.
 - try to filter conditionals in compf...
 - WARN: Init failed with code InternalLinearSolveFailed but residual is within tol 3.6e-13 < 1.0e-10, continue...
Vertex batch 3 containing 7 components not directly SCT compatible! Pass `showerror=true` to see full stacktraces, hide message with verbose=false.
 - try to filter conditionals in compf...
Vertex batch 4 containing 1 components not directly SCT compatible! Pass `showerror=true` to see full stacktraces, hide message with verbose=false.
 - try to filter conditionals in compf...
Vertex batch 5 containing 1 components not directly SCT compatible! Pass `showerror=true` to see full stacktraces, hide message with verbose=false.
 - try to filter conditionals in compf...
 - WARN: Init failed with code InternalLinearSolveFailed but residual is within tol 6.3e-13 < 1.0e-10, continue...
Vertex batch 3 containing 7 components not directly SCT compatible! Pass `showerror=true` to see full stacktraces, hide message with verbose=false.
 - try to filter conditionals in compf...
Vertex batch 4 containing 1 components not directly SCT compatible! Pass `showerror=true` to see full stacktraces, hide message with verbose=false.
 - try to filter conditionals in compf...
Vertex batch 5 containing 1 components not directly SCT compatible! Pass `showerror=true` to see full stacktraces, hide message with verbose=false.
 - try to filter conditionals in compf...
Vertex batch 3 containing 7 components not directly SCT compatible! Pass `showerror=true` to see full stacktraces, hide message with verbose=false.
 - try to filter conditionals in compf...
Vertex batch 4 containing 1 components not directly SCT compatible! Pass `showerror=true` to see full stacktraces, hide message with verbose=false.
 - try to filter conditionals in compf...
Vertex batch 5 containing 1 components not directly SCT compatible! Pass `showerror=true` to see full stacktraces, hide message with verbose=false.
 - try to filter conditionals in compf...
Vertex batch 3 containing 7 components not directly SCT compatible! Pass `showerror=true` to see full stacktraces, hide message with verbose=false.
 - try to filter conditionals in compf...
Vertex batch 4 containing 1 components not directly SCT compatible! Pass `showerror=true` to see full stacktraces, hide message with verbose=false.
 - try to filter conditionals in compf...
Vertex batch 5 containing 1 components not directly SCT compatible! Pass `showerror=true` to see full stacktraces, hide message with verbose=false.
 - try to filter conditionals in compf...
 - WARN: Init failed with code InternalLinearSolveFailed but residual is within tol 4e-13 < 1.0e-10, continue...
Vertex batch 3 containing 7 components not directly SCT compatible! Pass `showerror=true` to see full stacktraces, hide message with verbose=false.
 - try to filter conditionals in compf...
Vertex batch 4 containing 1 components not directly SCT compatible! Pass `showerror=true` to see full stacktraces, hide message with verbose=false.
 - try to filter conditionals in compf...
Vertex batch 5 containing 1 components not directly SCT compatible! Pass `showerror=true` to see full stacktraces, hide message with verbose=false.
 - try to filter conditionals in compf...
Vertex batch 3 containing 7 components not directly SCT compatible! Pass `showerror=true` to see full stacktraces, hide message with verbose=false.
 - try to filter conditionals in compf...
Vertex batch 4 containing 1 components not directly SCT compatible! Pass `showerror=true` to see full stacktraces, hide message with verbose=false.
 - try to filter conditionals in compf...
Vertex batch 5 containing 1 components not directly SCT compatible! Pass `showerror=true` to see full stacktraces, hide message with verbose=false.
 - try to filter conditionals in compf...
Vertex batch 3 containing 7 components not directly SCT compatible! Pass `showerror=true` to see full stacktraces, hide message with verbose=false.
 - try to filter conditionals in compf...
Vertex batch 4 containing 1 components not directly SCT compatible! Pass `showerror=true` to see full stacktraces, hide message with verbose=false.
 - try to filter conditionals in compf...
Vertex batch 5 containing 1 components not directly SCT compatible! Pass `showerror=true` to see full stacktraces, hide message with verbose=false.
 - try to filter conditionals in compf...
 - WARN: Init failed with code InternalLinearSolveFailed but residual is within tol 1.3e-12 < 1.0e-10, continue...
Vertex batch 3 containing 7 components not directly SCT compatible! Pass `showerror=true` to see full stacktraces, hide message with verbose=false.
 - try to filter conditionals in compf...
Vertex batch 4 containing 1 components not directly SCT compatible! Pass `showerror=true` to see full stacktraces, hide message with verbose=false.
 - try to filter conditionals in compf...
Vertex batch 5 containing 1 components not directly SCT compatible! Pass `showerror=true` to see full stacktraces, hide message with verbose=false.
 - try to filter conditionals in compf...
 - WARN: Init failed with code InternalLinearSolveFailed but residual is within tol 1.4e-12 < 1.0e-10, continue...
Vertex batch 3 containing 7 components not directly SCT compatible! Pass `showerror=true` to see full stacktraces, hide message with verbose=false.
 - try to filter conditionals in compf...
Vertex batch 4 containing 1 components not directly SCT compatible! Pass `showerror=true` to see full stacktraces, hide message with verbose=false.
 - try to filter conditionals in compf...
Vertex batch 5 containing 1 components not directly SCT compatible! Pass `showerror=true` to see full stacktraces, hide message with verbose=false.
 - try to filter conditionals in compf...
Vertex batch 3 containing 7 components not directly SCT compatible! Pass `showerror=true` to see full stacktraces, hide message with verbose=false.
 - try to filter conditionals in compf...
Vertex batch 4 containing 1 components not directly SCT compatible! Pass `showerror=true` to see full stacktraces, hide message with verbose=false.
 - try to filter conditionals in compf...
Vertex batch 5 containing 1 components not directly SCT compatible! Pass `showerror=true` to see full stacktraces, hide message with verbose=false.
 - try to filter conditionals in compf...
Vertex batch 3 containing 7 components not directly SCT compatible! Pass `showerror=true` to see full stacktraces, hide message with verbose=false.
 - try to filter conditionals in compf...
Vertex batch 4 containing 1 components not directly SCT compatible! Pass `showerror=true` to see full stacktraces, hide message with verbose=false.
 - try to filter conditionals in compf...
Vertex batch 5 containing 1 components not directly SCT compatible! Pass `showerror=true` to see full stacktraces, hide message with verbose=false.
 - try to filter conditionals in compf...
Vertex batch 3 containing 7 components not directly SCT compatible! Pass `showerror=true` to see full stacktraces, hide message with verbose=false.
 - try to filter conditionals in compf...
Vertex batch 4 containing 1 components not directly SCT compatible! Pass `showerror=true` to see full stacktraces, hide message with verbose=false.
 - try to filter conditionals in compf...
Vertex batch 5 containing 1 components not directly SCT compatible! Pass `showerror=true` to see full stacktraces, hide message with verbose=false.
 - try to filter conditionals in compf...
 - WARN: Init failed with code InternalLinearSolveFailed but residual is within tol 5.5e-13 < 1.0e-10, continue...
Vertex batch 3 containing 7 components not directly SCT compatible! Pass `showerror=true` to see full stacktraces, hide message with verbose=false.
 - try to filter conditionals in compf...
Vertex batch 4 containing 1 components not directly SCT compatible! Pass `showerror=true` to see full stacktraces, hide message with verbose=false.
 - try to filter conditionals in compf...
Vertex batch 5 containing 1 components not directly SCT compatible! Pass `showerror=true` to see full stacktraces, hide message with verbose=false.
 - try to filter conditionals in compf...
Vertex batch 3 containing 7 components not directly SCT compatible! Pass `showerror=true` to see full stacktraces, hide message with verbose=false.
 - try to filter conditionals in compf...
Vertex batch 4 containing 1 components not directly SCT compatible! Pass `showerror=true` to see full stacktraces, hide message with verbose=false.
 - try to filter conditionals in compf...
Vertex batch 5 containing 1 components not directly SCT compatible! Pass `showerror=true` to see full stacktraces, hide message with verbose=false.
 - try to filter conditionals in compf...
 - WARN: Init failed with code InternalLinearSolveFailed but residual is within tol 4.3e-13 < 1.0e-10, continue...
Vertex batch 3 containing 7 components not directly SCT compatible! Pass `showerror=true` to see full stacktraces, hide message with verbose=false.
 - try to filter conditionals in compf...
Vertex batch 4 containing 1 components not directly SCT compatible! Pass `showerror=true` to see full stacktraces, hide message with verbose=false.
 - try to filter conditionals in compf...
Vertex batch 5 containing 1 components not directly SCT compatible! Pass `showerror=true` to see full stacktraces, hide message with verbose=false.
 - try to filter conditionals in compf...
Vertex batch 3 containing 7 components not directly SCT compatible! Pass `showerror=true` to see full stacktraces, hide message with verbose=false.
 - try to filter conditionals in compf...
Vertex batch 4 containing 1 components not directly SCT compatible! Pass `showerror=true` to see full stacktraces, hide message with verbose=false.
 - try to filter conditionals in compf...
Vertex batch 5 containing 1 components not directly SCT compatible! Pass `showerror=true` to see full stacktraces, hide message with verbose=false.
 - try to filter conditionals in compf...
Vertex batch 3 containing 7 components not directly SCT compatible! Pass `showerror=true` to see full stacktraces, hide message with verbose=false.
 - try to filter conditionals in compf...
Vertex batch 4 containing 1 components not directly SCT compatible! Pass `showerror=true` to see full stacktraces, hide message with verbose=false.
 - try to filter conditionals in compf...
Vertex batch 5 containing 1 components not directly SCT compatible! Pass `showerror=true` to see full stacktraces, hide message with verbose=false.
 - try to filter conditionals in compf...
Vertex batch 3 containing 7 components not directly SCT compatible! Pass `showerror=true` to see full stacktraces, hide message with verbose=false.
 - try to filter conditionals in compf...
Vertex batch 4 containing 1 components not directly SCT compatible! Pass `showerror=true` to see full stacktraces, hide message with verbose=false.
 - try to filter conditionals in compf...
Vertex batch 5 containing 1 components not directly SCT compatible! Pass `showerror=true` to see full stacktraces, hide message with verbose=false.
 - try to filter conditionals in compf...
 - WARN: Init failed with code InternalLinearSolveFailed but residual is within tol 4.1e-13 < 1.0e-10, continue...
Vertex batch 3 containing 7 components not directly SCT compatible! Pass `showerror=true` to see full stacktraces, hide message with verbose=false.
 - try to filter conditionals in compf...
Vertex batch 4 containing 1 components not directly SCT compatible! Pass `showerror=true` to see full stacktraces, hide message with verbose=false.
 - try to filter conditionals in compf...
Vertex batch 5 containing 1 components not directly SCT compatible! Pass `showerror=true` to see full stacktraces, hide message with verbose=false.
 - try to filter conditionals in compf...
Vertex batch 3 containing 7 components not directly SCT compatible! Pass `showerror=true` to see full stacktraces, hide message with verbose=false.
 - try to filter conditionals in compf...
Vertex batch 4 containing 1 components not directly SCT compatible! Pass `showerror=true` to see full stacktraces, hide message with verbose=false.
 - try to filter conditionals in compf...
Vertex batch 5 containing 1 components not directly SCT compatible! Pass `showerror=true` to see full stacktraces, hide message with verbose=false.
 - try to filter conditionals in compf...
 - WARN: Init failed with code InternalLinearSolveFailed but residual is within tol 4.2e-13 < 1.0e-10, continue...
Vertex batch 3 containing 7 components not directly SCT compatible! Pass `showerror=true` to see full stacktraces, hide message with verbose=false.
 - try to filter conditionals in compf...
Vertex batch 4 containing 1 components not directly SCT compatible! Pass `showerror=true` to see full stacktraces, hide message with verbose=false.
 - try to filter conditionals in compf...
Vertex batch 5 containing 1 components not directly SCT compatible! Pass `showerror=true` to see full stacktraces, hide message with verbose=false.
 - try to filter conditionals in compf...
Vertex batch 3 containing 7 components not directly SCT compatible! Pass `showerror=true` to see full stacktraces, hide message with verbose=false.
 - try to filter conditionals in compf...
Vertex batch 4 containing 1 components not directly SCT compatible! Pass `showerror=true` to see full stacktraces, hide message with verbose=false.
 - try to filter conditionals in compf...
Vertex batch 5 containing 1 components not directly SCT compatible! Pass `showerror=true` to see full stacktraces, hide message with verbose=false.
 - try to filter conditionals in compf...
 - WARN: Init failed with code InternalLinearSolveFailed but residual is within tol 4.3e-13 < 1.0e-10, continue...
Vertex batch 3 containing 7 components not directly SCT compatible! Pass `showerror=true` to see full stacktraces, hide message with verbose=false.
 - try to filter conditionals in compf...
Vertex batch 4 containing 1 components not directly SCT compatible! Pass `showerror=true` to see full stacktraces, hide message with verbose=false.
 - try to filter conditionals in compf...
Vertex batch 5 containing 1 components not directly SCT compatible! Pass `showerror=true` to see full stacktraces, hide message with verbose=false.
 - try to filter conditionals in compf...
 - WARN: Init failed with code InternalLinearSolveFailed but residual is within tol 3.6e-13 < 1.0e-10, continue...
Vertex batch 3 containing 7 components not directly SCT compatible! Pass `showerror=true` to see full stacktraces, hide message with verbose=false.
 - try to filter conditionals in compf...
Vertex batch 4 containing 1 components not directly SCT compatible! Pass `showerror=true` to see full stacktraces, hide message with verbose=false.
 - try to filter conditionals in compf...
Vertex batch 5 containing 1 components not directly SCT compatible! Pass `showerror=true` to see full stacktraces, hide message with verbose=false.
 - try to filter conditionals in compf...
 - WARN: Init failed with code InternalLinearSolveFailed but residual is within tol 6e-13 < 1.0e-10, continue...
Vertex batch 3 containing 7 components not directly SCT compatible! Pass `showerror=true` to see full stacktraces, hide message with verbose=false.
 - try to filter conditionals in compf...
Vertex batch 4 containing 1 components not directly SCT compatible! Pass `showerror=true` to see full stacktraces, hide message with verbose=false.
 - try to filter conditionals in compf...
Vertex batch 3 containing 7 components not directly SCT compatible! Pass `showerror=true` to see full stacktraces, hide message with verbose=false.
 - try to filter conditionals in compf...
Vertex batch 4 containing 1 components not directly SCT compatible! Pass `showerror=true` to see full stacktraces, hide message with verbose=false.
 - try to filter conditionals in compf...
Vertex batch 3 containing 7 components not directly SCT compatible! Pass `showerror=true` to see full stacktraces, hide message with verbose=false.
 - try to filter conditionals in compf...
Vertex batch 4 containing 1 components not directly SCT compatible! Pass `showerror=true` to see full stacktraces, hide message with verbose=false.
 - try to filter conditionals in compf...
Vertex batch 5 containing 1 components not directly SCT compatible! Pass `showerror=true` to see full stacktraces, hide message with verbose=false.
 - try to filter conditionals in compf...
Vertex batch 3 containing 7 components not directly SCT compatible! Pass `showerror=true` to see full stacktraces, hide message with verbose=false.
 - try to filter conditionals in compf...
Vertex batch 4 containing 1 components not directly SCT compatible! Pass `showerror=true` to see full stacktraces, hide message with verbose=false.
 - try to filter conditionals in compf...
Vertex batch 5 containing 1 components not directly SCT compatible! Pass `showerror=true` to see full stacktraces, hide message with verbose=false.
 - try to filter conditionals in compf...
Vertex batch 3 containing 7 components not directly SCT compatible! Pass `showerror=true` to see full stacktraces, hide message with verbose=false.
 - try to filter conditionals in compf...
Vertex batch 4 containing 1 components not directly SCT compatible! Pass `showerror=true` to see full stacktraces, hide message with verbose=false.
 - try to filter conditionals in compf...
Vertex batch 5 containing 1 components not directly SCT compatible! Pass `showerror=true` to see full stacktraces, hide message with verbose=false.
 - try to filter conditionals in compf...
Vertex batch 3 containing 7 components not directly SCT compatible! Pass `showerror=true` to see full stacktraces, hide message with verbose=false.
 - try to filter conditionals in compf...
Vertex batch 4 containing 1 components not directly SCT compatible! Pass `showerror=true` to see full stacktraces, hide message with verbose=false.
 - try to filter conditionals in compf...
Vertex batch 5 containing 1 components not directly SCT compatible! Pass `showerror=true` to see full stacktraces, hide message with verbose=false.
 - try to filter conditionals in compf...
 - WARN: Init failed with code InternalLinearSolveFailed but residual is within tol 4.8e-13 < 1.0e-10, continue...
Vertex batch 3 containing 7 components not directly SCT compatible! Pass `showerror=true` to see full stacktraces, hide message with verbose=false.
 - try to filter conditionals in compf...
Vertex batch 4 containing 1 components not directly SCT compatible! Pass `showerror=true` to see full stacktraces, hide message with verbose=false.
 - try to filter conditionals in compf...
Vertex batch 5 containing 1 components not directly SCT compatible! Pass `showerror=true` to see full stacktraces, hide message with verbose=false.
 - try to filter conditionals in compf...
 - WARN: Init failed with code InternalLinearSolveFailed but residual is within tol 1e-12 < 1.0e-10, continue...
Vertex batch 3 containing 7 components not directly SCT compatible! Pass `showerror=true` to see full stacktraces, hide message with verbose=false.
 - try to filter conditionals in compf...
Vertex batch 4 containing 1 components not directly SCT compatible! Pass `showerror=true` to see full stacktraces, hide message with verbose=false.
 - try to filter conditionals in compf...
Vertex batch 5 containing 1 components not directly SCT compatible! Pass `showerror=true` to see full stacktraces, hide message with verbose=false.
 - try to filter conditionals in compf...
 - WARN: Init failed with code InternalLinearSolveFailed but residual is within tol 7.6e-13 < 1.0e-10, continue...
Vertex batch 3 containing 7 components not directly SCT compatible! Pass `showerror=true` to see full stacktraces, hide message with verbose=false.
 - try to filter conditionals in compf...
Vertex batch 4 containing 1 components not directly SCT compatible! Pass `showerror=true` to see full stacktraces, hide message with verbose=false.
 - try to filter conditionals in compf...
Vertex batch 5 containing 1 components not directly SCT compatible! Pass `showerror=true` to see full stacktraces, hide message with verbose=false.
 - try to filter conditionals in compf...
 - WARN: Init failed with code InternalLinearSolveFailed but residual is within tol 1e-12 < 1.0e-10, continue...
Vertex batch 3 containing 7 components not directly SCT compatible! Pass `showerror=true` to see full stacktraces, hide message with verbose=false.
 - try to filter conditionals in compf...
Vertex batch 4 containing 1 components not directly SCT compatible! Pass `showerror=true` to see full stacktraces, hide message with verbose=false.
 - try to filter conditionals in compf...
Vertex batch 5 containing 1 components not directly SCT compatible! Pass `showerror=true` to see full stacktraces, hide message with verbose=false.
 - try to filter conditionals in compf...
 - WARN: Init failed with code InternalLinearSolveFailed but residual is within tol 1.1e-12 < 1.0e-10, continue...
Vertex batch 3 containing 7 components not directly SCT compatible! Pass `showerror=true` to see full stacktraces, hide message with verbose=false.
 - try to filter conditionals in compf...
Vertex batch 4 containing 1 components not directly SCT compatible! Pass `showerror=true` to see full stacktraces, hide message with verbose=false.
 - try to filter conditionals in compf...
Vertex batch 5 containing 1 components not directly SCT compatible! Pass `showerror=true` to see full stacktraces, hide message with verbose=false.
 - try to filter conditionals in compf...
 - WARN: Init failed with code InternalLinearSolveFailed but residual is within tol 9.3e-13 < 1.0e-10, continue...
Vertex batch 3 containing 7 components not directly SCT compatible! Pass `showerror=true` to see full stacktraces, hide message with verbose=false.
 - try to filter conditionals in compf...
Vertex batch 4 containing 1 components not directly SCT compatible! Pass `showerror=true` to see full stacktraces, hide message with verbose=false.
 - try to filter conditionals in compf...
Vertex batch 5 containing 1 components not directly SCT compatible! Pass `showerror=true` to see full stacktraces, hide message with verbose=false.
 - try to filter conditionals in compf...
 - WARN: Init failed with code InternalLinearSolveFailed but residual is within tol 7.1e-13 < 1.0e-10, continue...
Vertex batch 3 containing 7 components not directly SCT compatible! Pass `showerror=true` to see full stacktraces, hide message with verbose=false.
 - try to filter conditionals in compf...
Vertex batch 4 containing 1 components not directly SCT compatible! Pass `showerror=true` to see full stacktraces, hide message with verbose=false.
 - try to filter conditionals in compf...
Vertex batch 5 containing 1 components not directly SCT compatible! Pass `showerror=true` to see full stacktraces, hide message with verbose=false.
 - try to filter conditionals in compf...
 - WARN: Init failed with code InternalLinearSolveFailed but residual is within tol 2.6e-12 < 1.0e-10, continue...
Vertex batch 3 containing 7 components not directly SCT compatible! Pass `showerror=true` to see full stacktraces, hide message with verbose=false.
 - try to filter conditionals in compf...
Vertex batch 4 containing 1 components not directly SCT compatible! Pass `showerror=true` to see full stacktraces, hide message with verbose=false.
 - try to filter conditionals in compf...
Vertex batch 5 containing 1 components not directly SCT compatible! Pass `showerror=true` to see full stacktraces, hide message with verbose=false.
 - try to filter conditionals in compf...
Vertex batch 3 containing 7 components not directly SCT compatible! Pass `showerror=true` to see full stacktraces, hide message with verbose=false.
 - try to filter conditionals in compf...
Vertex batch 4 containing 1 components not directly SCT compatible! Pass `showerror=true` to see full stacktraces, hide message with verbose=false.
 - try to filter conditionals in compf...
Vertex batch 5 containing 1 components not directly SCT compatible! Pass `showerror=true` to see full stacktraces, hide message with verbose=false.
 - try to filter conditionals in compf...
 - WARN: Init failed with code InternalLinearSolveFailed but residual is within tol 4.5e-13 < 1.0e-10, continue...
Vertex batch 3 containing 7 components not directly SCT compatible! Pass `showerror=true` to see full stacktraces, hide message with verbose=false.
 - try to filter conditionals in compf...
Vertex batch 4 containing 1 components not directly SCT compatible! Pass `showerror=true` to see full stacktraces, hide message with verbose=false.
 - try to filter conditionals in compf...
Vertex batch 5 containing 1 components not directly SCT compatible! Pass `showerror=true` to see full stacktraces, hide message with verbose=false.
 - try to filter conditionals in compf...
 - WARN: Init failed with code InternalLinearSolveFailed but residual is within tol 8.2e-13 < 1.0e-10, continue...
Vertex batch 3 containing 7 components not directly SCT compatible! Pass `showerror=true` to see full stacktraces, hide message with verbose=false.
 - try to filter conditionals in compf...
Vertex batch 4 containing 1 components not directly SCT compatible! Pass `showerror=true` to see full stacktraces, hide message with verbose=false.
 - try to filter conditionals in compf...
Vertex batch 5 containing 1 components not directly SCT compatible! Pass `showerror=true` to see full stacktraces, hide message with verbose=false.
 - try to filter conditionals in compf...
Vertex batch 3 containing 7 components not directly SCT compatible! Pass `showerror=true` to see full stacktraces, hide message with verbose=false.
 - try to filter conditionals in compf...
Vertex batch 4 containing 1 components not directly SCT compatible! Pass `showerror=true` to see full stacktraces, hide message with verbose=false.
 - try to filter conditionals in compf...
Vertex batch 5 containing 1 components not directly SCT compatible! Pass `showerror=true` to see full stacktraces, hide message with verbose=false.
 - try to filter conditionals in compf...
 - WARN: Init failed with code InternalLinearSolveFailed but residual is within tol 9.9e-13 < 1.0e-10, continue...
Vertex batch 3 containing 7 components not directly SCT compatible! Pass `showerror=true` to see full stacktraces, hide message with verbose=false.
 - try to filter conditionals in compf...
Vertex batch 4 containing 1 components not directly SCT compatible! Pass `showerror=true` to see full stacktraces, hide message with verbose=false.
 - try to filter conditionals in compf...
Vertex batch 5 containing 1 components not directly SCT compatible! Pass `showerror=true` to see full stacktraces, hide message with verbose=false.
 - try to filter conditionals in compf...
 - WARN: Init failed with code InternalLinearSolveFailed but residual is within tol 1.2e-12 < 1.0e-10, continue...
Vertex batch 3 containing 7 components not directly SCT compatible! Pass `showerror=true` to see full stacktraces, hide message with verbose=false.
 - try to filter conditionals in compf...
Vertex batch 4 containing 1 components not directly SCT compatible! Pass `showerror=true` to see full stacktraces, hide message with verbose=false.
 - try to filter conditionals in compf...
Vertex batch 5 containing 1 components not directly SCT compatible! Pass `showerror=true` to see full stacktraces, hide message with verbose=false.
 - try to filter conditionals in compf...
 - WARN: Init failed with code InternalLinearSolveFailed but residual is within tol 1.3e-12 < 1.0e-10, continue...
Vertex batch 3 containing 7 components not directly SCT compatible! Pass `showerror=true` to see full stacktraces, hide message with verbose=false.
 - try to filter conditionals in compf...
Vertex batch 4 containing 1 components not directly SCT compatible! Pass `showerror=true` to see full stacktraces, hide message with verbose=false.
 - try to filter conditionals in compf...
Vertex batch 5 containing 1 components not directly SCT compatible! Pass `showerror=true` to see full stacktraces, hide message with verbose=false.
 - try to filter conditionals in compf...
Vertex batch 3 containing 7 components not directly SCT compatible! Pass `showerror=true` to see full stacktraces, hide message with verbose=false.
 - try to filter conditionals in compf...
Vertex batch 4 containing 1 components not directly SCT compatible! Pass `showerror=true` to see full stacktraces, hide message with verbose=false.
 - try to filter conditionals in compf...
Vertex batch 5 containing 1 components not directly SCT compatible! Pass `showerror=true` to see full stacktraces, hide message with verbose=false.
 - try to filter conditionals in compf...
 - WARN: Init failed with code InternalLinearSolveFailed but residual is within tol 7.5e-13 < 1.0e-10, continue...
Vertex batch 3 containing 7 components not directly SCT compatible! Pass `showerror=true` to see full stacktraces, hide message with verbose=false.
 - try to filter conditionals in compf...
Vertex batch 4 containing 1 components not directly SCT compatible! Pass `showerror=true` to see full stacktraces, hide message with verbose=false.
 - try to filter conditionals in compf...
Vertex batch 5 containing 1 components not directly SCT compatible! Pass `showerror=true` to see full stacktraces, hide message with verbose=false.
 - try to filter conditionals in compf...
 - WARN: Init failed with code InternalLinearSolveFailed but residual is within tol 7.6e-13 < 1.0e-10, continue...
Vertex batch 3 containing 7 components not directly SCT compatible! Pass `showerror=true` to see full stacktraces, hide message with verbose=false.
 - try to filter conditionals in compf...
Vertex batch 4 containing 1 components not directly SCT compatible! Pass `showerror=true` to see full stacktraces, hide message with verbose=false.
 - try to filter conditionals in compf...
Vertex batch 5 containing 1 components not directly SCT compatible! Pass `showerror=true` to see full stacktraces, hide message with verbose=false.
 - try to filter conditionals in compf...
 - WARN: Init failed with code InternalLinearSolveFailed but residual is within tol 1e-12 < 1.0e-10, continue...
Vertex batch 3 containing 7 components not directly SCT compatible! Pass `showerror=true` to see full stacktraces, hide message with verbose=false.
 - try to filter conditionals in compf...
Vertex batch 4 containing 1 components not directly SCT compatible! Pass `showerror=true` to see full stacktraces, hide message with verbose=false.
 - try to filter conditionals in compf...
Vertex batch 5 containing 1 components not directly SCT compatible! Pass `showerror=true` to see full stacktraces, hide message with verbose=false.
 - try to filter conditionals in compf...
 - WARN: Init failed with code InternalLinearSolveFailed but residual is within tol 8.6e-13 < 1.0e-10, continue...
Vertex batch 3 containing 7 components not directly SCT compatible! Pass `showerror=true` to see full stacktraces, hide message with verbose=false.
 - try to filter conditionals in compf...
Vertex batch 4 containing 1 components not directly SCT compatible! Pass `showerror=true` to see full stacktraces, hide message with verbose=false.
 - try to filter conditionals in compf...
Vertex batch 5 containing 1 components not directly SCT compatible! Pass `showerror=true` to see full stacktraces, hide message with verbose=false.
 - try to filter conditionals in compf...
Vertex batch 3 containing 7 components not directly SCT compatible! Pass `showerror=true` to see full stacktraces, hide message with verbose=false.
 - try to filter conditionals in compf...
Vertex batch 4 containing 1 components not directly SCT compatible! Pass `showerror=true` to see full stacktraces, hide message with verbose=false.
 - try to filter conditionals in compf...
Vertex batch 5 containing 1 components not directly SCT compatible! Pass `showerror=true` to see full stacktraces, hide message with verbose=false.
 - try to filter conditionals in compf...
 - WARN: Init failed with code InternalLinearSolveFailed but residual is within tol 1.2e-12 < 1.0e-10, continue...
Vertex batch 3 containing 7 components not directly SCT compatible! Pass `showerror=true` to see full stacktraces, hide message with verbose=false.
 - try to filter conditionals in compf...
Vertex batch 4 containing 1 components not directly SCT compatible! Pass `showerror=true` to see full stacktraces, hide message with verbose=false.
 - try to filter conditionals in compf...
Vertex batch 5 containing 1 components not directly SCT compatible! Pass `showerror=true` to see full stacktraces, hide message with verbose=false.
 - try to filter conditionals in compf...
 - WARN: Init failed with code InternalLinearSolveFailed but residual is within tol 1e-12 < 1.0e-10, continue...
Vertex batch 3 containing 7 components not directly SCT compatible! Pass `showerror=true` to see full stacktraces, hide message with verbose=false.
 - try to filter conditionals in compf...
Vertex batch 4 containing 1 components not directly SCT compatible! Pass `showerror=true` to see full stacktraces, hide message with verbose=false.
 - try to filter conditionals in compf...
Vertex batch 5 containing 1 components not directly SCT compatible! Pass `showerror=true` to see full stacktraces, hide message with verbose=false.
 - try to filter conditionals in compf...
 - WARN: Init failed with code InternalLinearSolveFailed but residual is within tol 7.9e-13 < 1.0e-10, continue...
Vertex batch 3 containing 7 components not directly SCT compatible! Pass `showerror=true` to see full stacktraces, hide message with verbose=false.
 - try to filter conditionals in compf...
Vertex batch 4 containing 1 components not directly SCT compatible! Pass `showerror=true` to see full stacktraces, hide message with verbose=false.
 - try to filter conditionals in compf...
Vertex batch 5 containing 1 components not directly SCT compatible! Pass `showerror=true` to see full stacktraces, hide message with verbose=false.
 - try to filter conditionals in compf...
Vertex batch 3 containing 7 components not directly SCT compatible! Pass `showerror=true` to see full stacktraces, hide message with verbose=false.
 - try to filter conditionals in compf...
Vertex batch 4 containing 1 components not directly SCT compatible! Pass `showerror=true` to see full stacktraces, hide message with verbose=false.
 - try to filter conditionals in compf...
Vertex batch 3 containing 7 components not directly SCT compatible! Pass `showerror=true` to see full stacktraces, hide message with verbose=false.
 - try to filter conditionals in compf...
Vertex batch 4 containing 1 components not directly SCT compatible! Pass `showerror=true` to see full stacktraces, hide message with verbose=false.
 - try to filter conditionals in compf...
Vertex batch 3 containing 7 components not directly SCT compatible! Pass `showerror=true` to see full stacktraces, hide message with verbose=false.
 - try to filter conditionals in compf...
Vertex batch 4 containing 1 components not directly SCT compatible! Pass `showerror=true` to see full stacktraces, hide message with verbose=false.
 - try to filter conditionals in compf...
Vertex batch 5 containing 1 components not directly SCT compatible! Pass `showerror=true` to see full stacktraces, hide message with verbose=false.
 - try to filter conditionals in compf...
Vertex batch 3 containing 7 components not directly SCT compatible! Pass `showerror=true` to see full stacktraces, hide message with verbose=false.
 - try to filter conditionals in compf...
Vertex batch 4 containing 1 components not directly SCT compatible! Pass `showerror=true` to see full stacktraces, hide message with verbose=false.
 - try to filter conditionals in compf...
Vertex batch 5 containing 1 components not directly SCT compatible! Pass `showerror=true` to see full stacktraces, hide message with verbose=false.
 - try to filter conditionals in compf...
 - WARN: Init failed with code InternalLinearSolveFailed but residual is within tol 1e-12 < 1.0e-10, continue...
Vertex batch 3 containing 7 components not directly SCT compatible! Pass `showerror=true` to see full stacktraces, hide message with verbose=false.
 - try to filter conditionals in compf...
Vertex batch 4 containing 1 components not directly SCT compatible! Pass `showerror=true` to see full stacktraces, hide message with verbose=false.
 - try to filter conditionals in compf...
Vertex batch 5 containing 1 components not directly SCT compatible! Pass `showerror=true` to see full stacktraces, hide message with verbose=false.
 - try to filter conditionals in compf...
 - WARN: Init failed with code InternalLinearSolveFailed but residual is within tol 6.7e-13 < 1.0e-10, continue...
Vertex batch 3 containing 7 components not directly SCT compatible! Pass `showerror=true` to see full stacktraces, hide message with verbose=false.
 - try to filter conditionals in compf...
Vertex batch 4 containing 1 components not directly SCT compatible! Pass `showerror=true` to see full stacktraces, hide message with verbose=false.
 - try to filter conditionals in compf...
Vertex batch 5 containing 1 components not directly SCT compatible! Pass `showerror=true` to see full stacktraces, hide message with verbose=false.
 - try to filter conditionals in compf...
 - WARN: Init failed with code InternalLinearSolveFailed but residual is within tol 1.3e-12 < 1.0e-10, continue...
Vertex batch 3 containing 7 components not directly SCT compatible! Pass `showerror=true` to see full stacktraces, hide message with verbose=false.
 - try to filter conditionals in compf...
Vertex batch 4 containing 1 components not directly SCT compatible! Pass `showerror=true` to see full stacktraces, hide message with verbose=false.
 - try to filter conditionals in compf...
Vertex batch 5 containing 1 components not directly SCT compatible! Pass `showerror=true` to see full stacktraces, hide message with verbose=false.
 - try to filter conditionals in compf...
 - WARN: Init failed with code InternalLinearSolveFailed but residual is within tol 1e-12 < 1.0e-10, continue...
Vertex batch 3 containing 7 components not directly SCT compatible! Pass `showerror=true` to see full stacktraces, hide message with verbose=false.
 - try to filter conditionals in compf...
Vertex batch 4 containing 1 components not directly SCT compatible! Pass `showerror=true` to see full stacktraces, hide message with verbose=false.
 - try to filter conditionals in compf...
Vertex batch 5 containing 1 components not directly SCT compatible! Pass `showerror=true` to see full stacktraces, hide message with verbose=false.
 - try to filter conditionals in compf...
 - WARN: Init failed with code InternalLinearSolveFailed but residual is within tol 4.9e-13 < 1.0e-10, continue...
Vertex batch 3 containing 7 components not directly SCT compatible! Pass `showerror=true` to see full stacktraces, hide message with verbose=false.
 - try to filter conditionals in compf...
Vertex batch 4 containing 1 components not directly SCT compatible! Pass `showerror=true` to see full stacktraces, hide message with verbose=false.
 - try to filter conditionals in compf...
Vertex batch 5 containing 1 components not directly SCT compatible! Pass `showerror=true` to see full stacktraces, hide message with verbose=false.
 - try to filter conditionals in compf...
 - WARN: Init failed with code InternalLinearSolveFailed but residual is within tol 9.1e-13 < 1.0e-10, continue...
Vertex batch 3 containing 7 components not directly SCT compatible! Pass `showerror=true` to see full stacktraces, hide message with verbose=false.
 - try to filter conditionals in compf...
Vertex batch 4 containing 1 components not directly SCT compatible! Pass `showerror=true` to see full stacktraces, hide message with verbose=false.
 - try to filter conditionals in compf...
Vertex batch 5 containing 1 components not directly SCT compatible! Pass `showerror=true` to see full stacktraces, hide message with verbose=false.
 - try to filter conditionals in compf...
 - WARN: Init failed with code InternalLinearSolveFailed but residual is within tol 4.3e-13 < 1.0e-10, continue...
Vertex batch 3 containing 7 components not directly SCT compatible! Pass `showerror=true` to see full stacktraces, hide message with verbose=false.
 - try to filter conditionals in compf...
Vertex batch 4 containing 1 components not directly SCT compatible! Pass `showerror=true` to see full stacktraces, hide message with verbose=false.
 - try to filter conditionals in compf...
Vertex batch 5 containing 1 components not directly SCT compatible! Pass `showerror=true` to see full stacktraces, hide message with verbose=false.
 - try to filter conditionals in compf...
 - WARN: Init failed with code InternalLinearSolveFailed but residual is within tol 8.2e-13 < 1.0e-10, continue...
Vertex batch 3 containing 7 components not directly SCT compatible! Pass `showerror=true` to see full stacktraces, hide message with verbose=false.
 - try to filter conditionals in compf...
Vertex batch 4 containing 1 components not directly SCT compatible! Pass `showerror=true` to see full stacktraces, hide message with verbose=false.
 - try to filter conditionals in compf...
Vertex batch 5 containing 1 components not directly SCT compatible! Pass `showerror=true` to see full stacktraces, hide message with verbose=false.
 - try to filter conditionals in compf...
Vertex batch 3 containing 7 components not directly SCT compatible! Pass `showerror=true` to see full stacktraces, hide message with verbose=false.
 - try to filter conditionals in compf...
Vertex batch 4 containing 1 components not directly SCT compatible! Pass `showerror=true` to see full stacktraces, hide message with verbose=false.
 - try to filter conditionals in compf...
Vertex batch 5 containing 1 components not directly SCT compatible! Pass `showerror=true` to see full stacktraces, hide message with verbose=false.
 - try to filter conditionals in compf...
 - WARN: Init failed with code InternalLinearSolveFailed but residual is within tol 3.7e-13 < 1.0e-10, continue...
Vertex batch 3 containing 7 components not directly SCT compatible! Pass `showerror=true` to see full stacktraces, hide message with verbose=false.
 - try to filter conditionals in compf...
Vertex batch 4 containing 1 components not directly SCT compatible! Pass `showerror=true` to see full stacktraces, hide message with verbose=false.
 - try to filter conditionals in compf...
Vertex batch 5 containing 1 components not directly SCT compatible! Pass `showerror=true` to see full stacktraces, hide message with verbose=false.
 - try to filter conditionals in compf...
 - WARN: Init failed with code InternalLinearSolveFailed but residual is within tol 1.4e-12 < 1.0e-10, continue...
Vertex batch 3 containing 7 components not directly SCT compatible! Pass `showerror=true` to see full stacktraces, hide message with verbose=false.
 - try to filter conditionals in compf...
Vertex batch 4 containing 1 components not directly SCT compatible! Pass `showerror=true` to see full stacktraces, hide message with verbose=false.
 - try to filter conditionals in compf...
Vertex batch 5 containing 1 components not directly SCT compatible! Pass `showerror=true` to see full stacktraces, hide message with verbose=false.
 - try to filter conditionals in compf...
 - WARN: Init failed with code InternalLinearSolveFailed but residual is within tol 6.9e-13 < 1.0e-10, continue...
Vertex batch 3 containing 7 components not directly SCT compatible! Pass `showerror=true` to see full stacktraces, hide message with verbose=false.
 - try to filter conditionals in compf...
Vertex batch 4 containing 1 components not directly SCT compatible! Pass `showerror=true` to see full stacktraces, hide message with verbose=false.
 - try to filter conditionals in compf...
Vertex batch 5 containing 1 components not directly SCT compatible! Pass `showerror=true` to see full stacktraces, hide message with verbose=false.
 - try to filter conditionals in compf...
 - WARN: Init failed with code InternalLinearSolveFailed but residual is within tol 1.2e-12 < 1.0e-10, continue...
Vertex batch 3 containing 7 components not directly SCT compatible! Pass `showerror=true` to see full stacktraces, hide message with verbose=false.
 - try to filter conditionals in compf...
Vertex batch 4 containing 1 components not directly SCT compatible! Pass `showerror=true` to see full stacktraces, hide message with verbose=false.
 - try to filter conditionals in compf...
Vertex batch 5 containing 1 components not directly SCT compatible! Pass `showerror=true` to see full stacktraces, hide message with verbose=false.
 - try to filter conditionals in compf...
 - WARN: Init failed with code InternalLinearSolveFailed but residual is within tol 1e-12 < 1.0e-10, continue...
Vertex batch 3 containing 7 components not directly SCT compatible! Pass `showerror=true` to see full stacktraces, hide message with verbose=false.
 - try to filter conditionals in compf...
Vertex batch 4 containing 1 components not directly SCT compatible! Pass `showerror=true` to see full stacktraces, hide message with verbose=false.
 - try to filter conditionals in compf...
Vertex batch 5 containing 1 components not directly SCT compatible! Pass `showerror=true` to see full stacktraces, hide message with verbose=false.
 - try to filter conditionals in compf...
 - WARN: Init failed with code InternalLinearSolveFailed but residual is within tol 7.1e-13 < 1.0e-10, continue...
Vertex batch 3 containing 7 components not directly SCT compatible! Pass `showerror=true` to see full stacktraces, hide message with verbose=false.
 - try to filter conditionals in compf...
Vertex batch 4 containing 1 components not directly SCT compatible! Pass `showerror=true` to see full stacktraces, hide message with verbose=false.
 - try to filter conditionals in compf...
Vertex batch 5 containing 1 components not directly SCT compatible! Pass `showerror=true` to see full stacktraces, hide message with verbose=false.
 - try to filter conditionals in compf...
 - WARN: Init failed with code InternalLinearSolveFailed but residual is within tol 1.3e-12 < 1.0e-10, continue...
Vertex batch 3 containing 7 components not directly SCT compatible! Pass `showerror=true` to see full stacktraces, hide message with verbose=false.
 - try to filter conditionals in compf...
Vertex batch 4 containing 1 components not directly SCT compatible! Pass `showerror=true` to see full stacktraces, hide message with verbose=false.
 - try to filter conditionals in compf...
Vertex batch 5 containing 1 components not directly SCT compatible! Pass `showerror=true` to see full stacktraces, hide message with verbose=false.
 - try to filter conditionals in compf...
 - WARN: Init failed with code InternalLinearSolveFailed but residual is within tol 1.3e-12 < 1.0e-10, continue...
Vertex batch 3 containing 7 components not directly SCT compatible! Pass `showerror=true` to see full stacktraces, hide message with verbose=false.
 - try to filter conditionals in compf...
Vertex batch 4 containing 1 components not directly SCT compatible! Pass `showerror=true` to see full stacktraces, hide message with verbose=false.
 - try to filter conditionals in compf...
Vertex batch 5 containing 1 components not directly SCT compatible! Pass `showerror=true` to see full stacktraces, hide message with verbose=false.
 - try to filter conditionals in compf...
 - WARN: Init failed with code InternalLinearSolveFailed but residual is within tol 1.3e-12 < 1.0e-10, continue...
Vertex batch 3 containing 7 components not directly SCT compatible! Pass `showerror=true` to see full stacktraces, hide message with verbose=false.
 - try to filter conditionals in compf...
Vertex batch 4 containing 1 components not directly SCT compatible! Pass `showerror=true` to see full stacktraces, hide message with verbose=false.
 - try to filter conditionals in compf...
Vertex batch 5 containing 1 components not directly SCT compatible! Pass `showerror=true` to see full stacktraces, hide message with verbose=false.
 - try to filter conditionals in compf...
 - WARN: Init failed with code InternalLinearSolveFailed but residual is within tol 3.8e-13 < 1.0e-10, continue...
Vertex batch 3 containing 7 components not directly SCT compatible! Pass `showerror=true` to see full stacktraces, hide message with verbose=false.
 - try to filter conditionals in compf...
Vertex batch 4 containing 1 components not directly SCT compatible! Pass `showerror=true` to see full stacktraces, hide message with verbose=false.
 - try to filter conditionals in compf...
Vertex batch 5 containing 1 components not directly SCT compatible! Pass `showerror=true` to see full stacktraces, hide message with verbose=false.
 - try to filter conditionals in compf...
Vertex batch 3 containing 7 components not directly SCT compatible! Pass `showerror=true` to see full stacktraces, hide message with verbose=false.
 - try to filter conditionals in compf...
Vertex batch 4 containing 1 components not directly SCT compatible! Pass `showerror=true` to see full stacktraces, hide message with verbose=false.
 - try to filter conditionals in compf...
Vertex batch 5 containing 1 components not directly SCT compatible! Pass `showerror=true` to see full stacktraces, hide message with verbose=false.
 - try to filter conditionals in compf...
Vertex batch 3 containing 7 components not directly SCT compatible! Pass `showerror=true` to see full stacktraces, hide message with verbose=false.
 - try to filter conditionals in compf...
Vertex batch 4 containing 1 components not directly SCT compatible! Pass `showerror=true` to see full stacktraces, hide message with verbose=false.
 - try to filter conditionals in compf...
Vertex batch 5 containing 1 components not directly SCT compatible! Pass `showerror=true` to see full stacktraces, hide message with verbose=false.
 - try to filter conditionals in compf...
 - WARN: Init failed with code InternalLinearSolveFailed but residual is within tol 3.4e-13 < 1.0e-10, continue...
Vertex batch 3 containing 7 components not directly SCT compatible! Pass `showerror=true` to see full stacktraces, hide message with verbose=false.
 - try to filter conditionals in compf...
Vertex batch 4 containing 1 components not directly SCT compatible! Pass `showerror=true` to see full stacktraces, hide message with verbose=false.
 - try to filter conditionals in compf...
Vertex batch 5 containing 1 components not directly SCT compatible! Pass `showerror=true` to see full stacktraces, hide message with verbose=false.
 - try to filter conditionals in compf...
 - WARN: Init failed with code InternalLinearSolveFailed but residual is within tol 8.3e-13 < 1.0e-10, continue...
Vertex batch 3 containing 7 components not directly SCT compatible! Pass `showerror=true` to see full stacktraces, hide message with verbose=false.
 - try to filter conditionals in compf...
Vertex batch 4 containing 1 components not directly SCT compatible! Pass `showerror=true` to see full stacktraces, hide message with verbose=false.
 - try to filter conditionals in compf...
Vertex batch 5 containing 1 components not directly SCT compatible! Pass `showerror=true` to see full stacktraces, hide message with verbose=false.
 - try to filter conditionals in compf...
 - WARN: Init failed with code InternalLinearSolveFailed but residual is within tol 1.2e-12 < 1.0e-10, continue...
Vertex batch 3 containing 7 components not directly SCT compatible! Pass `showerror=true` to see full stacktraces, hide message with verbose=false.
 - try to filter conditionals in compf...
Vertex batch 4 containing 1 components not directly SCT compatible! Pass `showerror=true` to see full stacktraces, hide message with verbose=false.
 - try to filter conditionals in compf...
Vertex batch 5 containing 1 components not directly SCT compatible! Pass `showerror=true` to see full stacktraces, hide message with verbose=false.
 - try to filter conditionals in compf...
Vertex batch 3 containing 7 components not directly SCT compatible! Pass `showerror=true` to see full stacktraces, hide message with verbose=false.
 - try to filter conditionals in compf...
Vertex batch 4 containing 1 components not directly SCT compatible! Pass `showerror=true` to see full stacktraces, hide message with verbose=false.
 - try to filter conditionals in compf...
Vertex batch 5 containing 1 components not directly SCT compatible! Pass `showerror=true` to see full stacktraces, hide message with verbose=false.
 - try to filter conditionals in compf...
 - WARN: Init failed with code InternalLinearSolveFailed but residual is within tol 6.8e-13 < 1.0e-10, continue...
Vertex batch 3 containing 7 components not directly SCT compatible! Pass `showerror=true` to see full stacktraces, hide message with verbose=false.
 - try to filter conditionals in compf...
Vertex batch 4 containing 1 components not directly SCT compatible! Pass `showerror=true` to see full stacktraces, hide message with verbose=false.
 - try to filter conditionals in compf...
Vertex batch 5 containing 1 components not directly SCT compatible! Pass `showerror=true` to see full stacktraces, hide message with verbose=false.
 - try to filter conditionals in compf...
Vertex batch 3 containing 7 components not directly SCT compatible! Pass `showerror=true` to see full stacktraces, hide message with verbose=false.
 - try to filter conditionals in compf...
Vertex batch 4 containing 1 components not directly SCT compatible! Pass `showerror=true` to see full stacktraces, hide message with verbose=false.
 - try to filter conditionals in compf...
Vertex batch 3 containing 7 components not directly SCT compatible! Pass `showerror=true` to see full stacktraces, hide message with verbose=false.
 - try to filter conditionals in compf...
Vertex batch 4 containing 1 components not directly SCT compatible! Pass `showerror=true` to see full stacktraces, hide message with verbose=false.
 - try to filter conditionals in compf...
VALIDATION_STATUS:
PASS
VALIDATION_REASON:
all frozen endpoints match a fresh PowerDynamics linearization; post-freeze rho/PLL grid evaluated
POWERDYNAMICS_IMPORTED:
YES
POWERDYNAMICS_CALLS:
121
