   m   root_re    root_im      f_hz  pll_participation                  lam_target  norm_q_over_null    norm_y
0  1  0.968785  29.211837  4.649208           0.981053  (-0.3+29.211837381260196j)               1.0  1.025326
1  2  0.928605  29.410267  4.680789           0.989906  (-0.3+29.410267019818818j)               1.0  1.031175
2  3  0.677039  29.610202  4.712610           0.988185   (-0.3+29.61020226109099j)               1.0  1.029499
3  4  0.253567  28.691135  4.566336           0.989273  (-0.3+28.691134912542946j)               1.0  0.979643
4  5 -0.017812  29.138045  4.637464           0.975622  (-0.3+29.138044554947783j)               1.0  0.986752
    graph  m  n_min  eps_at_max_n  largest_finite_n
0  frozen  1    0.0  7.034521e-16                 3
1  frozen  2    1.0  8.479564e-16                 3
2  frozen  3    1.0  8.714415e-16                 3
3  frozen  4    2.0  7.371820e-16                 3
4  frozen  5    NaN  4.816024e-04                 3
5  bridge  1    0.0  7.361994e-16                 4
6  bridge  2    1.0  6.984842e-16                 4
7  bridge  3    1.0  1.934931e-15                 4
8  bridge  4    2.0  1.081539e-15                 4
9  bridge  5    2.0  2.855809e-15                 4
     graph  m  n           eps  min_rank  n_unk_min  n_eq_per_site
0   frozen  1  0  5.972829e-16         2          2              2
1   frozen  1  1  4.501213e-16         2          6              2
2   frozen  1  2  7.034521e-16         2          8              2
3   frozen  1  3  7.034521e-16         2          8              2
4   frozen  2  0  3.774177e-03         2          2              4
5   frozen  2  1  1.079155e-15         4          6              4
6   frozen  2  2  1.540526e-15         4          8              4
7   frozen  2  3  8.479564e-16         4          8              4
8   frozen  3  0  5.526738e-03         2          2              6
9   frozen  3  1  8.714415e-16         6          6              6
10  frozen  3  2  8.714415e-16         6          8              6
11  frozen  3  3  8.714415e-16         6          8              6
12  frozen  4  0  7.166705e-03         2          2              8
13  frozen  4  1  5.973519e-03         6          6              8
14  frozen  4  2  7.408128e-16         8          8              8
15  frozen  4  3  7.371820e-16         8          8              8
16  frozen  5  0  2.111512e-02         2          2             10
17  frozen  5  1  8.146349e-03         6          6             10
18  frozen  5  2  1.029336e-03         8          8             10
19  frozen  5  3  4.816024e-04         8          8             10
20  bridge  1  0  5.972829e-16         2          2              2
21  bridge  1  1  5.537951e-16         2          6              2
22  bridge  1  2  7.816546e-16         2         10              2
23  bridge  1  3  7.361994e-16         2         14              2
24  bridge  1  4  7.361994e-16         2         20              2
25  bridge  2  0  3.774177e-03         2          2              4
26  bridge  2  1  9.584188e-16         4          6              4
27  bridge  2  2  2.409462e-15         4         10              4
28  bridge  2  3  1.097294e-15         4         14              4
29  bridge  2  4  6.984842e-16         4         20              4
30  bridge  3  0  5.526738e-03         2          2              6
31  bridge  3  1  1.299830e-15         6          6              6
32  bridge  3  2  1.261972e-15         6         10              6
33  bridge  3  3  1.934931e-15         6         14              6
34  bridge  3  4  1.934931e-15         6         20              6
35  bridge  4  0  7.166705e-03         2          2              8
36  bridge  4  1  5.973519e-03         6          6              8
37  bridge  4  2  1.250271e-15         8         10              8
38  bridge  4  3  1.081539e-15         8         14              8
39  bridge  4  4  1.081539e-15         8         20              8
40  bridge  5  0  2.111512e-02         2          2             10
41  bridge  5  1  8.146349e-03         6          6             10
42  bridge  5  2  5.412600e-15        10         10             10
43  bridge  5  3  2.855809e-15        10         14             10
44  bridge  5  4  2.855809e-15        10         20             10
arch              a_free  b_shared_poly  c_nodevarying_poly
graph  m n                                                 
bridge 1 0  5.972829e-16       0.015855        5.972829e-16
         1  5.537951e-16       0.017156        7.391299e-16
         2  7.816546e-16       0.006118        6.093498e-16
         3  7.361994e-16       0.007339        6.922439e-16
         4  7.361994e-16       0.006689        7.186838e-16
       2 0  3.774177e-03       0.009087        3.774177e-03
         1  9.584188e-16       0.011912        1.605859e-15
         2  2.409462e-15       0.024143        1.064876e-15
         3  1.097294e-15       0.018434        8.629047e-16
         4  6.984842e-16       0.018155        1.289785e-15
       3 0  5.526738e-03       0.012171        5.526738e-03
         1  1.299830e-15       0.017342        5.068894e-03
         2  1.261972e-15       0.047246        1.250599e-15
         3  1.934931e-15       0.053041        2.991945e-15
         4  1.934931e-15       0.072881        1.227984e-15
       4 0  7.166705e-03       0.024731        7.166705e-03
         1  5.973519e-03       0.025269        6.367466e-03
         2  1.250271e-15       0.025351        5.298462e-03
         3  1.081539e-15       0.025118        2.567376e-15
         4  1.081539e-15       0.031732        1.835557e-15
       5 0  2.111512e-02       0.030377        2.111512e-02
         1  8.146349e-03       0.033958        1.606720e-02
         2  5.412600e-15       0.030690        1.341428e-02
         3  2.855809e-15       0.030093        1.272387e-02
         4  2.855809e-15       0.032628        1.090840e-14
frozen 1 0  5.972829e-16       0.015855        5.972829e-16
         1  4.501213e-16       0.017107        9.287427e-16
         2  7.034521e-16       0.017551        6.922439e-16
         3  7.034521e-16       0.019049        6.947657e-16
       2 0  3.774177e-03       0.009087        3.774177e-03
         1  1.079155e-15       0.009979        1.605859e-15
         2  1.540526e-15       0.016204        1.132924e-15
         3  8.479564e-16       0.020427        1.585570e-15
       3 0  5.526738e-03       0.012171        5.526738e-03
         1  8.714415e-16       0.024946        5.068894e-03
         2  8.714415e-16       0.070529        3.577374e-03
         3  8.714415e-16       0.059008        3.577374e-03
       4 0  7.166705e-03       0.024731        7.166705e-03
         1  5.973519e-03       0.027401        6.367466e-03
         2  7.408128e-16       0.034599        5.947376e-03
         3  7.371820e-16       0.035235        3.874942e-03
       5 0  2.111512e-02       0.030377        2.111512e-02
         1  8.146349e-03       0.032240        1.606720e-02
         2  1.029336e-03       0.029717        1.341428e-02
         3  4.816024e-04       0.029743        5.221062e-03
