[bridge_n4_tau48_rho875] it 0: worst +2.3311 @ 4.408 Hz, beyond 8, radius 0.1000
[bridge_n4_tau52_rho875] it 0: worst +3.3943 @ 4.187 Hz, beyond 9, radius 0.1000
[bridge_n4_tau44_rho875] it 0: worst +0.9688 @ 4.649 Hz, beyond 5, radius 0.1000
[bridge_n4_tau44_rho900] it 0: worst +0.9620 @ 4.646 Hz, beyond 4, radius 0.1000
[bridge_n4_tau44_rho925] it 0: worst +0.9537 @ 4.642 Hz, beyond 4, radius 0.1000
[frozen_n3_tau48_rho875] it 0: worst +2.3311 @ 4.408 Hz, beyond 8, radius 0.1000
[frozen_n3_tau44_rho875] it 0: worst +0.9688 @ 4.649 Hz, beyond 5, radius 0.1000
[bridge_n4_tau44_rho950] it 0: worst +0.9437 @ 4.638 Hz, beyond 4, radius 0.1000
[frozen_n3_tau44_rho900] it 0: worst +0.9620 @ 4.646 Hz, beyond 4, radius 0.1000
[frozen_n3_tau52_rho875] it 0: worst +3.3943 @ 4.187 Hz, beyond 9, radius 0.1000
[frozen_n3_tau44_rho925] it 0: worst +0.9537 @ 4.642 Hz, beyond 4, radius 0.1000
[frozen_n3_tau44_rho950] it 0: worst +0.9437 @ 4.638 Hz, beyond 4, radius 0.1000
[frozen_n3_tau44_rho900] it 1: worst +0.1145 @ 4.448 Hz, beyond 1, radius 0.1000
[bridge_n4_tau48_rho875] it 1: worst +0.7668 @ 3.934 Hz, beyond 4, radius 0.1000
[bridge_n4_tau44_rho925] it 1: worst +0.0996 @ 4.443 Hz, beyond 1, radius 0.1000
[bridge_n4_tau44_rho900] it 1: worst +0.0952 @ 4.444 Hz, beyond 1, radius 0.1000
[bridge_n4_tau44_rho950] it 1: worst +0.1016 @ 4.441 Hz, beyond 1, radius 0.1000
[bridge_n4_tau44_rho875] it 1: worst +0.0899 @ 4.446 Hz, beyond 2, radius 0.1000
[frozen_n3_tau44_rho925] it 1: worst +0.1188 @ 4.446 Hz, beyond 1, radius 0.1000
[frozen_n3_tau44_rho875] it 1: worst +0.1083 @ 4.450 Hz, beyond 1, radius 0.1000
[frozen_n3_tau48_rho875] it 1: worst +1.9574 @ 4.591 Hz, beyond 5, radius 0.1000
[frozen_n3_tau44_rho950] it 1: worst +0.1201 @ 4.444 Hz, beyond 1, radius 0.1000
[bridge_n4_tau44_rho925] it 2: worst -0.0189 @ 4.426 Hz, beyond 1, radius 0.1000
[frozen_n3_tau44_rho900] it 2: worst -0.0175 @ 4.440 Hz, beyond 1, radius 0.1000
[bridge_n4_tau44_rho950] it 2: worst -0.0218 @ 4.423 Hz, beyond 1, radius 0.1000
[frozen_n3_tau44_rho950] it 2: worst -0.0463 @ 4.435 Hz, beyond 1, radius 0.1000
[bridge_n4_tau44_rho900] it 2: worst -0.0220 @ 4.428 Hz, beyond 1, radius 0.1000
[frozen_n3_tau44_rho925] it 2: worst -0.0290 @ 4.437 Hz, beyond 1, radius 0.1000
[frozen_n3_tau48_rho875] it 2: worst +1.9574 @ 4.591 Hz, beyond 5, radius 0.0500
[frozen_n3_tau52_rho875] it 1: worst +3.2024 @ 4.287 Hz, beyond 7, radius 0.1000
[bridge_n4_tau44_rho875] it 2: worst -0.0283 @ 4.430 Hz, beyond 1, radius 0.1000
[bridge_n4_tau48_rho875] it 2: worst +0.6890 @ 4.147 Hz, beyond 2, radius 0.1000
[frozen_n3_tau44_rho875] it 2: worst -0.0087 @ 4.442 Hz, beyond 1, radius 0.1000
[bridge_n4_tau44_rho925] it 3: worst -0.0507 @ 4.423 Hz, beyond 0, radius 0.1000
[frozen_n3_tau44_rho925] it 3: worst -0.0530 @ 4.646 Hz, beyond 0, radius 0.1000
[bridge_n4_tau44_rho950] it 3: worst -0.0518 @ 4.421 Hz, beyond 0, radius 0.1000
[frozen_n3_tau44_rho950] it 3: worst -0.0530 @ 4.653 Hz, beyond 0, radius 0.1000
[frozen_n3_tau44_rho900] it 3: worst -0.0527 @ 4.494 Hz, beyond 0, radius 0.1000
[bridge_n4_tau44_rho900] it 3: worst -0.0505 @ 4.425 Hz, beyond 0, radius 0.1000
[frozen_n3_tau52_rho875] it 2: worst +3.2024 @ 4.287 Hz, beyond 7, radius 0.0500
[frozen_n3_tau48_rho875] it 3: worst +1.9574 @ 4.591 Hz, beyond 5, radius 0.0250
[frozen_n3_tau44_rho875] it 3: worst -0.0514 @ 4.436 Hz, beyond 0, radius 0.1000
[bridge_n4_tau44_rho875] it 3: worst -0.0509 @ 4.427 Hz, beyond 0, radius 0.1000
[bridge_n4_tau48_rho875] it 3: worst +0.3803 @ 3.960 Hz, beyond 1, radius 0.1000
[frozen_n3_tau48_rho875] it 4: worst +1.5827 @ 4.185 Hz, beyond 5, radius 0.0250
[frozen_n3_tau52_rho875] it 3: worst +3.2024 @ 4.287 Hz, beyond 7, radius 0.0250
[bridge_n4_tau48_rho875] it 4: worst -0.0318 @ 3.973 Hz, beyond 2, radius 0.1000
[frozen_n3_tau48_rho875] it 5: worst +0.6871 @ 4.505 Hz, beyond 6, radius 0.0250
[frozen_n3_tau52_rho875] it 4: worst +3.0393 @ 3.897 Hz, beyond 6, radius 0.0250
[bridge_n4_tau48_rho875] it 5: worst -0.0518 @ 3.972 Hz, beyond 0, radius 0.1000
[bridge_n4_tau52_rho875] it 1: worst +2.2295 @ 3.883 Hz, beyond 7, radius 0.1000
[frozen_n3_tau48_rho875] it 6: worst +0.6871 @ 4.505 Hz, beyond 6, radius 0.0125
[frozen_n3_tau52_rho875] it 5: worst +2.0842 @ 4.307 Hz, beyond 7, radius 0.0250
[bridge_n4_tau52_rho875] it 2: worst +2.2295 @ 3.883 Hz, beyond 7, radius 0.0500
[frozen_n3_tau48_rho875] it 7: worst +0.5885 @ 4.174 Hz, beyond 1, radius 0.0125
[frozen_n3_tau52_rho875] it 6: worst +1.5393 @ 4.148 Hz, beyond 7, radius 0.0250
[bridge_n4_tau52_rho875] it 3: worst +2.2295 @ 3.883 Hz, beyond 7, radius 0.0250
[frozen_n3_tau48_rho875] it 8: worst +0.0560 @ 3.957 Hz, beyond 3, radius 0.0125
[frozen_n3_tau48_rho875] it 9: worst -0.0416 @ 3.950 Hz, beyond 1, radius 0.0125
[frozen_n3_tau52_rho875] it 7: worst +1.5393 @ 4.148 Hz, beyond 7, radius 0.0125
[frozen_n3_tau48_rho875] it 10: worst -0.0529 @ 3.950 Hz, beyond 0, radius 0.0125
[frozen_n3_tau52_rho875] it 8: worst +1.3758 @ 3.883 Hz, beyond 8, radius 0.0125
[frozen_n3_tau52_rho875] it 9: worst +1.0149 @ 3.542 Hz, beyond 5, radius 0.0125
[frozen_n3_tau52_rho875] it 10: worst +0.8910 @ 3.974 Hz, beyond 5, radius 0.0125
[frozen_n3_tau52_rho875] it 11: worst +0.8347 @ 3.854 Hz, beyond 3, radius 0.0125
[frozen_n3_tau52_rho875] it 12: worst +0.8347 @ 3.854 Hz, beyond 3, radius 0.0063
[frozen_n3_tau52_rho875] it 13: worst +0.6005 @ 4.074 Hz, beyond 3, radius 0.0063
[bridge_n4_tau52_rho875] it 4: worst +2.1966 @ 3.967 Hz, beyond 5, radius 0.0250
[frozen_n3_tau52_rho875] it 14: worst +0.3743 @ 3.841 Hz, beyond 3, radius 0.0063
[bridge_n4_tau52_rho875] it 5: worst +1.8569 @ 3.873 Hz, beyond 4, radius 0.0250
[frozen_n3_tau52_rho875] it 15: worst +0.1470 @ 3.623 Hz, beyond 4, radius 0.0063
[bridge_n4_tau52_rho875] it 6: worst +1.8569 @ 3.873 Hz, beyond 4, radius 0.0125
[frozen_n3_tau52_rho875] it 16: worst +0.0325 @ 3.683 Hz, beyond 3, radius 0.0063
[bridge_n4_tau52_rho875] it 7: worst +1.8569 @ 3.873 Hz, beyond 4, radius 0.0063
[frozen_n3_tau52_rho875] it 17: worst -0.0415 @ 3.616 Hz, beyond 2, radius 0.0063
[bridge_n4_tau52_rho875] it 8: worst +1.7690 @ 4.047 Hz, beyond 4, radius 0.0063
[frozen_n3_tau52_rho875] it 18: worst -0.0529 @ 3.616 Hz, beyond 0, radius 0.0063
[bridge_n4_tau52_rho875] it 9: worst +0.8970 @ 3.556 Hz, beyond 7, radius 0.0063
[bridge_n4_tau52_rho875] it 10: worst +0.8020 @ 3.919 Hz, beyond 5, radius 0.0063
[bridge_n4_tau52_rho875] it 11: worst +0.8020 @ 3.919 Hz, beyond 5, radius 0.0031
[bridge_n4_tau52_rho875] it 12: worst +0.8020 @ 3.919 Hz, beyond 5, radius 0.0016
[bridge_n4_tau52_rho875] it 13: worst +0.8020 @ 3.919 Hz, beyond 5, radius 0.0008
FINAL {'n': 4, 'tau_ms': 44.0, 'rho': 0.925, 'n_offdiag_vars': 180, 'N_unstable': 0, 'N_margin': 1, 'success': False, 'iterations': 3, 'worst_catalog_re': -0.050689311334671305, 'worst_catalog_f_hz': 4.422537436725375, 'effort': 0.19197457584134683, 'max_noninteger_winding': 7.498002219108457e-12, 'fd_rel_err': {'diag_logKp0': 2.9076746985679547e-09, 'diag_logKI0': 7.316665125230559e-09, 'offdiag_u0': 9.910254195435172e-08, 'offdiag_v0': 9.904466371899441e-08}, 'runtime_s': 52.8124041557312, 'stop_note': '', 'label': 'bridge_n4_tau44_rho925', 'graph': 'bridge'}
[bridge_n3_tau44_rho875] it 0: worst +0.9688 @ 4.649 Hz, beyond 5, radius 0.1000
FINAL {'n': 3, 'tau_ms': 44.0, 'rho': 0.95, 'n_offdiag_vars': 84, 'N_unstable': 0, 'N_margin': 3, 'success': False, 'iterations': 3, 'worst_catalog_re': -0.053000919814023995, 'worst_catalog_f_hz': 4.652938135758907, 'effort': 0.18980590680102066, 'max_noninteger_winding': 6.399769603149252e-12, 'fd_rel_err': {'diag_logKp0': 8.20918836192879e-09, 'diag_logKI0': 3.543694780766511e-09, 'offdiag_u0': 4.0830142386647824e-08, 'offdiag_v0': 4.067280686209406e-08}, 'runtime_s': 53.405139684677124, 'stop_note': '', 'label': 'frozen_n3_tau44_rho950', 'graph': 'frozen'}
[bridge_n3_tau48_rho875] it 0: worst +2.3311 @ 4.408 Hz, beyond 8, radius 0.1000
[bridge_n3_tau44_rho875] it 1: worst +0.0904 @ 4.446 Hz, beyond 2, radius 0.1000
FINAL {'n': 3, 'tau_ms': 44.0, 'rho': 0.875, 'n_offdiag_vars': 84, 'N_unstable': 0, 'N_margin': 0, 'success': True, 'iterations': 3, 'worst_catalog_re': -0.051421781769313224, 'worst_catalog_f_hz': 4.436231356803451, 'effort': 0.20859231713723203, 'max_noninteger_winding': 1.5325740676530586e-11, 'fd_rel_err': {'diag_logKp0': 6.328828576393186e-09, 'diag_logKI0': 1.8703207844138597e-09, 'offdiag_u0': 4.3095354785899175e-08, 'offdiag_v0': 4.376444668158265e-08}, 'runtime_s': 54.187885999679565, 'stop_note': '', 'label': 'frozen_n3_tau44_rho875', 'graph': 'frozen'}
[bridge_n3_tau52_rho875] it 0: worst +3.3943 @ 4.187 Hz, beyond 9, radius 0.1000
[bridge_n3_tau48_rho875] it 1: worst +0.7820 @ 3.949 Hz, beyond 4, radius 0.1000
[bridge_n3_tau44_rho875] it 2: worst -0.0324 @ 4.429 Hz, beyond 1, radius 0.1000
FINAL {'n': 4, 'tau_ms': 44.0, 'rho': 0.875, 'n_offdiag_vars': 180, 'N_unstable': 0, 'N_margin': 0, 'success': True, 'iterations': 3, 'worst_catalog_re': -0.05085638954319677, 'worst_catalog_f_hz': 4.427386124802497, 'effort': 0.2028341460678056, 'max_noninteger_winding': 1.5705658995557314e-11, 'fd_rel_err': {'diag_logKp0': 6.328828576393186e-09, 'diag_logKI0': 1.8703207844138597e-09, 'offdiag_u0': 4.3095354785899175e-08, 'offdiag_v0': 4.376444668158265e-08}, 'runtime_s': 55.0809051990509, 'stop_note': '', 'label': 'bridge_n4_tau44_rho875', 'graph': 'bridge'}
[bridge_n3_tau44_rho900] it 0: worst +0.9620 @ 4.646 Hz, beyond 4, radius 0.1000
[bridge_n3_tau48_rho875] it 2: worst +0.7410 @ 4.146 Hz, beyond 3, radius 0.1000
[bridge_n3_tau44_rho875] it 3: worst -0.0519 @ 4.427 Hz, beyond 0, radius 0.1000
[bridge_n3_tau44_rho900] it 1: worst +0.0955 @ 4.444 Hz, beyond 2, radius 0.1000
[bridge_n3_tau48_rho875] it 3: worst +0.3703 @ 3.955 Hz, beyond 2, radius 0.1000
[bridge_n3_tau44_rho900] it 2: worst -0.0262 @ 4.427 Hz, beyond 1, radius 0.1000
[bridge_n3_tau48_rho875] it 4: worst -0.0396 @ 3.977 Hz, beyond 1, radius 0.1000
[bridge_n3_tau48_rho875] it 5: worst -0.0524 @ 3.976 Hz, beyond 0, radius 0.1000
[bridge_n3_tau44_rho900] it 3: worst -0.0517 @ 4.425 Hz, beyond 0, radius 0.1000
[bridge_n3_tau52_rho875] it 1: worst +2.6412 @ 4.288 Hz, beyond 6, radius 0.1000
[bridge_n3_tau52_rho875] it 2: worst +2.2073 @ 3.740 Hz, beyond 6, radius 0.1000
[bridge_n3_tau52_rho875] it 3: worst +1.9317 @ 3.903 Hz, beyond 6, radius 0.1000
FINAL {'n': 3, 'tau_ms': 48.0, 'rho': 0.875, 'n_offdiag_vars': 84, 'N_unstable': 0, 'N_margin': 0, 'success': True, 'iterations': 10, 'worst_catalog_re': -0.05294517078785524, 'worst_catalog_f_hz': 3.9501523297415417, 'effort': 1.0248787789952212, 'max_noninteger_winding': 3.662070646726079e-11, 'fd_rel_err': {'diag_logKp0': 7.1078257466689285e-09, 'diag_logKI0': 3.2611200850336574e-09, 'offdiag_u0': 6.804018249656136e-08, 'offdiag_v0': 6.900690872449882e-08}, 'runtime_s': 60.44211173057556, 'stop_note': '', 'label': 'frozen_n3_tau48_rho875', 'graph': 'frozen'}
[bridge_n3_tau52_rho875] it 4: worst +1.2415 @ 3.556 Hz, beyond 3, radius 0.1000
[bridge_n3_tau44_rho925] it 0: worst +0.9537 @ 4.642 Hz, beyond 4, radius 0.1000
[bridge_n3_tau44_rho925] it 1: worst +0.0994 @ 4.442 Hz, beyond 1, radius 0.1000
[bridge_n3_tau52_rho875] it 5: worst +0.6167 @ 3.945 Hz, beyond 4, radius 0.1000
[bridge_n3_tau44_rho925] it 2: worst -0.0232 @ 4.425 Hz, beyond 1, radius 0.1000
[bridge_n3_tau52_rho875] it 6: worst +0.3529 @ 3.986 Hz, beyond 3, radius 0.1000
[bridge_n3_tau44_rho925] it 3: worst -0.0519 @ 4.422 Hz, beyond 0, radius 0.1000
[bridge_n3_tau52_rho875] it 7: worst +0.0658 @ 3.758 Hz, beyond 1, radius 0.1000
[bridge_n3_tau52_rho875] it 8: worst -0.0590 @ 3.374 Hz, beyond 0, radius 0.1000
FINAL {'n': 3, 'tau_ms': 44.0, 'rho': 0.925, 'n_offdiag_vars': 84, 'N_unstable': 0, 'N_margin': 1, 'success': False, 'iterations': 3, 'worst_catalog_re': -0.053017006177035864, 'worst_catalog_f_hz': 4.646471626998864, 'effort': 0.19627698511240674, 'max_noninteger_winding': 1.3859136061000754e-11, 'fd_rel_err': {'diag_logKp0': 2.9076746985679547e-09, 'diag_logKI0': 7.316665125230559e-09, 'offdiag_u0': 9.910254195435172e-08, 'offdiag_v0': 9.904466371899441e-08}, 'runtime_s': 68.08013439178467, 'stop_note': '', 'label': 'frozen_n3_tau44_rho925', 'graph': 'frozen'}
[bridge_n3_tau44_rho950] it 0: worst +0.9437 @ 4.638 Hz, beyond 4, radius 0.1000
FINAL {'n': 4, 'tau_ms': 44.0, 'rho': 0.95, 'n_offdiag_vars': 180, 'N_unstable': 0, 'N_margin': 3, 'success': False, 'iterations': 3, 'worst_catalog_re': -0.05176403646234151, 'worst_catalog_f_hz': 4.420562427379224, 'effort': 0.18622803682460923, 'max_noninteger_winding': 3.475575383049545e-11, 'fd_rel_err': {'diag_logKp0': 8.20918836192879e-09, 'diag_logKI0': 3.543694780766511e-09, 'offdiag_u0': 4.0830142386647824e-08, 'offdiag_v0': 4.067280686209406e-08}, 'runtime_s': 69.19524478912354, 'stop_note': '', 'label': 'bridge_n4_tau44_rho950', 'graph': 'bridge'}
[bridge_n3_tau44_rho950] it 1: worst +0.1010 @ 4.441 Hz, beyond 1, radius 0.1000
FINAL {'n': 4, 'tau_ms': 44.0, 'rho': 0.9, 'n_offdiag_vars': 180, 'N_unstable': 0, 'N_margin': 0, 'success': True, 'iterations': 3, 'worst_catalog_re': -0.05052397044734391, 'worst_catalog_f_hz': 4.424920565595898, 'effort': 0.1974881442669994, 'max_noninteger_winding': 4.9900084064802286e-12, 'fd_rel_err': {'diag_logKp0': 6.94224727870812e-09, 'diag_logKI0': 1.7479399643063706e-09, 'offdiag_u0': 5.622635652826846e-08, 'offdiag_v0': 5.5758230535385137e-08}, 'runtime_s': 69.38455367088318, 'stop_note': '', 'label': 'bridge_n4_tau44_rho900', 'graph': 'bridge'}
[frozen_n2_tau44_rho875] it 0: worst +0.9688 @ 4.649 Hz, beyond 5, radius 0.1000
[frozen_n2_tau48_rho875] it 0: worst +2.3311 @ 4.408 Hz, beyond 8, radius 0.1000
[bridge_n3_tau44_rho950] it 2: worst -0.0234 @ 4.423 Hz, beyond 1, radius 0.1000
[frozen_n2_tau44_rho875] it 1: worst +0.1075 @ 4.450 Hz, beyond 1, radius 0.1000
[frozen_n2_tau48_rho875] it 1: worst +2.0002 @ 4.607 Hz, beyond 5, radius 0.1000
[bridge_n3_tau44_rho950] it 3: worst -0.0524 @ 4.421 Hz, beyond 0, radius 0.1000
[frozen_n2_tau44_rho875] it 2: worst -0.0092 @ 4.442 Hz, beyond 1, radius 0.1000
[frozen_n2_tau48_rho875] it 2: worst +2.0002 @ 4.607 Hz, beyond 5, radius 0.0500
[frozen_n2_tau44_rho875] it 3: worst -0.0515 @ 4.437 Hz, beyond 0, radius 0.1000
FINAL {'n': 4, 'tau_ms': 48.0, 'rho': 0.875, 'n_offdiag_vars': 180, 'N_unstable': 0, 'N_margin': 0, 'success': True, 'iterations': 5, 'worst_catalog_re': -0.05180413798870864, 'worst_catalog_f_hz': 3.9723465118148273, 'effort': 0.9004958177241537, 'max_noninteger_winding': 6.66015020911459e-11, 'fd_rel_err': {'diag_logKp0': 7.1078257466689285e-09, 'diag_logKI0': 3.2611200850336574e-09, 'offdiag_u0': 6.804018249656136e-08, 'offdiag_v0': 6.900690872449882e-08}, 'runtime_s': 71.9739191532135, 'stop_note': '', 'label': 'bridge_n4_tau48_rho875', 'graph': 'bridge'}
FINAL {'n': 4, 'tau_ms': 52.0, 'rho': 0.875, 'n_offdiag_vars': 180, 'N_unstable': 10, 'N_margin': 10, 'success': False, 'iterations': 13, 'worst_catalog_re': 0.8019690091749978, 'worst_catalog_f_hz': 3.9187058062148945, 'effort': 2.1790069668055008, 'max_noninteger_winding': 4.728195612813124e-11, 'fd_rel_err': {'diag_logKp0': 2.794580171632322e-09, 'diag_logKI0': 8.677067596284085e-09, 'offdiag_u0': 1.7445247966170908e-08, 'offdiag_v0': 1.7474888525801238e-08}, 'runtime_s': 72.00513863563538, 'stop_note': '', 'label': 'bridge_n4_tau52_rho875', 'graph': 'bridge'}
[frozen_n2_tau48_rho875] it 3: worst +1.9142 @ 4.042 Hz, beyond 3, radius 0.0500
[frozen_n2_tau52_rho875] it 0: worst +3.3943 @ 4.187 Hz, beyond 9, radius 0.1000
[frozen_n2_tau44_rho900] it 0: worst +0.9620 @ 4.646 Hz, beyond 4, radius 0.1000
[frozen_n2_tau48_rho875] it 4: worst +0.4339 @ 4.400 Hz, beyond 2, radius 0.0500
[frozen_n2_tau44_rho900] it 1: worst +0.1137 @ 4.448 Hz, beyond 1, radius 0.1000
[frozen_n2_tau52_rho875] it 1: worst +3.3943 @ 4.187 Hz, beyond 9, radius 0.0500
[frozen_n2_tau48_rho875] it 5: worst +0.2058 @ 4.219 Hz, beyond 1, radius 0.0500
[frozen_n2_tau44_rho900] it 2: worst -0.0184 @ 4.440 Hz, beyond 1, radius 0.1000
[frozen_n2_tau48_rho875] it 6: worst -0.0551 @ 3.953 Hz, beyond 0, radius 0.0500
[frozen_n2_tau44_rho900] it 3: worst -0.0526 @ 4.494 Hz, beyond 0, radius 0.1000
[frozen_n2_tau52_rho875] it 2: worst +2.9234 @ 4.166 Hz, beyond 8, radius 0.0500
[frozen_n2_tau52_rho875] it 3: worst +2.9234 @ 4.166 Hz, beyond 8, radius 0.0250
[frozen_n2_tau52_rho875] it 4: worst +2.4993 @ 3.866 Hz, beyond 8, radius 0.0250
[frozen_n2_tau52_rho875] it 5: worst +1.9323 @ 4.021 Hz, beyond 8, radius 0.0250
FINAL {'n': 3, 'tau_ms': 44.0, 'rho': 0.9, 'n_offdiag_vars': 84, 'N_unstable': 0, 'N_margin': 0, 'success': True, 'iterations': 3, 'worst_catalog_re': -0.052662137324797964, 'worst_catalog_f_hz': 4.494402079620688, 'effort': 0.20237641696623976, 'max_noninteger_winding': 5.919709167301335e-12, 'fd_rel_err': {'diag_logKp0': 6.94224727870812e-09, 'diag_logKI0': 1.7479399643063706e-09, 'offdiag_u0': 5.622635652826846e-08, 'offdiag_v0': 5.5758230535385137e-08}, 'runtime_s': 79.42654347419739, 'stop_note': '', 'label': 'frozen_n3_tau44_rho900', 'graph': 'frozen'}
[frozen_n2_tau52_rho875] it 6: worst +1.9323 @ 4.021 Hz, beyond 8, radius 0.0125
[frozen_n2_tau44_rho925] it 0: worst +0.9537 @ 4.642 Hz, beyond 4, radius 0.1000
[frozen_n2_tau52_rho875] it 7: worst +1.5327 @ 4.070 Hz, beyond 8, radius 0.0125
[frozen_n2_tau44_rho925] it 1: worst +0.1182 @ 4.446 Hz, beyond 1, radius 0.1000
[frozen_n2_tau52_rho875] it 8: worst +1.5327 @ 4.070 Hz, beyond 8, radius 0.0063
[frozen_n2_tau44_rho925] it 2: worst -0.0303 @ 4.437 Hz, beyond 1, radius 0.1000
[frozen_n2_tau44_rho925] it 3: worst -0.0530 @ 4.646 Hz, beyond 0, radius 0.1000
[frozen_n2_tau52_rho875] it 9: worst +1.5157 @ 3.901 Hz, beyond 9, radius 0.0063
[frozen_n2_tau52_rho875] it 10: worst +1.3660 @ 3.727 Hz, beyond 9, radius 0.0063
[frozen_n2_tau52_rho875] it 11: worst +1.2379 @ 3.851 Hz, beyond 9, radius 0.0063
FINAL {'n': 3, 'tau_ms': 52.0, 'rho': 0.875, 'n_offdiag_vars': 84, 'N_unstable': 0, 'N_margin': 0, 'success': True, 'iterations': 18, 'worst_catalog_re': -0.052891903797493534, 'worst_catalog_f_hz': 3.615895434711394, 'effort': 1.6675430636893203, 'max_noninteger_winding': 2.283817579495917e-11, 'fd_rel_err': {'diag_logKp0': 2.794580171632322e-09, 'diag_logKI0': 8.677067596284085e-09, 'offdiag_u0': 1.7445247966170908e-08, 'offdiag_v0': 1.7474888525801238e-08}, 'runtime_s': 83.89595317840576, 'stop_note': '', 'label': 'frozen_n3_tau52_rho875', 'graph': 'frozen'}
[frozen_n2_tau44_rho950] it 0: worst +0.9437 @ 4.638 Hz, beyond 4, radius 0.1000
[frozen_n2_tau52_rho875] it 12: worst +1.2073 @ 3.791 Hz, beyond 9, radius 0.0063
[frozen_n2_tau44_rho950] it 1: worst +0.1197 @ 4.444 Hz, beyond 1, radius 0.1000
[frozen_n2_tau52_rho875] it 13: worst +0.9933 @ 3.790 Hz, beyond 9, radius 0.0063
[frozen_n2_tau44_rho950] it 2: worst -0.0479 @ 4.435 Hz, beyond 1, radius 0.1000
[frozen_n2_tau52_rho875] it 14: worst +0.9933 @ 3.790 Hz, beyond 9, radius 0.0031
[frozen_n2_tau44_rho950] it 3: worst -0.0530 @ 4.653 Hz, beyond 0, radius 0.1000
[frozen_n2_tau52_rho875] it 15: worst +0.9752 @ 3.868 Hz, beyond 9, radius 0.0031
[frozen_n2_tau52_rho875] it 16: worst +0.9374 @ 3.905 Hz, beyond 9, radius 0.0031
[frozen_n2_tau52_rho875] it 17: worst +0.9374 @ 3.905 Hz, beyond 9, radius 0.0016
[frozen_n2_tau52_rho875] it 18: worst +0.7666 @ 4.019 Hz, beyond 9, radius 0.0016
[frozen_n2_tau52_rho875] it 19: worst +0.7066 @ 3.848 Hz, beyond 9, radius 0.0016
[frozen_n2_tau52_rho875] it 20: worst +0.6956 @ 3.739 Hz, beyond 9, radius 0.0016
[frozen_n2_tau52_rho875] it 21: worst +0.6956 @ 3.739 Hz, beyond 9, radius 0.0008
FINAL {'n': 2, 'tau_ms': 44.0, 'rho': 0.875, 'n_offdiag_vars': 76, 'N_unstable': 0, 'N_margin': 0, 'success': True, 'iterations': 3, 'worst_catalog_re': -0.05147271250907548, 'worst_catalog_f_hz': 4.436569739492635, 'effort': 0.20843537134664142, 'max_noninteger_winding': 3.3889557826682903e-12, 'fd_rel_err': {'diag_logKp0': 6.328828576393186e-09, 'diag_logKI0': 1.8703207844138597e-09, 'offdiag_u0': 4.3095354785899175e-08, 'offdiag_v0': 4.376444668158265e-08}, 'runtime_s': 56.81444001197815, 'stop_note': '', 'label': 'frozen_n2_tau44_rho875', 'graph': 'frozen'}
FINAL {'n': 3, 'tau_ms': 44.0, 'rho': 0.875, 'n_offdiag_vars': 156, 'N_unstable': 0, 'N_margin': 0, 'success': True, 'iterations': 3, 'worst_catalog_re': -0.051856802501268895, 'worst_catalog_f_hz': 4.427362121388178, 'effort': 0.2029829700064631, 'max_noninteger_winding': 2.0727086713634435e-11, 'fd_rel_err': {'diag_logKp0': 6.328828576393186e-09, 'diag_logKI0': 1.8703207844138597e-09, 'offdiag_u0': 4.3095354785899175e-08, 'offdiag_v0': 4.376444668158265e-08}, 'runtime_s': 73.5148184299469, 'stop_note': '', 'label': 'bridge_n3_tau44_rho875', 'graph': 'bridge'}
[bridge_n2_tau44_rho875] it 0: worst +0.9688 @ 4.649 Hz, beyond 5, radius 0.1000
FINAL {'n': 3, 'tau_ms': 44.0, 'rho': 0.95, 'n_offdiag_vars': 156, 'N_unstable': 0, 'N_margin': 3, 'success': False, 'iterations': 3, 'worst_catalog_re': -0.052445394866725614, 'worst_catalog_f_hz': 4.420511806522842, 'effort': 0.18601703467119934, 'max_noninteger_winding': 1.0222933610748441e-11, 'fd_rel_err': {'diag_logKp0': 8.20918836192879e-09, 'diag_logKI0': 3.543694780766511e-09, 'offdiag_u0': 4.0830142386647824e-08, 'offdiag_v0': 4.067280686209406e-08}, 'runtime_s': 58.51679468154907, 'stop_note': '', 'label': 'bridge_n3_tau44_rho950', 'graph': 'bridge'}
[bridge_n2_tau48_rho875] it 0: worst +2.3311 @ 4.408 Hz, beyond 8, radius 0.1000
[bridge_n2_tau52_rho875] it 0: worst +3.3943 @ 4.187 Hz, beyond 9, radius 0.1000
[bridge_n2_tau44_rho875] it 1: worst +0.0895 @ 4.445 Hz, beyond 2, radius 0.1000
[bridge_n2_tau48_rho875] it 1: worst +1.5085 @ 4.549 Hz, beyond 3, radius 0.1000
[bridge_n2_tau52_rho875] it 1: worst +3.3499 @ 4.404 Hz, beyond 8, radius 0.1000
[bridge_n2_tau44_rho875] it 2: worst -0.0214 @ 4.428 Hz, beyond 1, radius 0.1000
[bridge_n2_tau48_rho875] it 2: worst +1.3233 @ 4.153 Hz, beyond 4, radius 0.1000
FINAL {'n': 3, 'tau_ms': 44.0, 'rho': 0.9, 'n_offdiag_vars': 156, 'N_unstable': 0, 'N_margin': 0, 'success': True, 'iterations': 3, 'worst_catalog_re': -0.0516732048957631, 'worst_catalog_f_hz': 4.42483383498615, 'effort': 0.1976368602204926, 'max_noninteger_winding': 7.23687776371662e-12, 'fd_rel_err': {'diag_logKp0': 6.94224727870812e-09, 'diag_logKI0': 1.7479399643063706e-09, 'offdiag_u0': 5.622635652826846e-08, 'offdiag_v0': 5.5758230535385137e-08}, 'runtime_s': 74.1602373123169, 'stop_note': '', 'label': 'bridge_n3_tau44_rho900', 'graph': 'bridge'}
[bridge_n2_tau52_rho875] it 2: worst +2.3111 @ 3.513 Hz, beyond 4, radius 0.1000
[bridge_n2_tau44_rho875] it 3: worst -0.0512 @ 4.424 Hz, beyond 0, radius 0.1000
[bridge_n2_tau44_rho900] it 0: worst +0.9620 @ 4.646 Hz, beyond 4, radius 0.1000
[bridge_n2_tau48_rho875] it 3: worst +0.2311 @ 3.819 Hz, beyond 1, radius 0.1000
[bridge_n2_tau52_rho875] it 3: worst +1.4812 @ 3.938 Hz, beyond 3, radius 0.1000
[bridge_n2_tau44_rho900] it 1: worst +0.0956 @ 4.443 Hz, beyond 1, radius 0.1000
[bridge_n2_tau48_rho875] it 4: worst -0.0469 @ 3.791 Hz, beyond 1, radius 0.1000
[bridge_n2_tau52_rho875] it 4: worst +1.1114 @ 4.117 Hz, beyond 3, radius 0.1000
[bridge_n2_tau44_rho900] it 2: worst -0.0158 @ 4.426 Hz, beyond 1, radius 0.1000
[bridge_n2_tau48_rho875] it 5: worst -0.0530 @ 3.790 Hz, beyond 0, radius 0.1000
[bridge_n2_tau52_rho875] it 5: worst +0.9876 @ 3.766 Hz, beyond 2, radius 0.1000
[bridge_n2_tau44_rho900] it 3: worst -0.0507 @ 4.421 Hz, beyond 0, radius 0.1000
[bridge_n2_tau52_rho875] it 6: worst +0.0776 @ 4.035 Hz, beyond 3, radius 0.1000
[bridge_n2_tau52_rho875] it 7: worst -0.0536 @ 3.347 Hz, beyond 0, radius 0.1000
FINAL {'n': 3, 'tau_ms': 52.0, 'rho': 0.875, 'n_offdiag_vars': 156, 'N_unstable': 0, 'N_margin': 0, 'success': True, 'iterations': 8, 'worst_catalog_re': -0.05897247387090432, 'worst_catalog_f_hz': 3.3737207841771393, 'effort': 2.014539656960639, 'max_noninteger_winding': 2.964239964597937e-11, 'fd_rel_err': {'diag_logKp0': 2.794580171632322e-09, 'diag_logKI0': 8.677067596284085e-09, 'offdiag_u0': 1.7445247966170908e-08, 'offdiag_v0': 1.7474888525801238e-08}, 'runtime_s': 83.16026163101196, 'stop_note': '', 'label': 'bridge_n3_tau52_rho875', 'graph': 'bridge'}
FINAL {'n': 3, 'tau_ms': 48.0, 'rho': 0.875, 'n_offdiag_vars': 156, 'N_unstable': 0, 'N_margin': 0, 'success': True, 'iterations': 5, 'worst_catalog_re': -0.05239443432213209, 'worst_catalog_f_hz': 3.9763568131931133, 'effort': 0.9032930815102127, 'max_noninteger_winding': 2.459943360122452e-11, 'fd_rel_err': {'diag_logKp0': 7.1078257466689285e-09, 'diag_logKI0': 3.2611200850336574e-09, 'offdiag_u0': 6.804018249656136e-08, 'offdiag_v0': 6.900690872449882e-08}, 'runtime_s': 84.32196092605591, 'stop_note': '', 'label': 'bridge_n3_tau48_rho875', 'graph': 'bridge'}
[bridge_n2_tau44_rho925] it 0: worst +0.9537 @ 4.642 Hz, beyond 4, radius 0.1000
FINAL {'n': 2, 'tau_ms': 44.0, 'rho': 0.925, 'n_offdiag_vars': 76, 'N_unstable': 0, 'N_margin': 1, 'success': False, 'iterations': 3, 'worst_catalog_re': -0.05301376592856233, 'worst_catalog_f_hz': 4.646229096588584, 'effort': 0.19621659514737239, 'max_noninteger_winding': 7.574385563202668e-12, 'fd_rel_err': {'diag_logKp0': 2.9076746985679547e-09, 'diag_logKI0': 7.316665125230559e-09, 'offdiag_u0': 9.910254195435172e-08, 'offdiag_v0': 9.904466371899441e-08}, 'runtime_s': 58.388896465301514, 'stop_note': '', 'label': 'frozen_n2_tau44_rho925', 'graph': 'frozen'}
[frozen_n1_tau48_rho875] it 0: worst +2.3311 @ 4.408 Hz, beyond 8, radius 0.1000
[bridge_n2_tau44_rho950] it 0: worst +0.9437 @ 4.638 Hz, beyond 4, radius 0.1000
[bridge_n2_tau44_rho925] it 1: worst +0.1006 @ 4.442 Hz, beyond 1, radius 0.1000
[frozen_n1_tau48_rho875] it 1: worst +2.3311 @ 4.408 Hz, beyond 8, radius 0.0500
[bridge_n2_tau44_rho950] it 1: worst +0.1036 @ 4.440 Hz, beyond 1, radius 0.1000
[bridge_n2_tau44_rho925] it 2: worst -0.0141 @ 4.424 Hz, beyond 1, radius 0.1000
[bridge_n2_tau44_rho950] it 2: worst -0.0184 @ 4.422 Hz, beyond 1, radius 0.1000
[bridge_n2_tau44_rho925] it 3: worst -0.0509 @ 4.419 Hz, beyond 0, radius 0.1000
[frozen_n1_tau48_rho875] it 2: worst +2.1956 @ 4.275 Hz, beyond 7, radius 0.0500
[bridge_n2_tau44_rho950] it 3: worst -0.0519 @ 4.418 Hz, beyond 0, radius 0.1000
[frozen_n1_tau48_rho875] it 3: worst +1.1603 @ 4.330 Hz, beyond 5, radius 0.0500
[frozen_n1_tau48_rho875] it 4: worst +0.7688 @ 4.109 Hz, beyond 2, radius 0.0500
[frozen_n1_tau48_rho875] it 5: worst +0.0792 @ 4.261 Hz, beyond 3, radius 0.0500
FINAL {'n': 2, 'tau_ms': 44.0, 'rho': 0.95, 'n_offdiag_vars': 76, 'N_unstable': 0, 'N_margin': 3, 'success': False, 'iterations': 3, 'worst_catalog_re': -0.05300051789264293, 'worst_catalog_f_hz': 4.652815940932492, 'effort': 0.18980244788578488, 'max_noninteger_winding': 1.6772361277617165e-11, 'fd_rel_err': {'diag_logKp0': 8.20918836192879e-09, 'diag_logKI0': 3.543694780766511e-09, 'offdiag_u0': 4.0830142386647824e-08, 'offdiag_v0': 4.067280686209406e-08}, 'runtime_s': 59.02028155326843, 'stop_note': '', 'label': 'frozen_n2_tau44_rho950', 'graph': 'frozen'}
FINAL {'n': 3, 'tau_ms': 44.0, 'rho': 0.925, 'n_offdiag_vars': 156, 'N_unstable': 0, 'N_margin': 1, 'success': False, 'iterations': 3, 'worst_catalog_re': -0.05192051105840978, 'worst_catalog_f_hz': 4.422458301388354, 'effort': 0.19206647377332553, 'max_noninteger_winding': 2.043121227757183e-11, 'fd_rel_err': {'diag_logKp0': 2.9076746985679547e-09, 'diag_logKI0': 7.316665125230559e-09, 'offdiag_u0': 9.910254195435172e-08, 'offdiag_v0': 9.904466371899441e-08}, 'runtime_s': 82.49649381637573, 'stop_note': '', 'label': 'bridge_n3_tau44_rho925', 'graph': 'bridge'}
[frozen_n1_tau48_rho875] it 6: worst -0.0553 @ 4.049 Hz, beyond 0, radius 0.0500
[frozen_n1_tau52_rho875] it 0: worst +3.3943 @ 4.187 Hz, beyond 9, radius 0.1000
[frozen_n1_tau44_rho900] it 0: worst +0.9620 @ 4.646 Hz, beyond 4, radius 0.1000
[frozen_n1_tau44_rho900] it 1: worst +0.1571 @ 4.449 Hz, beyond 2, radius 0.1000
[frozen_n1_tau52_rho875] it 1: worst +3.3943 @ 4.187 Hz, beyond 9, radius 0.0500
[frozen_n1_tau44_rho900] it 2: worst -0.0265 @ 4.441 Hz, beyond 1, radius 0.1000
[frozen_n1_tau52_rho875] it 2: worst +3.2673 @ 4.066 Hz, beyond 8, radius 0.0500
[frozen_n1_tau44_rho900] it 3: worst -0.0546 @ 4.440 Hz, beyond 0, radius 0.1000
[frozen_n1_tau52_rho875] it 3: worst +2.3032 @ 4.119 Hz, beyond 8, radius 0.0500
[frozen_n1_tau52_rho875] it 4: worst +1.6996 @ 3.958 Hz, beyond 8, radius 0.0500
[frozen_n1_tau52_rho875] it 5: worst +1.6996 @ 3.958 Hz, beyond 8, radius 0.0250
FINAL {'n': 2, 'tau_ms': 52.0, 'rho': 0.875, 'n_offdiag_vars': 76, 'N_unstable': 18, 'N_margin': 18, 'success': False, 'iterations': 21, 'worst_catalog_re': 0.6956167584383834, 'worst_catalog_f_hz': 3.7392955312952374, 'effort': 1.0856427894268406, 'max_noninteger_winding': 3.358390758168639e-11, 'fd_rel_err': {'diag_logKp0': 2.794580171632322e-09, 'diag_logKI0': 8.677067596284085e-09, 'offdiag_u0': 1.7445247966170908e-08, 'offdiag_v0': 1.7474888525801238e-08}, 'runtime_s': 76.12541389465332, 'stop_note': '', 'label': 'frozen_n2_tau52_rho875', 'graph': 'frozen'}
[frozen_n1_tau52_rho875] it 6: worst +1.3522 @ 3.755 Hz, beyond 8, radius 0.0250
[frozen_n1_tau44_rho925] it 0: worst +0.9537 @ 4.642 Hz, beyond 4, radius 0.1000
[frozen_n1_tau52_rho875] it 7: worst +0.8897 @ 3.938 Hz, beyond 7, radius 0.0250
[frozen_n1_tau44_rho925] it 1: worst +0.1681 @ 4.448 Hz, beyond 1, radius 0.1000
[frozen_n1_tau52_rho875] it 8: worst +0.6134 @ 3.733 Hz, beyond 5, radius 0.0250
[frozen_n1_tau44_rho925] it 2: worst -0.0527 @ 4.439 Hz, beyond 0, radius 0.1000
[frozen_n1_tau52_rho875] it 9: worst +0.2851 @ 3.857 Hz, beyond 5, radius 0.0250
[frozen_n1_tau52_rho875] it 10: worst +0.1442 @ 3.697 Hz, beyond 3, radius 0.0250
[frozen_n1_tau52_rho875] it 11: worst +0.0314 @ 3.848 Hz, beyond 2, radius 0.0250
[frozen_n1_tau52_rho875] it 12: worst -0.0517 @ 3.495 Hz, beyond 0, radius 0.0250
FINAL {'n': 2, 'tau_ms': 48.0, 'rho': 0.875, 'n_offdiag_vars': 76, 'N_unstable': 0, 'N_margin': 0, 'success': True, 'iterations': 6, 'worst_catalog_re': -0.05506807359797844, 'worst_catalog_f_hz': 3.953019242141395, 'effort': 0.9978623660201065, 'max_noninteger_winding': 2.9273312865491526e-11, 'fd_rel_err': {'diag_logKp0': 7.1078257466689285e-09, 'diag_logKI0': 3.2611200850336574e-09, 'offdiag_u0': 6.804018249656136e-08, 'offdiag_v0': 6.900690872449882e-08}, 'runtime_s': 86.36777973175049, 'stop_note': '', 'label': 'frozen_n2_tau48_rho875', 'graph': 'frozen'}
[frozen_n1_tau44_rho950] it 0: worst +0.9437 @ 4.638 Hz, beyond 4, radius 0.1000
[frozen_n1_tau44_rho950] it 1: worst +0.1780 @ 4.448 Hz, beyond 1, radius 0.1000
[frozen_n1_tau44_rho950] it 2: worst -0.0555 @ 4.425 Hz, beyond 0, radius 0.1000
FINAL {'n': 2, 'tau_ms': 44.0, 'rho': 0.9, 'n_offdiag_vars': 76, 'N_unstable': 0, 'N_margin': 0, 'success': True, 'iterations': 3, 'worst_catalog_re': -0.05263848584662112, 'worst_catalog_f_hz': 4.49442886602393, 'effort': 0.2022702376999751, 'max_noninteger_winding': 3.651745572597065e-12, 'fd_rel_err': {'diag_logKp0': 6.94224727870812e-09, 'diag_logKI0': 1.7479399643063706e-09, 'offdiag_u0': 5.622635652826846e-08, 'offdiag_v0': 5.5758230535385137e-08}, 'runtime_s': 92.33643364906311, 'stop_note': '', 'label': 'frozen_n2_tau44_rho900', 'graph': 'frozen'}
[bridge_n1_tau44_rho875] it 0: worst +0.9688 @ 4.649 Hz, beyond 5, radius 0.1000
[bridge_n1_tau44_rho875] it 1: worst +0.1368 @ 4.449 Hz, beyond 2, radius 0.1000
[bridge_n1_tau44_rho875] it 2: worst -0.0164 @ 4.445 Hz, beyond 1, radius 0.1000
[bridge_n1_tau44_rho875] it 3: worst -0.0529 @ 4.477 Hz, beyond 0, radius 0.1000
FINAL {'n': 2, 'tau_ms': 48.0, 'rho': 0.875, 'n_offdiag_vars': 104, 'N_unstable': 0, 'N_margin': 0, 'success': True, 'iterations': 5, 'worst_catalog_re': -0.05296740884695694, 'worst_catalog_f_hz': 3.790324107417528, 'effort': 0.9317007199194539, 'max_noninteger_winding': 1.2298606577587634e-11, 'fd_rel_err': {'diag_logKp0': 7.1078257466689285e-09, 'diag_logKI0': 3.2611200850336574e-09, 'offdiag_u0': 6.804018249656136e-08, 'offdiag_v0': 6.900690872449882e-08}, 'runtime_s': 57.18268585205078, 'stop_note': '', 'label': 'bridge_n2_tau48_rho875', 'graph': 'bridge'}
[bridge_n1_tau48_rho875] it 0: worst +2.3311 @ 4.408 Hz, beyond 8, radius 0.1000
[bridge_n1_tau48_rho875] it 1: worst +2.3311 @ 4.408 Hz, beyond 8, radius 0.0500
[bridge_n1_tau48_rho875] it 2: worst +2.2789 @ 4.342 Hz, beyond 7, radius 0.0500
[bridge_n1_tau48_rho875] it 3: worst +1.1413 @ 4.246 Hz, beyond 4, radius 0.0500
[bridge_n1_tau48_rho875] it 4: worst +0.2942 @ 4.132 Hz, beyond 3, radius 0.0500
[bridge_n1_tau48_rho875] it 5: worst +0.1389 @ 3.991 Hz, beyond 3, radius 0.0500
[bridge_n1_tau48_rho875] it 6: worst -0.0482 @ 4.213 Hz, beyond 1, radius 0.0500
[bridge_n1_tau48_rho875] it 7: worst -0.0530 @ 4.212 Hz, beyond 0, radius 0.0500
FINAL {'n': 1, 'tau_ms': 48.0, 'rho': 0.875, 'n_offdiag_vars': 52, 'N_unstable': 0, 'N_margin': 0, 'success': True, 'iterations': 6, 'worst_catalog_re': -0.05525647963039848, 'worst_catalog_f_hz': 4.048836956568667, 'effort': 0.904107894527874, 'max_noninteger_winding': 1.0573097952715216e-11, 'fd_rel_err': {'diag_logKp0': 7.1078257466689285e-09, 'diag_logKI0': 3.2611200850336574e-09, 'offdiag_u0': 7.145162525393784e-09, 'offdiag_v0': 7.116814086466984e-09}, 'runtime_s': 57.47335147857666, 'stop_note': '', 'label': 'frozen_n1_tau48_rho875', 'graph': 'frozen'}
[bridge_n1_tau52_rho875] it 0: worst +3.3943 @ 4.187 Hz, beyond 9, radius 0.1000
FINAL {'n': 1, 'tau_ms': 44.0, 'rho': 0.9, 'n_offdiag_vars': 52, 'N_unstable': 0, 'N_margin': 0, 'success': True, 'iterations': 3, 'worst_catalog_re': -0.05458840769311224, 'worst_catalog_f_hz': 4.43951895102468, 'effort': 0.20375741048596063, 'max_noninteger_winding': 2.1089796575779474e-12, 'fd_rel_err': {'diag_logKp0': 6.94224727870812e-09, 'diag_logKI0': 1.7479399643063706e-09, 'offdiag_u0': 2.7280699697007674e-08, 'offdiag_v0': 2.5539275507789846e-08}, 'runtime_s': 53.462981939315796, 'stop_note': '', 'label': 'frozen_n1_tau44_rho900', 'graph': 'frozen'}
[bridge_n1_tau44_rho900] it 0: worst +0.9620 @ 4.646 Hz, beyond 4, radius 0.1000
[bridge_n1_tau52_rho875] it 1: worst +3.3943 @ 4.187 Hz, beyond 9, radius 0.0500
[bridge_n1_tau44_rho900] it 1: worst +0.1488 @ 4.448 Hz, beyond 2, radius 0.1000
[bridge_n1_tau52_rho875] it 2: worst +3.3351 @ 4.124 Hz, beyond 8, radius 0.0500
[bridge_n1_tau44_rho900] it 2: worst -0.0340 @ 4.443 Hz, beyond 1, radius 0.1000
FINAL {'n': 2, 'tau_ms': 44.0, 'rho': 0.875, 'n_offdiag_vars': 104, 'N_unstable': 0, 'N_margin': 0, 'success': True, 'iterations': 3, 'worst_catalog_re': -0.05120115786017543, 'worst_catalog_f_hz': 4.42420634679191, 'effort': 0.2039904080705352, 'max_noninteger_winding': 1.2260388933794391e-11, 'fd_rel_err': {'diag_logKp0': 6.328828576393186e-09, 'diag_logKI0': 1.8703207844138597e-09, 'offdiag_u0': 4.3095354785899175e-08, 'offdiag_v0': 4.376444668158265e-08}, 'runtime_s': 72.7933418750763, 'stop_note': '', 'label': 'bridge_n2_tau44_rho875', 'graph': 'bridge'}
[bridge_n1_tau52_rho875] it 3: worst +2.2064 @ 4.035 Hz, beyond 8, radius 0.0500
[bridge_n1_tau44_rho900] it 3: worst -0.0539 @ 4.442 Hz, beyond 0, radius 0.1000
[bridge_n1_tau44_rho925] it 0: worst +0.9537 @ 4.642 Hz, beyond 4, radius 0.1000
[bridge_n1_tau52_rho875] it 4: worst +1.9793 @ 4.089 Hz, beyond 7, radius 0.0500
[bridge_n1_tau44_rho925] it 1: worst +0.1607 @ 4.448 Hz, beyond 1, radius 0.1000
[bridge_n1_tau52_rho875] it 5: worst +1.9793 @ 4.089 Hz, beyond 7, radius 0.0250
[bridge_n1_tau44_rho925] it 2: worst -0.0592 @ 4.441 Hz, beyond 0, radius 0.1000
[bridge_n1_tau52_rho875] it 6: worst +1.2529 @ 3.868 Hz, beyond 7, radius 0.0250
[bridge_n1_tau52_rho875] it 7: worst +0.7976 @ 3.540 Hz, beyond 7, radius 0.0250
[bridge_n1_tau52_rho875] it 8: worst +0.4522 @ 3.714 Hz, beyond 6, radius 0.0250
[bridge_n1_tau52_rho875] it 9: worst +0.2780 @ 3.556 Hz, beyond 4, radius 0.0250
[bridge_n1_tau52_rho875] it 10: worst +0.1831 @ 3.800 Hz, beyond 4, radius 0.0250
[bridge_n1_tau52_rho875] it 11: worst +0.0557 @ 3.876 Hz, beyond 3, radius 0.0250
FINAL {'n': 1, 'tau_ms': 52.0, 'rho': 0.875, 'n_offdiag_vars': 52, 'N_unstable': 0, 'N_margin': 0, 'success': True, 'iterations': 12, 'worst_catalog_re': -0.05172474002475047, 'worst_catalog_f_hz': 3.4947388168182294, 'effort': 1.4314669583276354, 'max_noninteger_winding': 7.144285163462882e-12, 'fd_rel_err': {'diag_logKp0': 2.794580171632322e-09, 'diag_logKI0': 8.677067596284085e-09, 'offdiag_u0': 2.8012037665743572e-08, 'offdiag_v0': 2.7691238721515694e-08}, 'runtime_s': 62.24496102333069, 'stop_note': '', 'label': 'frozen_n1_tau52_rho875', 'graph': 'frozen'}
[bridge_n1_tau44_rho950] it 0: worst +0.9437 @ 4.638 Hz, beyond 4, radius 0.1000
[bridge_n1_tau52_rho875] it 12: worst -0.0465 @ 3.656 Hz, beyond 1, radius 0.0250
[bridge_n1_tau44_rho950] it 1: worst +0.1718 @ 4.447 Hz, beyond 1, radius 0.1000
[bridge_n1_tau52_rho875] it 13: worst -0.0530 @ 3.421 Hz, beyond 0, radius 0.0250
[bridge_n1_tau44_rho950] it 2: worst -0.0570 @ 4.660 Hz, beyond 0, radius 0.1000
FINAL {'n': 2, 'tau_ms': 44.0, 'rho': 0.925, 'n_offdiag_vars': 104, 'N_unstable': 0, 'N_margin': 1, 'success': False, 'iterations': 3, 'worst_catalog_re': -0.05085898410375789, 'worst_catalog_f_hz': 4.419125608694914, 'effort': 0.19325353062967165, 'max_noninteger_winding': 1.4067857989630284e-11, 'fd_rel_err': {'diag_logKp0': 2.9076746985679547e-09, 'diag_logKI0': 7.316665125230559e-09, 'offdiag_u0': 9.910254195435172e-08, 'offdiag_v0': 9.904466371899441e-08}, 'runtime_s': 71.0059380531311, 'stop_note': '', 'label': 'bridge_n2_tau44_rho925', 'graph': 'bridge'}
[frozen_n0_tau44_rho875] it 0: worst +0.9688 @ 4.649 Hz, beyond 5, radius 0.1000
FINAL {'n': 2, 'tau_ms': 44.0, 'rho': 0.9, 'n_offdiag_vars': 104, 'N_unstable': 0, 'N_margin': 0, 'success': True, 'iterations': 3, 'worst_catalog_re': -0.05066017964017444, 'worst_catalog_f_hz': 4.42146929632827, 'effort': 0.19870490051187134, 'max_noninteger_winding': 5.880962383741917e-12, 'fd_rel_err': {'diag_logKp0': 6.94224727870812e-09, 'diag_logKI0': 1.7479399643063706e-09, 'offdiag_u0': 5.622635652826846e-08, 'offdiag_v0': 5.5758230535385137e-08}, 'runtime_s': 80.20937609672546, 'stop_note': '', 'label': 'bridge_n2_tau44_rho900', 'graph': 'bridge'}
FINAL {'n': 2, 'tau_ms': 44.0, 'rho': 0.95, 'n_offdiag_vars': 104, 'N_unstable': 0, 'N_margin': 3, 'success': False, 'iterations': 3, 'worst_catalog_re': -0.05193628792325365, 'worst_catalog_f_hz': 4.417553371607591, 'effort': 0.18754633336895454, 'max_noninteger_winding': 1.6467716079660022e-11, 'fd_rel_err': {'diag_logKp0': 8.20918836192879e-09, 'diag_logKI0': 3.543694780766511e-09, 'offdiag_u0': 4.0830142386647824e-08, 'offdiag_v0': 4.067280686209406e-08}, 'runtime_s': 71.68581008911133, 'stop_note': '', 'label': 'bridge_n2_tau44_rho950', 'graph': 'bridge'}
[frozen_n0_tau44_rho875] it 1: worst +0.0018 @ 4.640 Hz, beyond 4, radius 0.1000
[frozen_n0_tau48_rho875] it 0: worst +2.3311 @ 4.408 Hz, beyond 8, radius 0.1000
[frozen_n0_tau52_rho875] it 0: worst +3.3943 @ 4.187 Hz, beyond 9, radius 0.1000
[frozen_n0_tau44_rho875] it 2: worst -0.0529 @ 4.558 Hz, beyond 0, radius 0.1000
FINAL {'n': 2, 'tau_ms': 52.0, 'rho': 0.875, 'n_offdiag_vars': 104, 'N_unstable': 0, 'N_margin': 0, 'success': True, 'iterations': 7, 'worst_catalog_re': -0.05363112455056751, 'worst_catalog_f_hz': 3.347145875810243, 'effort': 1.7982524758093743, 'max_noninteger_winding': 2.60664823059642e-11, 'fd_rel_err': {'diag_logKp0': 2.794580171632322e-09, 'diag_logKI0': 8.677067596284085e-09, 'offdiag_u0': 1.7445247966170908e-08, 'offdiag_v0': 1.7474888525801238e-08}, 'runtime_s': 83.92517113685608, 'stop_note': '', 'label': 'bridge_n2_tau52_rho875', 'graph': 'bridge'}
[frozen_n0_tau48_rho875] it 1: worst +1.2073 @ 4.475 Hz, beyond 7, radius 0.1000
[frozen_n0_tau52_rho875] it 1: worst +2.3643 @ 4.244 Hz, beyond 8, radius 0.1000
[frozen_n0_tau44_rho900] it 0: worst +0.9620 @ 4.646 Hz, beyond 4, radius 0.1000
[frozen_n0_tau48_rho875] it 2: worst +0.1406 @ 4.119 Hz, beyond 5, radius 0.1000
[frozen_n0_tau52_rho875] it 2: worst +1.4020 @ 4.091 Hz, beyond 7, radius 0.1000
[frozen_n0_tau44_rho900] it 1: worst -0.0249 @ 4.422 Hz, beyond 3, radius 0.1000
[frozen_n0_tau48_rho875] it 3: worst -0.0433 @ 4.086 Hz, beyond 1, radius 0.1000
[frozen_n0_tau44_rho900] it 2: worst -0.0529 @ 4.568 Hz, beyond 0, radius 0.1000
[frozen_n0_tau52_rho875] it 3: worst +0.2487 @ 3.471 Hz, beyond 6, radius 0.1000
[frozen_n0_tau48_rho875] it 4: worst -0.0530 @ 4.027 Hz, beyond 0, radius 0.1000
[frozen_n0_tau52_rho875] it 4: worst -0.0410 @ 3.856 Hz, beyond 1, radius 0.1000
[frozen_n0_tau52_rho875] it 5: worst -0.0528 @ 3.855 Hz, beyond 0, radius 0.1000
FINAL {'n': 1, 'tau_ms': 44.0, 'rho': 0.925, 'n_offdiag_vars': 52, 'N_unstable': 0, 'N_margin': 1, 'success': False, 'iterations': 2, 'worst_catalog_re': -0.05273097603612675, 'worst_catalog_f_hz': 4.439223529238923, 'effort': 0.19822043161302688, 'max_noninteger_winding': 6.31228402880879e-12, 'fd_rel_err': {'diag_logKp0': 2.9076746985679547e-09, 'diag_logKI0': 7.316665125230559e-09, 'offdiag_u0': 3.82067374954729e-08, 'offdiag_v0': 3.922361058152923e-08}, 'runtime_s': 70.73039102554321, 'stop_note': '', 'label': 'frozen_n1_tau44_rho925', 'graph': 'frozen'}
[frozen_n0_tau44_rho925] it 0: worst +0.9537 @ 4.642 Hz, beyond 4, radius 0.1000
FINAL {'n': 1, 'tau_ms': 44.0, 'rho': 0.875, 'n_offdiag_vars': 56, 'N_unstable': 0, 'N_margin': 0, 'success': True, 'iterations': 3, 'worst_catalog_re': -0.05293628434534625, 'worst_catalog_f_hz': 4.4766045303704365, 'effort': 0.207819422352978, 'max_noninteger_winding': 9.840350756462612e-12, 'fd_rel_err': {'diag_logKp0': 6.328828576393186e-09, 'diag_logKI0': 1.8703207844138597e-09, 'offdiag_u0': 2.1786195268052145e-09, 'offdiag_v0': 3.245834377705544e-09}, 'runtime_s': 55.6266713142395, 'stop_note': '', 'label': 'bridge_n1_tau44_rho875', 'graph': 'bridge'}
[frozen_n0_tau44_rho925] it 1: worst -0.0284 @ 4.419 Hz, beyond 2, radius 0.1000
[frozen_n0_tau44_rho950] it 0: worst +0.9437 @ 4.638 Hz, beyond 4, radius 0.1000
[frozen_n0_tau44_rho925] it 2: worst -0.0529 @ 4.413 Hz, beyond 0, radius 0.1000
[frozen_n0_tau44_rho950] it 1: worst -0.0317 @ 4.489 Hz, beyond 2, radius 0.1000
[frozen_n0_tau44_rho950] it 2: worst -0.0530 @ 4.412 Hz, beyond 0, radius 0.1000
FINAL {'n': 1, 'tau_ms': 44.0, 'rho': 0.95, 'n_offdiag_vars': 52, 'N_unstable': 0, 'N_margin': 3, 'success': False, 'iterations': 2, 'worst_catalog_re': -0.05551988676328379, 'worst_catalog_f_hz': 4.424847225545116, 'effort': 0.1925589871177178, 'max_noninteger_winding': 2.48236986521988e-11, 'fd_rel_err': {'diag_logKp0': 8.20918836192879e-09, 'diag_logKI0': 3.543694780766511e-09, 'offdiag_u0': 2.6780354667333405e-08, 'offdiag_v0': 2.5473504328136763e-08}, 'runtime_s': 78.19119215011597, 'stop_note': '', 'label': 'frozen_n1_tau44_rho950', 'graph': 'frozen'}
[bridge_n0_tau44_rho875] it 0: worst +0.9688 @ 4.649 Hz, beyond 5, radius 0.1000
[bridge_n0_tau44_rho875] it 1: worst +0.0018 @ 4.640 Hz, beyond 4, radius 0.1000
[bridge_n0_tau44_rho875] it 2: worst -0.0529 @ 4.558 Hz, beyond 0, radius 0.1000
FINAL {'n': 1, 'tau_ms': 48.0, 'rho': 0.875, 'n_offdiag_vars': 56, 'N_unstable': 0, 'N_margin': 0, 'success': True, 'iterations': 7, 'worst_catalog_re': -0.05300867457671332, 'worst_catalog_f_hz': 4.212356027906397, 'effort': 0.8694575262556525, 'max_noninteger_winding': 9.00346464050017e-12, 'fd_rel_err': {'diag_logKp0': 7.1078257466689285e-09, 'diag_logKI0': 3.2611200850336574e-09, 'offdiag_u0': 1.6528724372101134e-08, 'offdiag_v0': 1.577496657213437e-08}, 'runtime_s': 59.427037954330444, 'stop_note': '', 'label': 'bridge_n1_tau48_rho875', 'graph': 'bridge'}
[bridge_n0_tau48_rho875] it 0: worst +2.3311 @ 4.408 Hz, beyond 8, radius 0.1000
[bridge_n0_tau48_rho875] it 1: worst +1.2073 @ 4.475 Hz, beyond 7, radius 0.1000
[bridge_n0_tau48_rho875] it 2: worst +0.1406 @ 4.119 Hz, beyond 5, radius 0.1000
[bridge_n0_tau48_rho875] it 3: worst -0.0433 @ 4.086 Hz, beyond 1, radius 0.1000
[bridge_n0_tau48_rho875] it 4: worst -0.0530 @ 4.027 Hz, beyond 0, radius 0.1000
FINAL {'n': 1, 'tau_ms': 52.0, 'rho': 0.875, 'n_offdiag_vars': 56, 'N_unstable': 0, 'N_margin': 0, 'success': True, 'iterations': 13, 'worst_catalog_re': -0.053000144757970435, 'worst_catalog_f_hz': 3.4211475256103405, 'effort': 1.4546349006579165, 'max_noninteger_winding': 3.0169644560373854e-11, 'fd_rel_err': {'diag_logKp0': 2.794580171632322e-09, 'diag_logKI0': 8.677067596284085e-09, 'offdiag_u0': 4.844175975357748e-08, 'offdiag_v0': 4.734058995288311e-08}, 'runtime_s': 65.21846985816956, 'stop_note': '', 'label': 'bridge_n1_tau52_rho875', 'graph': 'bridge'}
[bridge_n0_tau52_rho875] it 0: worst +3.3943 @ 4.187 Hz, beyond 9, radius 0.1000
FINAL {'n': 1, 'tau_ms': 44.0, 'rho': 0.95, 'n_offdiag_vars': 56, 'N_unstable': 0, 'N_margin': 3, 'success': False, 'iterations': 2, 'worst_catalog_re': -0.057030981542523396, 'worst_catalog_f_hz': 4.660179595857295, 'effort': 0.19230061221511485, 'max_noninteger_winding': 1.8404833213025995e-11, 'fd_rel_err': {'diag_logKp0': 8.20918836192879e-09, 'diag_logKI0': 3.543694780766511e-09, 'offdiag_u0': 1.595567865613187e-08, 'offdiag_v0': 1.5941517063274843e-08}, 'runtime_s': 55.95537304878235, 'stop_note': '', 'label': 'bridge_n1_tau44_rho950', 'graph': 'bridge'}
[bridge_n0_tau44_rho900] it 0: worst +0.9620 @ 4.646 Hz, beyond 4, radius 0.1000
[bridge_n0_tau52_rho875] it 1: worst +2.3643 @ 4.244 Hz, beyond 8, radius 0.1000
[bridge_n0_tau44_rho900] it 1: worst -0.0249 @ 4.422 Hz, beyond 3, radius 0.1000
[bridge_n0_tau52_rho875] it 2: worst +1.4020 @ 4.091 Hz, beyond 7, radius 0.1000
[bridge_n0_tau44_rho900] it 2: worst -0.0529 @ 4.568 Hz, beyond 0, radius 0.1000
[bridge_n0_tau52_rho875] it 3: worst +0.2487 @ 3.471 Hz, beyond 6, radius 0.1000
FINAL {'n': 0, 'tau_ms': 44.0, 'rho': 0.875, 'n_offdiag_vars': 0, 'N_unstable': 0, 'N_margin': 0, 'success': True, 'iterations': 2, 'worst_catalog_re': -0.05286972583785332, 'worst_catalog_f_hz': 4.557634688579486, 'effort': 0.248625434238547, 'max_noninteger_winding': 8.220585317948219e-12, 'fd_rel_err': {'diag_logKp0': 6.328828576393186e-09, 'diag_logKI0': 1.8703207844138597e-09}, 'runtime_s': 55.42951488494873, 'stop_note': '', 'label': 'frozen_n0_tau44_rho875', 'graph': 'frozen'}
[bridge_n0_tau52_rho875] it 4: worst -0.0410 @ 3.856 Hz, beyond 1, radius 0.1000
[bridge_n0_tau44_rho925] it 0: worst +0.9537 @ 4.642 Hz, beyond 4, radius 0.1000
[bridge_n0_tau44_rho925] it 1: worst -0.0284 @ 4.419 Hz, beyond 2, radius 0.1000
[bridge_n0_tau52_rho875] it 5: worst -0.0528 @ 3.855 Hz, beyond 0, radius 0.1000
[bridge_n0_tau44_rho925] it 2: worst -0.0529 @ 4.413 Hz, beyond 0, radius 0.1000
FINAL {'n': 0, 'tau_ms': 44.0, 'rho': 0.9, 'n_offdiag_vars': 0, 'N_unstable': 0, 'N_margin': 0, 'success': True, 'iterations': 2, 'worst_catalog_re': -0.052907514006613754, 'worst_catalog_f_hz': 4.567936378588856, 'effort': 0.244310999548275, 'max_noninteger_winding': 2.672972954087527e-12, 'fd_rel_err': {'diag_logKp0': 6.94224727870812e-09, 'diag_logKI0': 1.7479399643063706e-09}, 'runtime_s': 55.01874876022339, 'stop_note': '', 'label': 'frozen_n0_tau44_rho900', 'graph': 'frozen'}
FINAL {'n': 0, 'tau_ms': 48.0, 'rho': 0.875, 'n_offdiag_vars': 0, 'N_unstable': 0, 'N_margin': 0, 'success': True, 'iterations': 4, 'worst_catalog_re': -0.05298937228091616, 'worst_catalog_f_hz': 4.027068380014245, 'effort': 0.9079128442575297, 'max_noninteger_winding': 2.5036528406019443e-11, 'fd_rel_err': {'diag_logKp0': 7.1078257466689285e-09, 'diag_logKI0': 3.2611200850336574e-09}, 'runtime_s': 56.59047174453735, 'stop_note': '', 'label': 'frozen_n0_tau48_rho875', 'graph': 'frozen'}
[bridge_n0_tau44_rho950] it 0: worst +0.9437 @ 4.638 Hz, beyond 4, radius 0.1000
[bridge_n0_tau44_rho950] it 1: worst -0.0317 @ 4.489 Hz, beyond 2, radius 0.1000
[bridge_n0_tau44_rho950] it 2: worst -0.0530 @ 4.412 Hz, beyond 0, radius 0.1000
FINAL {'n': 1, 'tau_ms': 44.0, 'rho': 0.9, 'n_offdiag_vars': 56, 'N_unstable': 0, 'N_margin': 0, 'success': True, 'iterations': 3, 'worst_catalog_re': -0.05391457442373593, 'worst_catalog_f_hz': 4.442015890562099, 'effort': 0.20302872027409608, 'max_noninteger_winding': 6.59516885548328e-12, 'fd_rel_err': {'diag_logKp0': 6.94224727870812e-09, 'diag_logKI0': 1.7479399643063706e-09, 'offdiag_u0': 2.3236749483386014e-08, 'offdiag_v0': 2.312357124570935e-08}, 'runtime_s': 71.96674251556396, 'stop_note': '', 'label': 'bridge_n1_tau44_rho900', 'graph': 'bridge'}
FINAL {'n': 1, 'tau_ms': 44.0, 'rho': 0.925, 'n_offdiag_vars': 56, 'N_unstable': 0, 'N_margin': 1, 'success': False, 'iterations': 2, 'worst_catalog_re': -0.05924080886309108, 'worst_catalog_f_hz': 4.440644793649346, 'effort': 0.19787838973356214, 'max_noninteger_winding': 7.697842363540985e-12, 'fd_rel_err': {'diag_logKp0': 2.9076746985679547e-09, 'diag_logKI0': 7.316665125230559e-09, 'offdiag_u0': 2.2684598608623975e-08, 'offdiag_v0': 2.2170282606073723e-08}, 'runtime_s': 70.96446967124939, 'stop_note': '', 'label': 'bridge_n1_tau44_rho925', 'graph': 'bridge'}
FINAL {'n': 0, 'tau_ms': 52.0, 'rho': 0.875, 'n_offdiag_vars': 0, 'N_unstable': 0, 'N_margin': 0, 'success': True, 'iterations': 5, 'worst_catalog_re': -0.052797874150601665, 'worst_catalog_f_hz': 3.855115922323559, 'effort': 1.511726940537494, 'max_noninteger_winding': 4.770406292209373e-12, 'fd_rel_err': {'diag_logKp0': 2.794580171632322e-09, 'diag_logKI0': 8.677067596284085e-09}, 'runtime_s': 71.53493547439575, 'stop_note': '', 'label': 'frozen_n0_tau52_rho875', 'graph': 'frozen'}
FINAL {'n': 0, 'tau_ms': 44.0, 'rho': 0.95, 'n_offdiag_vars': 0, 'N_unstable': 0, 'N_margin': 3, 'success': False, 'iterations': 2, 'worst_catalog_re': -0.05295065543058719, 'worst_catalog_f_hz': 4.411867918228027, 'effort': 0.23505349311488455, 'max_noninteger_winding': 1.779021374659351e-11, 'fd_rel_err': {'diag_logKp0': 8.20918836192879e-09, 'diag_logKI0': 3.543694780766511e-09}, 'runtime_s': 74.95353198051453, 'stop_note': '', 'label': 'frozen_n0_tau44_rho950', 'graph': 'frozen'}
FINAL {'n': 0, 'tau_ms': 44.0, 'rho': 0.925, 'n_offdiag_vars': 0, 'N_unstable': 0, 'N_margin': 1, 'success': False, 'iterations': 2, 'worst_catalog_re': -0.052947148643935016, 'worst_catalog_f_hz': 4.413499589142259, 'effort': 0.2400201987805114, 'max_noninteger_winding': 1.5532686248320715e-11, 'fd_rel_err': {'diag_logKp0': 2.9076746985679547e-09, 'diag_logKI0': 7.316665125230559e-09}, 'runtime_s': 76.48249912261963, 'stop_note': '', 'label': 'frozen_n0_tau44_rho925', 'graph': 'frozen'}
FINAL {'n': 0, 'tau_ms': 44.0, 'rho': 0.875, 'n_offdiag_vars': 0, 'N_unstable': 0, 'N_margin': 0, 'success': True, 'iterations': 2, 'worst_catalog_re': -0.05286972583785332, 'worst_catalog_f_hz': 4.557634688579486, 'effort': 0.248625434238547, 'max_noninteger_winding': 8.220585317948219e-12, 'fd_rel_err': {'diag_logKp0': 6.328828576393186e-09, 'diag_logKI0': 1.8703207844138597e-09}, 'runtime_s': 65.03307056427002, 'stop_note': '', 'label': 'bridge_n0_tau44_rho875', 'graph': 'bridge'}
FINAL {'n': 0, 'tau_ms': 44.0, 'rho': 0.9, 'n_offdiag_vars': 0, 'N_unstable': 0, 'N_margin': 0, 'success': True, 'iterations': 2, 'worst_catalog_re': -0.052907514006613754, 'worst_catalog_f_hz': 4.567936378588856, 'effort': 0.244310999548275, 'max_noninteger_winding': 2.672972954087527e-12, 'fd_rel_err': {'diag_logKp0': 6.94224727870812e-09, 'diag_logKI0': 1.7479399643063706e-09}, 'runtime_s': 44.77758002281189, 'stop_note': '', 'label': 'bridge_n0_tau44_rho900', 'graph': 'bridge'}
FINAL {'n': 0, 'tau_ms': 48.0, 'rho': 0.875, 'n_offdiag_vars': 0, 'N_unstable': 0, 'N_margin': 0, 'success': True, 'iterations': 4, 'worst_catalog_re': -0.05298937228091616, 'worst_catalog_f_hz': 4.027068380014245, 'effort': 0.9079128442575297, 'max_noninteger_winding': 2.5036528406019443e-11, 'fd_rel_err': {'diag_logKp0': 7.1078257466689285e-09, 'diag_logKI0': 3.2611200850336574e-09}, 'runtime_s': 64.02700591087341, 'stop_note': '', 'label': 'bridge_n0_tau48_rho875', 'graph': 'bridge'}
FINAL {'n': 0, 'tau_ms': 52.0, 'rho': 0.875, 'n_offdiag_vars': 0, 'N_unstable': 0, 'N_margin': 0, 'success': True, 'iterations': 5, 'worst_catalog_re': -0.052797874150601665, 'worst_catalog_f_hz': 3.855115922323559, 'effort': 1.511726940537494, 'max_noninteger_winding': 4.770406292209373e-12, 'fd_rel_err': {'diag_logKp0': 2.794580171632322e-09, 'diag_logKI0': 8.677067596284085e-09}, 'runtime_s': 46.65666961669922, 'stop_note': '', 'label': 'bridge_n0_tau52_rho875', 'graph': 'bridge'}
FINAL {'n': 0, 'tau_ms': 44.0, 'rho': 0.925, 'n_offdiag_vars': 0, 'N_unstable': 0, 'N_margin': 1, 'success': False, 'iterations': 2, 'worst_catalog_re': -0.052947148643935016, 'worst_catalog_f_hz': 4.413499589142259, 'effort': 0.2400201987805114, 'max_noninteger_winding': 1.5532686248320715e-11, 'fd_rel_err': {'diag_logKp0': 2.9076746985679547e-09, 'diag_logKI0': 7.316665125230559e-09}, 'runtime_s': 44.069817543029785, 'stop_note': '', 'label': 'bridge_n0_tau44_rho925', 'graph': 'bridge'}
FINAL {'n': 0, 'tau_ms': 44.0, 'rho': 0.95, 'n_offdiag_vars': 0, 'N_unstable': 0, 'N_margin': 3, 'success': False, 'iterations': 2, 'worst_catalog_re': -0.05295065543058719, 'worst_catalog_f_hz': 4.411867918228027, 'effort': 0.23505349311488455, 'max_noninteger_winding': 1.779021374659351e-11, 'fd_rel_err': {'diag_logKp0': 8.20918836192879e-09, 'diag_logKI0': 3.543694780766511e-09}, 'runtime_s': 43.0613968372345, 'stop_note': '', 'label': 'bridge_n0_tau44_rho950', 'graph': 'bridge'}
