62 jobs
     graph  m  n   variant        eps_E1  N_unstable  N_margin  max_noninteger_winding  spill_beyond_margin  target_sigma_min_max  target_refine_dev_max  kp_diag_mean  kI_diag_mean  kp_offdiag_max  kI_offdiag_max      kp_max       kI_max
0   frozen  1  0  absolute  5.972829e-16           0         0            4.515499e-12                False          5.351900e-15                    0.0     27.505133    196.868412        0.000000        0.000000   27.733817   200.157342
1   frozen  1  0     delta  5.972829e-16           0         0            5.280110e-12                False          6.061534e-15                    0.0     27.505133    196.868412        0.000000        0.000000   27.733817   200.157342
2   frozen  1  1  absolute  4.501213e-16          10        10            1.163514e-13                 True          6.794577e-14                    0.0      7.877863     55.014303      137.546904     1577.336486  137.546904  1577.336486
3   frozen  1  1     delta  4.501213e-16           6        10            5.156187e-11                 True          2.682503e-14                    0.0     28.058939    232.429288        8.928687      130.929974   28.141018   237.185839
4   frozen  1  2  absolute  7.034521e-16           6        13            1.434408e-12                 True          8.988589e-14                    0.0      5.907651     41.093200      119.357764     1177.664121  119.357764  1177.664121
5   frozen  1  2     delta  7.034521e-16           6        10            1.227196e-11                 True          2.727458e-14                    0.0     28.114956    235.996762        7.447211      122.790053   28.141018   239.035543
6   frozen  1  3  absolute  7.034521e-16           4        17            2.612075e-13                 True          8.466904e-14                    0.0      5.495265     38.262186      119.357764     1177.664121  119.357764  1177.664121
7   frozen  1  3     delta  7.034521e-16           6        10            2.563771e-11                 True          2.686172e-14                    0.0     28.125527    236.709995        7.447211      122.790053   28.159196   239.035543
8   frozen  2  1  absolute  1.079155e-15           6         6            1.293873e-11                 True          8.644559e-14                    0.0     14.093382     99.076512       99.428607     3758.215724   99.428607  3758.215724
9   frozen  2  1     delta  1.079155e-15           6         6            1.203104e-11                 True          3.555059e-14                    0.0     27.856338    220.235405        4.643374      225.840467   28.000006   232.027570
10  frozen  2  2  absolute  1.540526e-15          10        10            1.306688e-11                 True          9.085080e-14                    0.0     13.254110     93.050672       99.428607     3673.168612   99.428607  3673.168612
11  frozen  2  2     delta  1.540526e-15           6         8            1.298783e-11                 True          3.750417e-14                    0.0     27.884553    221.872761        8.928317      167.286396   28.011732   233.389710
12  frozen  2  3  absolute  8.479564e-16          10        13            4.245493e-13                 True          6.985772e-14                    0.0     10.965289     76.772956       99.428607     3673.168612   99.428607  3673.168612
13  frozen  2  3     delta  8.479564e-16           6         8            2.514744e-11                 True          3.457073e-14                    0.0     27.951629    226.294832        8.928317      167.286396   28.043757   233.389710
14  frozen  3  1  absolute  8.714415e-16           4         4            4.028100e-11                 True          1.107509e-13                    0.0     23.474715    175.522574       50.096273     2698.035916   50.096273  2698.035916
15  frozen  3  1     delta  8.714415e-16           4         4            1.682676e-11                 True          5.007769e-14                    0.0     27.447223    210.811897        5.874411      247.490512   27.960085   247.490512
16  frozen  3  2  absolute  8.714415e-16           6         6            2.243827e-11                 True          8.881406e-14                    0.0     18.067182    130.128645      174.257430     2406.234395  174.257430  2406.234395
17  frozen  3  2     delta  8.714415e-16           4         4            1.168898e-11                 True          4.526747e-14                    0.0     27.735063    215.360426        7.230995      148.485468   28.009528   227.570971
18  frozen  3  3  absolute  8.714415e-16           8         8            5.568213e-11                 True          6.998829e-14                    0.0     16.463739    119.101983      174.257430     2406.234395  174.257430  2406.234395
19  frozen  3  3     delta  8.714415e-16           4         4            1.475287e-11                 True          4.142370e-14                    0.0     27.785440    218.883831        7.230995      148.485468   28.073881   232.815923
20  frozen  4  2  absolute  7.408128e-16           4         4            5.123968e-11                 True          9.054333e-14                    0.0     23.078250    172.403778       72.100949     2074.119009   72.100949  2074.119009
21  frozen  4  2     delta  7.408128e-16           2         2            1.784661e-11                 True          5.480036e-14                    0.0     28.018322    215.030179        2.798947      159.638529   29.946528   240.331168
22  frozen  4  3  absolute  7.371820e-16           4         4            1.104894e-11                 True          8.383916e-14                    0.0     22.039646    163.752706       72.100949     2074.119009   72.100949  2074.119009
23  frozen  4  3     delta  7.371820e-16           2         2            8.586132e-12                 True          7.077593e-14                    0.0     27.730927    213.377005        2.798947      159.638529   28.858395   241.611344
24  bridge  1  0  absolute  5.972829e-16           0         0            4.515499e-12                False          5.351900e-15                    0.0     27.505133    196.868412        0.000000        0.000000   27.733817   200.157342
25  bridge  1  0     delta  5.972829e-16           0         0            5.280110e-12                False          6.061534e-15                    0.0     27.505133    196.868412        0.000000        0.000000   27.733817   200.157342
26  bridge  1  1  absolute  5.537951e-16           8        10            6.591172e-12                 True          4.878647e-14                    0.0      7.603918     53.083817      334.394973     3852.191026  334.394973  3852.191026
27  bridge  1  1     delta  5.537951e-16           6         8            1.669842e-11                 True          3.780616e-15                    0.0     28.066095    232.930284       21.788651      318.228346   28.167656   318.228346
28  bridge  1  2  absolute  7.816546e-16           8        11            7.442935e-13                 True          5.592138e-14                    0.0      4.702262     32.603655      166.896467     6188.706724  166.896467  6188.706724
29  bridge  1  2     delta  7.816546e-16           6        10            1.734923e-11                 True          3.176993e-14                    0.0     28.146587    238.218170       14.271389      171.778416   28.208058   241.810671
30  bridge  1  3  absolute  7.361994e-16           7        14            1.396661e-13                 True          6.205108e-14                    0.0      3.188373     22.186032      166.896467     6188.706724  166.896467  6188.706724
31  bridge  1  3     delta  7.361994e-16           6        10            9.220538e-12                 True          1.132914e-14                    0.0     28.187258    240.956890       14.271389      171.778416   28.221100   242.125361
32  bridge  1  4  absolute  7.361994e-16           3        18            2.309264e-13                 True          6.552422e-14                    0.0      2.745800     19.125973      166.896467     6188.706724  166.896467  6188.706724
33  bridge  1  4     delta  7.361994e-16           6         8            2.134115e-11                 True          1.074376e-14                    0.0     28.198611    241.770089       14.271389      171.778416   28.221100   242.125361
34  bridge  2  1  absolute  9.584188e-16           6         6            4.268174e-12                 True          4.698439e-14                    0.0     12.880712     90.273331       99.428607     1665.934395   99.428607  1665.934395
35  bridge  2  1     delta  9.584188e-16           6         6            1.037037e-11                 True          2.671069e-14                    0.0     27.881398    222.396853        7.348103      167.286396   28.077367   232.092577
36  bridge  2  2  absolute  2.409462e-15          10        10            3.010925e-12                 True          1.399136e-13                    0.0      8.155820     56.808704       95.259934     4753.967885   95.259934  4753.967885
37  bridge  2  2     delta  2.409462e-15           4         6            3.162892e-11                 True          3.383799e-14                    0.0     28.028520    231.479779        5.774547      275.210450   28.117405   275.210450
38  bridge  2  3  absolute  1.097294e-15           7        11            1.483258e-13                 True          1.281420e-13                    0.0      5.655881     39.534834       95.259934     4996.880348   95.259934  4996.880348
39  bridge  2  3     delta  1.097294e-15           4         6            2.043744e-11                 True          6.563108e-14                    0.0     28.101708    236.626643        6.105322      307.573138   28.165089   307.573138
40  bridge  2  4  absolute  6.984842e-16           4        16            1.690642e-13                 True          1.429047e-13                    0.0      5.476127     38.343833       95.259934     4991.677123   95.259934  4991.677123
41  bridge  2  4     delta  6.984842e-16           4         6            2.106959e-11                 True          4.401181e-14                    0.0     28.107522    237.005742        6.151851      302.281518   28.169554   302.281518
42  bridge  3  1  absolute  1.299830e-15           4         4            2.157918e-11                 True          1.804945e-13                    0.0     21.893683    164.332505      143.278888     2077.244255  143.278888  2077.244255
43  bridge  3  1     delta  1.299830e-15           2         4            5.137224e-12                 True          6.068326e-14                    0.0     27.460216    213.506740       10.046933      247.490512   27.940665   247.490512
44  bridge  3  2  absolute  1.261972e-15          11        11            1.511835e-11                 True          4.727558e-14                    0.0     11.684721     83.871613      135.328149     2648.973715  135.328149  2648.973715
45  bridge  3  2     delta  1.261972e-15           4         6            2.226386e-11                 True          3.650826e-14                    0.0     27.920967    226.625889        9.505668      176.917093   28.113244   235.191963
46  bridge  3  3  absolute  1.934931e-15           9         9            9.086065e-13                 True          1.119406e-13                    0.0      8.280661     59.257581      135.328149     4310.888158  135.328149  4310.888158
47  bridge  3  3     delta  1.934931e-15           2         4            3.788769e-11                 True          5.789781e-14                    0.0     28.034524    233.069941        9.505668      270.459452   28.125823   270.459452
48  bridge  3  4  absolute  1.934931e-15           6        14            1.749711e-13                 True          9.584474e-14                    0.0      8.226863     58.861018      135.328149     4351.606210  135.328149  4351.606210
49  bridge  3  4     delta  1.934931e-15           2         4            3.223044e-11                 True          5.011733e-14                    0.0     28.035138    233.155632        9.505668      275.604952   28.125823   275.604952
50  bridge  4  2  absolute  1.250271e-15           6         6            1.627010e-11                 True          3.274991e-14                    0.0     17.778993    131.625330      170.160138     2213.589044  170.160138  2213.589044
51  bridge  4  2     delta  1.250271e-15           2         2            7.896683e-12                 True          6.249604e-14                    0.0     27.939699    220.361316       10.355824      146.155489   28.751389   238.289619
52  bridge  4  3  absolute  1.081539e-15           9         9            1.357359e-12                 True          4.786750e-14                    0.0     11.440440     84.657775      141.899378     2978.498373  141.899378  2978.498373
53  bridge  4  3     delta  1.081539e-15           0         2            1.474698e-11                 True          3.418446e-14                    0.0     27.980888    230.088941       10.355824      122.329853   28.093903   236.354274
54  bridge  4  4  absolute  1.081539e-15           9        12            1.083578e-13                 True          1.069067e-13                    0.0     11.013562     81.852174      141.899378     2978.498373  141.899378  2978.498373
55  bridge  4  4     delta  1.081539e-15           0         2            1.044587e-11                 True          7.752915e-14                    0.0     27.992925    231.219970       10.355824      122.329853   28.097693   236.354274
56  bridge  5  2  absolute  5.412600e-15           2         4            1.706946e-11                 True          5.467027e-13                    0.0     25.139087    194.021935       46.471180      630.820585   46.471180   630.820585
57  bridge  5  2     delta  5.412600e-15           2         2            2.652922e-11                 True          5.548503e-13                    0.0     27.788344    217.363199        1.873615      267.426691   28.279978   444.530850
58  bridge  5  3  absolute  2.855809e-15           8         8            5.737633e-13                 True          4.194418e-13                    0.0     14.826182    112.053252       56.305627      882.858669   56.305627   882.858669
59  bridge  5  3     delta  2.855809e-15           0         0            9.511059e-12                False          9.637600e-14                    0.0     27.924740    226.701449        2.911680       82.501753   28.204156   243.402153
60  bridge  5  4  absolute  2.855809e-15          10        10            8.864021e-13                 True          3.948756e-13                    0.0     13.825167    106.166163       56.305627      882.858669   56.305627   882.858669
61  bridge  5  4     delta  2.855809e-15           0         0            1.591108e-11                False          1.046469e-13                    0.0     27.967559    230.150767        2.911680       82.501753   28.204156   243.402153
