This is pdfTeX, Version 3.141592653-2.6-1.40.28 (MiKTeX 25.12) (preloaded format=pdflatex.fmt)
 restricted \write18 enabled.
entering extended mode
(experiments/theory_collective_damping_20261003/THEORY.tex
LaTeX2e <2025-11-01>
L3 programming layer <2025-12-24>
(C:\Program Files\MiKTeX\tex/latex/base\article.cls
Document Class: article 2025/01/22 v1.4n Standard LaTeX document class
(C:\Program Files\MiKTeX\tex/latex/base\size11.clo))
(C:\Users\walla\AppData\Roaming\MiKTeX\tex/latex/geometry\geometry.sty
(C:\Program Files\MiKTeX\tex/latex/graphics\keyval.sty)
(C:\Program Files\MiKTeX\tex/generic/iftex\ifvtex.sty
(C:\Program Files\MiKTeX\tex/generic/iftex\iftex.sty))
(C:\Users\walla\AppData\Roaming\MiKTeX\tex/latex/geometry\geometry.cfg))
(C:\Program Files\MiKTeX\tex/latex/amsmath\amsmath.sty
For additional information on amsmath, use the `?' option.
(C:\Program Files\MiKTeX\tex/latex/amsmath\amstext.sty
(C:\Program Files\MiKTeX\tex/latex/amsmath\amsgen.sty))
(C:\Program Files\MiKTeX\tex/latex/amsmath\amsbsy.sty)
(C:\Program Files\MiKTeX\tex/latex/amsmath\amsopn.sty))
(C:\Program Files\MiKTeX\tex/latex/amsfonts\amssymb.sty
(C:\Program Files\MiKTeX\tex/latex/amsfonts\amsfonts.sty))
(C:\Users\walla\AppData\Roaming\MiKTeX\tex/latex/amscls\amsthm.sty)
(C:\Users\walla\AppData\Roaming\MiKTeX\tex/latex/mathtools\mathtools.sty
(C:\Program Files\MiKTeX\tex/latex/tools\calc.sty)
(C:\Users\walla\AppData\Roaming\MiKTeX\tex/latex/mathtools\mhsetup.sty))
(C:\Users\walla\AppData\Roaming\MiKTeX\tex/latex/booktabs\booktabs.sty)
(C:\Program Files\MiKTeX\tex/latex/hyperref\hyperref.sty
(C:\Users\walla\AppData\Roaming\MiKTeX\tex/latex/kvsetkeys\kvsetkeys.sty)
(C:\Users\walla\AppData\Roaming\MiKTeX\tex/generic/kvdefinekeys\kvdefinekeys.st
y) (C:\Users\walla\AppData\Roaming\MiKTeX\tex/generic/pdfescape\pdfescape.sty
(C:\Users\walla\AppData\Roaming\MiKTeX\tex/generic/ltxcmds\ltxcmds.sty)
(C:\Program Files\MiKTeX\tex/generic/pdftexcmds\pdftexcmds.sty
(C:\Users\walla\AppData\Roaming\MiKTeX\tex/generic/infwarerr\infwarerr.sty)))
(C:\Users\walla\AppData\Roaming\MiKTeX\tex/latex/hycolor\hycolor.sty)
(C:\Program Files\MiKTeX\tex/latex/hyperref\nameref.sty
(C:\Users\walla\AppData\Roaming\MiKTeX\tex/latex/refcount\refcount.sty)
(C:\Users\walla\AppData\Roaming\MiKTeX\tex/generic/gettitlestring\gettitlestrin
g.sty (C:\Users\walla\AppData\Roaming\MiKTeX\tex/latex/kvoptions\kvoptions.sty)
)) (C:\Program Files\MiKTeX\tex/latex/etoolbox\etoolbox.sty)
(C:\Users\walla\AppData\Roaming\MiKTeX\tex/generic/stringenc\stringenc.sty)
(C:\Program Files\MiKTeX\tex/latex/hyperref\pd1enc.def)
(C:\Users\walla\AppData\Roaming\MiKTeX\tex/generic/intcalc\intcalc.sty)
(C:\Program Files\MiKTeX\tex/latex/hyperref\puenc.def)
(C:\Program Files\MiKTeX\tex/latex/url\url.sty)
(C:\Users\walla\AppData\Roaming\MiKTeX\tex/generic/bitset\bitset.sty
(C:\Users\walla\AppData\Roaming\MiKTeX\tex/generic/bigintcalc\bigintcalc.sty)))
(C:\Program Files\MiKTeX\tex/latex/hyperref\hpdftex.def
(C:\Users\walla\AppData\Roaming\MiKTeX\tex/latex/rerunfilecheck\rerunfilecheck.
sty
(C:\Users\walla\AppData\Roaming\MiKTeX\tex/generic/uniquecounter\uniquecounter.
sty))) (C:\Program Files\MiKTeX\tex/latex/graphics\graphicx.sty
(C:\Program Files\MiKTeX\tex/latex/graphics\graphics.sty
(C:\Program Files\MiKTeX\tex/latex/graphics\trig.sty)
(C:\Program Files\MiKTeX\tex/latex/graphics-cfg\graphics.cfg)
(C:\Program Files\MiKTeX\tex/latex/graphics-def\pdftex.def)))
(C:\Users\walla\AppData\Roaming\MiKTeX\tex/latex/microtype\microtype.sty
(C:\Users\walla\AppData\Roaming\MiKTeX\tex/latex/microtype\microtype-pdftex.def
) (C:\Users\walla\AppData\Roaming\MiKTeX\tex/latex/microtype\microtype.cfg))
(C:\Program Files\MiKTeX\tex/latex/l3backend\l3backend-pdftex.def)
(C:\Users\walla\Documents\Github\paper-P06-spectral-graph-power-dynamics\experi
ments\interaction_decision_20261004\Beyond_Nodal_Damping_Interaction_Decision_2
0261004.aux)
*geometry* driver: auto-detecting
*geometry* detected driver: pdftex
(C:\Program Files\MiKTeX\tex/latex/graphics\color.sty
(C:\Program Files\MiKTeX\tex/latex/graphics-cfg\color.cfg)
(C:\Program Files\MiKTeX\tex/latex/graphics\mathcolor.ltx))
(C:\Users\walla\Documents\Github\paper-P06-spectral-graph-power-dynamics\experi
ments\interaction_decision_20261004\Beyond_Nodal_Damping_Interaction_Decision_2
0261004.out)
(C:\Users\walla\Documents\Github\paper-P06-spectral-graph-power-dynamics\experi
ments\interaction_decision_20261004\Beyond_Nodal_Damping_Interaction_Decision_2
0261004.out) (C:\Program Files\MiKTeX\tex/context/base/mkii\supp-pdf.mkii
[Loading MPS to PDF converter (version 2006.09.02).]
) (C:\Program Files\MiKTeX\tex/latex/epstopdf-pkg\epstopdf-base.sty
(C:\Program Files\MiKTeX\tex/latex/00miktex\epstopdf-sys.cfg))
(C:\Users\walla\AppData\Roaming\MiKTeX\tex/latex/microtype\mt-cmr.cfg)
(C:\Program Files\MiKTeX\tex/latex/amsfonts\umsa.fd)
(C:\Users\walla\AppData\Roaming\MiKTeX\tex/latex/microtype\mt-msa.cfg)
(C:\Program Files\MiKTeX\tex/latex/amsfonts\umsb.fd)
(C:\Users\walla\AppData\Roaming\MiKTeX\tex/latex/microtype\mt-msb.cfg)

LaTeX Warning: Citation `markovic' on page 1 undefined on input line 55.


LaTeX Warning: Citation `huang' on page 1 undefined on input line 56.


LaTeX Warning: Citation `chuteng' on page 1 undefined on input line 58.


LaTeX Warning: Citation `jia' on page 1 undefined on input line 59.


LaTeX Warning: Citation `peaucelle' on page 1 undefined on input line 66.


LaTeX Warning: Citation `bindel' on page 1 undefined on input line 67.


LaTeX Warning: Citation `beyn' on page 1 undefined on input line 67.


LaTeX Warning: Citation `borgioli' on page 1 undefined on input line 68.


LaTeX Warning: Citation `michielsdesign' on page 1 undefined on input line 69.

[1{C:/Users/walla/AppData/Local/MiKTeX/fonts/map/pdftex/pdftex.map}] [2]
[3] [4] [5] [6] [7] [8] [9]

LaTeX Warning: Reference `eq:allgain' on page 10 undefined on input line 733.

[10]

LaTeX Warning: Reference `eq:allgain' on page 11 undefined on input line 767.

[11] [12]

LaTeX Warning: Citation `arb' on page 13 undefined on input line 908.


LaTeX Warning: Reference `app:physical' on page 13 undefined on input line 979.


[13] [14 <./reports/poster/ias2026/collective_interaction_20261003/generated/fi
gures/rank_two.pdf>] [15 <./reports/poster/ias2026/collective_interaction_20261
003/generated/figures/events.pdf>] [16]

LaTeX Warning: Reference `sec:closure' on page 17 undefined on input line 1195.


[17] [18 <./experiments/interaction_decision_20261004/FIG_01_CERTIFIED_DECISION
.pdf>]

LaTeX Warning: Citation `grosdidier' on page 19 undefined on input line 1256.


LaTeX Warning: Citation `chenbdd' on page 19 undefined on input line 1258.

[19 <./experiments/interaction_decision_20261004/FIG_02_COMPENSATION_RULE.pdf>]
[20] [21] [22]

LaTeX Warning: Reference `eq:rank' on page 23 undefined on input line 1428.

[23]

LaTeX Warning: Reference `eq:reduced' on page 24 undefined on input line 1494.


LaTeX Warning: Reference `eq:coi' on page 24 undefined on input line 1531.

[24]

LaTeX Warning: Reference `eq:area' on page 25 undefined on input line 1578.


LaTeX Warning: Reference `eq:reduced' on page 25 undefined on input line 1621.

[25]

LaTeX Warning: Reference `eq:derivative' on page 26 undefined on input line 166
1.


LaTeX Warning: Reference `eq:pole' on page 26 undefined on input line 1676.

[26]

LaTeX Warning: Reference `eq:scalarroot' on page 27 undefined on input line 174
9.


LaTeX Warning: Reference `eq:gainexact' on page 27 undefined on input line 1751
.


LaTeX Warning: Reference `eq:parallelogram' on page 27 undefined on input line 
1753.

[27]

LaTeX Warning: Reference `eq:transport' on page 28 undefined on input line 1796
.


LaTeX Warning: Reference `eq:scalarroot' on page 28 undefined on input line 180
8.


LaTeX Warning: Reference `eq:gainflow' on page 28 undefined on input line 1813.



LaTeX Warning: Reference `eq:gainflow' on page 28 undefined on input line 1834.



LaTeX Warning: Reference `eq:spillover' on page 28 undefined on input line 1843
.

[28]

LaTeX Warning: Reference `eq:spillover' on page 29 undefined on input line 1852
.


LaTeX Warning: Reference `eq:gainexact' on page 29 undefined on input line 1865
.


LaTeX Warning: Reference `eq:dual' on page 29 undefined on input line 1913.


LaTeX Warning: Reference `eq:raybound' on page 29 undefined on input line 1915.


[29]

LaTeX Warning: Reference `eq:dual' on page 30 undefined on input line 1942.


LaTeX Warning: Reference `eq:contour' on page 30 undefined on input line 1986.

[30]

LaTeX Warning: Reference `eq:return' on page 31 undefined on input line 2031.

[31]

LaTeX Warning: Reference `eq:allgain' on page 32 undefined on input line 2066.


LaTeX Warning: Reference `eq:allgain' on page 32 undefined on input line 2074.


LaTeX Warning: Reference `eq:allgain' on page 32 undefined on input line 2092.

[32]

LaTeX Warning: Reference `eq:neighbor' on page 33 undefined on input line 2163.



LaTeX Warning: Reference `eq:neighbor' on page 33 undefined on input line 2180.



LaTeX Warning: Reference `eq:neighbor' on page 33 undefined on input line 2191.


[33]

LaTeX Warning: Reference `eq:allgain' on page 34 undefined on input line 2239.


LaTeX Warning: Reference `eq:spillover' on page 34 undefined on input line 2265
.

[34]

LaTeX Warning: Reference `eq:gaindifferential' on page 35 undefined on input li
ne 2289.


LaTeX Warning: Reference `eq:allgain' on page 35 undefined on input line 2296.


LaTeX Warning: Reference `eq:gaindifferential' on page 35 undefined on input li
ne 2298.


LaTeX Warning: Citation `ram' on page 35 undefined on input line 2334.


LaTeX Warning: Citation `katewa' on page 35 undefined on input line 2334.


LaTeX Warning: Citation `vanbiervliet' on page 35 undefined on input line 2334.



LaTeX Warning: Citation `mao' on page 35 undefined on input line 2334.


LaTeX Warning: Citation `coffey' on page 35 undefined on input line 2344.


LaTeX Warning: Citation `chakraborty' on page 35 undefined on input line 2345.

[35] [36] [37] [38]
(C:\Users\walla\Documents\Github\paper-P06-spectral-graph-power-dynamics\experi
ments\interaction_decision_20261004\Beyond_Nodal_Damping_Interaction_Decision_2
0261004.aux)

LaTeX Warning: There were undefined references.


LaTeX Warning: Label(s) may have changed. Rerun to get cross-references right.


Package rerunfilecheck Warning: File `Beyond_Nodal_Damping_Interaction_Decision
_20261004.out' has changed.
(rerunfilecheck)                Rerun to get outlines right
(rerunfilecheck)                or use package `bookmark'.

 ) <C:\Users\walla\AppData\Local\MiKTeX\fonts/pk/ljfour/jknappen/ec/dpi600\tcrm
1095.pk><C:/Program Files/MiKTeX/fonts/type1/public/amsfonts/cm/cmbx10.pfb><C:/
Program Files/MiKTeX/fonts/type1/public/amsfonts/cm/cmbx12.pfb><C:/Program File
s/MiKTeX/fonts/type1/public/amsfonts/cm/cmex10.pfb><C:/Program Files/MiKTeX/fon
ts/type1/public/amsfonts/cm/cmmi10.pfb><C:/Program Files/MiKTeX/fonts/type1/pub
lic/amsfonts/cm/cmmi6.pfb><C:/Program Files/MiKTeX/fonts/type1/public/amsfonts/
cm/cmmi7.pfb><C:/Program Files/MiKTeX/fonts/type1/public/amsfonts/cm/cmmi8.pfb>
<C:/Program Files/MiKTeX/fonts/type1/public/amsfonts/cm/cmr10.pfb><C:/Program F
iles/MiKTeX/fonts/type1/public/amsfonts/cm/cmr12.pfb><C:/Program Files/MiKTeX/f
onts/type1/public/amsfonts/cm/cmr17.pfb><C:/Program Files/MiKTeX/fonts/type1/pu
blic/amsfonts/cm/cmr6.pfb><C:/Program Files/MiKTeX/fonts/type1/public/amsfonts/
cm/cmr7.pfb><C:/Program Files/MiKTeX/fonts/type1/public/amsfonts/cm/cmr8.pfb><C
:/Program Files/MiKTeX/fonts/type1/public/amsfonts/cm/cmsy10.pfb><C:/Program Fi
les/MiKTeX/fonts/type1/public/amsfonts/cm/cmsy7.pfb><C:/Program Files/MiKTeX/fo
nts/type1/public/amsfonts/cm/cmsy8.pfb><C:/Program Files/MiKTeX/fonts/type1/pub
lic/amsfonts/cm/cmti10.pfb><C:/Program Files/MiKTeX/fonts/type1/public/amsfonts
/cm/cmtt10.pfb><C:/Program Files/MiKTeX/fonts/type1/public/amsfonts/symbols/msb
m10.pfb>
Output written on C:\Users\walla\Documents\Github\paper-P06-spectral-graph-powe
r-dynamics\experiments\interaction_decision_20261004\Beyond_Nodal_Damping_Inter
action_Decision_20261004.pdf (38 pages, 602433 bytes).
Transcript written on C:\Users\walla\Documents\Github\paper-P06-spectral-graph-
power-dynamics\experiments\interaction_decision_20261004\Beyond_Nodal_Damping_I
nteraction_Decision_20261004.log.
