  -> COMPUTED   manifest C:\Users\walla\Documents\Github\paper-P06-spectral-graph-power-dynamics\reports\poster\ias2026\research\outputs\ias2026_post_f7\post_f7_20260910T130334\F10_baselines\manifest.json
{
 "points": 52,
 "B1_flagship_status_correct": 1.0,
 "B2_H_exact": 1.0,
 "B3_singletons_exact": 1.0,
 "B3_recovers_H": 0.5961538461538461,
 "B5_sensitivity_H_exact": 0.4230769230769231,
 "B5_sensitivity_kappa_exact": 0.4807692307692308,
 "B5b_additive_H_exact": 0.5769230769230769,
 "B5b_additive_kappa_exact": 0.6538461538461539,
 "B5b_pairwise_H_exact": 0.7307692307692307,
 "B5b_pairwise_kappa_exact": 0.7884615384615384,
 "B7_certifies_safe_when_safe": 0.0,
 "B7_false_certification": 0,
 "B6_scr": "static: identical at every policy point by construction",
 "line_B2_kappa_exact": 1.0,
 "line_B5_kappa_exact": 0.08333333333333333,
 "line_B5b_add_kappa_exact": 0.1388888888888889,
 "line_B5b_pair_kappa_exact": 0.75
}
