    F7A: pass 1: 712 split, 0 reopened, 1443 points, 164 leaves
    F7A: pass 2: 2512 split, 0 reopened, 3673 points, 248 leaves
    F7A: pass 3: 8420 split, 0 reopened, 11467 points, 655 leaves
    F7A: pass 4: 29452 split, 0 reopened, 37521 points, 1712 leaves
    F7A: pass 5: 0 split, 0 reopened, 128005 points, 31164 leaves
    F7A: 128005 points, 0 island/tongue cells, 11926 boundary edges

    F7A: {"points": 128005, "leaves": 31164, "islands": 0, "boundary_edges": 11926, "events": 12195, "spot_checks": 400, "spot_scored": 376, "spot_errors": 0, "spot_boundary_cells": 24, "spot_nearest_node_errors_all": 1, "spot_error_upper95": 0.007935717677052178, "fast_direct_disagreements": 0, "elapsed_s": 1061.9, "spot_check_pass": true}

    F7B: pass 1: 468 split, 0 reopened, 1599 points, 263 leaves
    F7B: pass 2: 1612 split, 0 reopened, 3089 points, 328 leaves
    F7B: pass 3: 5660 split, 0 reopened, 8137 points, 525 leaves
    F7B: pass 4: 20396 split, 0 reopened, 25653 points, 1086 leaves
    F7B: pass 5: 0 split, 0 reopened, 88163 points, 21482 leaves
    F7B: 88163 points, 1 island/tongue cells, 11093 boundary edges

    F7B: {"points": 88163, "leaves": 21482, "islands": 1, "boundary_edges": 11093, "events": 11537, "spot_checks": 400, "spot_scored": 386, "spot_errors": 0, "spot_boundary_cells": 14, "spot_nearest_node_errors_all": 0, "spot_error_upper95": 0.007730925914285606, "fast_direct_disagreements": 0, "elapsed_s": 910.2, "spot_check_pass": true}

    F7C: pass 1: 740 split, 0 reopened, 1599 points, 195 leaves
    F7C: pass 2: 2552 split, 0 reopened, 3923 points, 297 leaves
    F7C: pass 3: 9240 split, 0 reopened, 11855 points, 539 leaves
    F7C: pass 4: 34780 split, 0 reopened, 40177 points, 1084 leaves
    F7C: pass 5: 0 split, 0 reopened, 145811 points, 35864 leaves
    F7C: 145811 points, 0 island/tongue cells, 7335 boundary edges

    F7C: {"points": 145811, "leaves": 35864, "islands": 0, "boundary_edges": 7335, "events": 7465, "spot_checks": 400, "spot_scored": 391, "spot_errors": 0, "spot_boundary_cells": 9, "spot_nearest_node_errors_all": 1, "spot_error_upper95": 0.0076324432141295796, "fast_direct_disagreements": 0, "elapsed_s": 1195.8, "spot_check_pass": true}

  -> COMPUTED   manifest C:\Users\walla\Documents\Github\paper-P06-spectral-graph-power-dynamics\reports\poster\ias2026\research\outputs\ias2026\final_validation_overnight_20260910T003225\F7_policy_hypergraph\manifest.json
