  -> COMPUTED   manifest C:\Users\walla\Documents\Github\paper-P06-spectral-graph-power-dynamics\reports\poster\ias2026\research\outputs\ias2026_post_f7\post_f7_20260910T130334\F8B_mean_vs_heterogeneity\manifest.json
variable       mean    g  A_fixed_mean_lines  A_lines_where_h_changes_H  B_fixed_h_lines  B_lines_where_mean_changes_H  distinct_H     kappa_values  base_unstable_points
      KA arithmetic 0.00                  23                         20               21                            21          28 [-1, 1, 2, 3, 4]                   293
      KA  geometric 0.00                  32                         31               21                            21          25 [-1, 1, 2, 3, 4]                   303
      KA   harmonic 0.00                  33                         33               19                            18          21 [-1, 1, 2, 3, 4]                   305
      TE arithmetic 0.00                  33                         23               21                            21          17     [1, 2, 3, 4]                     1
      TE arithmetic 0.05                  33                         18               21                            21          18 [-1, 1, 2, 3, 4]                     1
      TE arithmetic 0.20                  33                         17               21                            21          23 [-1, 1, 2, 3, 4]                     1
      TE  geometric 0.00                  33                         28               21                            21          17     [1, 2, 3, 4]                     9
      TE  geometric 0.05                  33                         20               21                            21          17 [-1, 1, 2, 3, 4]                     9
      TE  geometric 0.20                  33                         19               21                            21          19 [-1, 1, 2, 3, 4]                     9
      TE   harmonic 0.00                  33                         33               21                            21          16 [-1, 1, 2, 3, 4]                    16
      TE   harmonic 0.05                  33                         23               21                            21          17 [-1, 1, 2, 3, 4]                    16
      TE   harmonic 0.20                  33                         22               21                            19          18 [-1, 1, 2, 3, 4]                    16
variable       mean    g  share_mean  share_heterogeneity  share_interaction
      KA arithmetic 0.00    0.555361             0.132282           0.312356
      KA  geometric 0.00    0.119384             0.149455           0.731161
      KA   harmonic 0.00    0.094461             0.214536           0.691003
      TE arithmetic 0.00    0.777317             0.028517           0.194167
      TE arithmetic 0.05    0.905245             0.050087           0.044668
      TE arithmetic 0.20    0.875522             0.105213           0.019265
      TE  geometric 0.00    0.470315             0.019728           0.509956
      TE  geometric 0.05    0.749924             0.117573           0.132503
      TE  geometric 0.20    0.719978             0.209742           0.070280
      TE   harmonic 0.00    0.172378             0.035739           0.791882
      TE   harmonic 0.05    0.547875             0.225887           0.226237
      TE   harmonic 0.20    0.533701             0.350355           0.115944
{'points': 8316, 'direct_agreement': 1.0, 'direct_checks': 120}
