{
 "k1_null_vs_H06_max_abs_diff": 0.10210777762570455,
 "K2_01|A|new_frac_ge95": 0.03508771929824561,
 "K2_01|A|new_median_pct": 0.78,
 "K2_01|A|new_EM_frac_ge95": 0.037037037037037035,
 "K2_01|A|old_frac_ge95": 0.0,
 "K2_01|A|old_median_pct": 0.706,
 "K2_01|A|old_EM_frac_ge95": 0.0,
 "K2_01|B|new_frac_ge95": 0.03508771929824561,
 "K2_01|B|new_median_pct": 0.8511904761904762,
 "K2_01|B|new_EM_frac_ge95": 0.037037037037037035,
 "K2_01|B|old_frac_ge95": 0.0,
 "K2_01|B|old_median_pct": 0.8273809523809523,
 "K2_01|B|old_EM_frac_ge95": 0.0,
 "K3_01=K4_03|A|new_frac_ge95": 0.0,
 "K3_01=K4_03|A|new_median_pct": 0.125,
 "K3_01=K4_03|A|new_EM_frac_ge95": 0.0,
 "K3_01=K4_03|A|old_frac_ge95": 0.0,
 "K3_01=K4_03|A|old_median_pct": 0.305,
 "K3_01=K4_03|A|old_EM_frac_ge95": 0.0,
 "K3_01=K4_03|B|new_frac_ge95": 0.0,
 "K3_01=K4_03|B|new_median_pct": 0.16463414634146342,
 "K3_01=K4_03|B|new_EM_frac_ge95": 0.0,
 "K3_01=K4_03|B|old_frac_ge95": 0.0,
 "K3_01=K4_03|B|old_median_pct": 0.3719512195121951,
 "K3_01=K4_03|B|old_EM_frac_ge95": 0.0,
 "K3_02=K4_02|A|new_frac_ge95": 0.0,
 "K3_02=K4_02|A|new_median_pct": 0.661,
 "K3_02=K4_02|A|new_EM_frac_ge95": 0.0,
 "K3_02=K4_02|A|old_frac_ge95": 0.05263157894736842,
 "K3_02=K4_02|A|old_median_pct": 0.628,
 "K3_02=K4_02|A|old_EM_frac_ge95": 0.05555555555555555,
 "K3_02=K4_02|B|new_frac_ge95": 0.0,
 "K3_02=K4_02|B|new_median_pct": 0.7682926829268293,
 "K3_02=K4_02|B|new_EM_frac_ge95": 0.0,
 "K3_02=K4_02|B|old_frac_ge95": 0.05263157894736842,
 "K3_02=K4_02|B|old_median_pct": 0.7195121951219512,
 "K3_02=K4_02|B|old_EM_frac_ge95": 0.05555555555555555,
 "K3_12=K4_23|A|new_frac_ge95": 0.0,
 "K3_12=K4_23|A|new_median_pct": 0.11956521739130435,
 "K3_12=K4_23|A|new_EM_frac_ge95": 0.0,
 "K3_12=K4_23|A|old_frac_ge95": 0.0,
 "K3_12=K4_23|A|old_median_pct": 0.13043478260869565,
 "K3_12=K4_23|A|old_EM_frac_ge95": 0.0,
 "K3_12=K4_23|B|new_frac_ge95": 0.0,
 "K3_12=K4_23|B|new_median_pct": 0.11956521739130435,
 "K3_12=K4_23|B|new_EM_frac_ge95": 0.0,
 "K3_12=K4_23|B|old_frac_ge95": 0.0,
 "K3_12=K4_23|B|old_median_pct": 0.13043478260869565,
 "K3_12=K4_23|B|old_EM_frac_ge95": 0.0,
 "K4_13|A|new_frac_ge95": 0.07017543859649122,
 "K4_13|A|new_median_pct": 0.8152173913043478,
 "K4_13|A|new_EM_frac_ge95": 0.07407407407407407,
 "K4_13|A|old_frac_ge95": 0.05263157894736842,
 "K4_13|A|old_median_pct": 0.8043478260869565,
 "K4_13|A|old_EM_frac_ge95": 0.05555555555555555,
 "K4_13|B|new_frac_ge95": 0.07017543859649122,
 "K4_13|B|new_median_pct": 0.8152173913043478,
 "K4_13|B|new_EM_frac_ge95": 0.07407407407407407,
 "K4_13|B|old_frac_ge95": 0.05263157894736842,
 "K4_13|B|old_median_pct": 0.8043478260869565,
 "K4_13|B|old_EM_frac_ge95": 0.05555555555555555,
 "TXall|A|new_frac_ge95": 0.6666666666666666,
 "TXall|A|new_median_pct": 0.974,
 "TXall|A|new_EM_frac_ge95": 0.7037037037037037,
 "TXall|A|old_frac_ge95": 0.3157894736842105,
 "TXall|A|old_median_pct": 0.846,
 "TXall|A|old_EM_frac_ge95": 0.3333333333333333,
 "TXall|B|new_frac_ge95": 0.7192982456140351,
 "TXall|B|new_median_pct": 0.99,
 "TXall|B|new_EM_frac_ge95": 0.7592592592592593,
 "TXall|B|old_frac_ge95": 0.3684210526315789,
 "TXall|B|old_median_pct": 0.922,
 "TXall|B|old_EM_frac_ge95": 0.3888888888888889,
 "TXcore|A|new_frac_ge95": 0.0,
 "TXcore|A|new_median_pct": 0.484,
 "TXcore|A|new_EM_frac_ge95": 0.0,
 "TXcore|A|old_frac_ge95": 0.0,
 "TXcore|A|old_median_pct": 0.45,
 "TXcore|A|old_EM_frac_ge95": 0.0,
 "TXcore|B|new_frac_ge95": 0.0,
 "TXcore|B|new_median_pct": 0.7039106145251397,
 "TXcore|B|new_EM_frac_ge95": 0.0,
 "TXcore|B|old_frac_ge95": 0.0,
 "TXcore|B|old_median_pct": 0.5279329608938548,
 "TXcore|B|old_EM_frac_ge95": 0.0,
 "TXother|A|new_frac_ge95": 0.7543859649122807,
 "TXother|A|new_median_pct": 0.986,
 "TXother|A|new_EM_frac_ge95": 0.7962962962962963,
 "TXother|A|old_frac_ge95": 0.47368421052631576,
 "TXother|A|old_median_pct": 0.942,
 "TXother|A|old_EM_frac_ge95": 0.5,
 "TXother|B|new_frac_ge95": 0.7719298245614035,
 "TXother|B|new_median_pct": 0.966,
 "TXother|B|new_EM_frac_ge95": 0.7962962962962963,
 "TXother|B|old_frac_ge95": 0.5263157894736842,
 "TXother|B|old_median_pct": 0.964,
 "TXother|B|old_EM_frac_ge95": 0.5,
 "H10_robust_weak_corridors": [
  "TXother"
 ],
 "H10_pass": true
}
