2026-09-13T09:51:50 [R10] 128 tasks, 128 to run, workers=10
2026-09-13T09:53:17 [R10] 1/128 R10C P68_01 ok=True (86s)
2026-09-13T09:53:21 [R10] 2/128 R10C P68_01 ok=True (91s)
2026-09-13T09:53:21 [R10] 3/128 R10C P68_01 ok=True (91s)
2026-09-13T09:53:21 [R10] 4/128 R10C P68_01 ok=True (91s)
2026-09-13T09:53:22 [R10] 5/128 R10C P68_02 ok=True (92s)
2026-09-13T09:54:54 [R10] 6/128 R10A P68_01 ok=True (183s)
2026-09-13T09:54:58 [R10] 7/128 R10A P68_01 ok=True (188s)
2026-09-13T09:54:59 [R10] 8/128 R10A P68_02 ok=True (188s)
2026-09-13T09:55:00 [R10] 9/128 R10A P68_01 ok=True (190s)
2026-09-13T09:55:01 [R10] 10/128 R10C P68_02 ok=True (191s)
2026-09-13T09:55:03 [R10] 11/128 R10C P68_02 ok=True (192s)
2026-09-13T09:55:10 [R10] 12/128 R10A P68_01 ok=True (200s)
2026-09-13T09:56:41 [R10] 13/128 R10A P68_02 ok=True (290s)
2026-09-13T09:56:41 [R10] 14/128 R10C P68_02 ok=True (291s)
2026-09-13T09:56:49 [R10] 15/128 R10C P68_03 ok=True (299s)
2026-09-13T09:56:51 [R10] 16/128 R10C P68_03 ok=True (301s)
2026-09-13T09:56:52 [R10] 17/128 R10A P68_02 ok=True (302s)
2026-09-13T09:57:01 [R10] 18/128 R10A P68_02 ok=True (310s)
2026-09-13T09:57:02 [R10] 19/128 R10C P68_03 ok=True (312s)
2026-09-13T09:58:25 [R10] 20/128 R10C P68_03 ok=True (395s)
2026-09-13T09:58:30 [R10] 21/128 R10A P68_03 ok=True (400s)
2026-09-13T09:58:33 [R10] 22/128 R10A P68_03 ok=True (403s)
2026-09-13T09:58:37 [R10] 23/128 R10C P68_04 ok=True (407s)
2026-09-13T09:58:52 [R10] 24/128 R10C P68_04 ok=True (422s)
2026-09-13T09:58:52 [R10] 25/128 R10A P68_03 ok=True (422s)
2026-09-13T10:00:10 [R10] 26/128 R10C P68_04 ok=True (500s)
2026-09-13T10:00:14 [R10] 27/128 R10A P68_03 ok=True (504s)
2026-09-13T10:00:22 [R10] 28/128 R10C P68_04 ok=True (512s)
2026-09-13T10:00:24 [R10] 29/128 R10A P68_04 ok=True (514s)
2026-09-13T10:00:27 [R10] 30/128 R10A P68_04 ok=True (517s)
2026-09-13T10:00:39 [R10] 31/128 R10C P68_05 ok=True (529s)
2026-09-13T10:00:51 [R10] 32/128 R10A P68_04 ok=True (540s)
2026-09-13T10:01:54 [R10] 33/128 R10A P68_05 ok=True (604s)
2026-09-13T10:01:56 [R10] 34/128 R10C P68_05 ok=True (606s)
2026-09-13T10:02:08 [R10] 35/128 R10A P68_04 ok=True (618s)
2026-09-13T10:02:15 [R10] 36/128 R10C P68_05 ok=True (625s)
2026-09-13T10:02:16 [R10] 37/128 R10A P68_05 ok=True (626s)
2026-09-13T10:02:17 [R10] 38/128 R10C P68_05 ok=True (626s)
2026-09-13T10:02:40 [R10] 39/128 R10C P68_06 ok=True (650s)
2026-09-13T10:03:33 [R10] 40/128 R10A P68_05 ok=True (703s)
2026-09-13T10:03:39 [R10] 41/128 R10A P68_05 ok=True (708s)
2026-09-13T10:03:48 [R10] 42/128 R10C P68_06 ok=True (718s)
2026-09-13T10:04:01 [R10] 43/128 R10C P68_06 ok=True (731s)
2026-09-13T10:04:02 [R10] 44/128 R10C P68_06 ok=True (732s)
2026-09-13T10:04:08 [R10] 45/128 R10A P68_06 ok=True (738s)
2026-09-13T10:05:14 [R10] 46/128 R10A P68_06 ok=True (804s)
2026-09-13T10:05:23 [R10] 47/128 R10C P68_07 ok=True (813s)
2026-09-13T10:05:32 [R10] 48/128 R10A P68_06 ok=True (821s)
2026-09-13T10:05:33 [R10] 49/128 R10A P68_06 ok=True (823s)
2026-09-13T10:05:37 [R10] 50/128 R10C P68_07 ok=True (827s)
2026-09-13T10:05:55 [R10] 51/128 R10C P68_07 ok=True (844s)
2026-09-13T10:06:09 [R10] 52/128 R10A P68_07 ok=True (859s)
2026-09-13T10:06:56 [R10] 53/128 R10C P68_07 ok=True (906s)
2026-09-13T10:06:59 [R10] 54/128 R10A P68_07 ok=True (908s)
2026-09-13T10:07:15 [R10] 55/128 R10A P68_07 ok=True (924s)
2026-09-13T10:07:16 [R10] 56/128 R10C P68_08 ok=True (926s)
2026-09-13T10:07:18 [R10] 57/128 R10A P68_07 ok=True (928s)
2026-09-13T10:07:23 [R10] 58/128 R10C P68_08 ok=True (933s)
2026-09-13T10:07:52 [R10] 59/128 R10C P68_08 ok=True (962s)
2026-09-13T10:08:35 [R10] 60/128 R10A P68_08 ok=True (1005s)
2026-09-13T10:08:36 [R10] 61/128 R10C P68_08 ok=True (1006s)
2026-09-13T10:08:44 [R10] 62/128 R10A P68_08 ok=True (1013s)
2026-09-13T10:08:57 [R10] 63/128 R10C P68_09 ok=True (1027s)
2026-09-13T10:09:03 [R10] 64/128 R10C P68_09 ok=True (1033s)
2026-09-13T10:09:05 [R10] 65/128 R10A P68_08 ok=True (1034s)
2026-09-13T10:09:49 [R10] 66/128 R10A P68_08 ok=True (1078s)
2026-09-13T10:10:14 [R10] 67/128 R10C P68_09 ok=True (1104s)
2026-09-13T10:10:19 [R10] 68/128 R10A P68_09 ok=True (1109s)
2026-09-13T10:10:19 [R10] 69/128 R10C P68_09 ok=True (1109s)
2026-09-13T10:10:20 [R10] 70/128 R10A P68_09 ok=True (1109s)
2026-09-13T10:10:44 [R10] 71/128 R10C P68_10 ok=True (1134s)
2026-09-13T10:10:56 [R10] 72/128 R10A P68_09 ok=True (1146s)
2026-09-13T10:11:37 [R10] 73/128 R10A P68_09 ok=True (1187s)
2026-09-13T10:11:37 [R10] 74/128 R10C P68_10 ok=True (1187s)
2026-09-13T10:12:07 [R10] 75/128 R10C P68_10 ok=True (1216s)
2026-09-13T10:12:07 [R10] 76/128 R10C P68_10 ok=True (1217s)
2026-09-13T10:12:10 [R10] 77/128 R10A P68_10 ok=True (1219s)
2026-09-13T10:12:18 [R10] 78/128 R10A P68_10 ok=True (1228s)
2026-09-13T10:12:45 [R10] 79/128 R10C P68_11 ok=True (1255s)
2026-09-13T10:13:14 [R10] 80/128 R10A P68_10 ok=True (1283s)
2026-09-13T10:13:16 [R10] 81/128 R10C P68_11 ok=True (1285s)
2026-09-13T10:13:23 [R10] 82/128 R10A P68_10 ok=True (1293s)
2026-09-13T10:13:41 [R10] 83/128 R10C P68_11 ok=True (1311s)
2026-09-13T10:13:47 [R10] 84/128 R10C P68_11 ok=True (1317s)
2026-09-13T10:13:49 [R10] 85/128 R10A P68_11 ok=True (1319s)
2026-09-13T10:14:31 [R10] 86/128 R10A P68_11 ok=True (1361s)
2026-09-13T10:14:44 [R10] 87/128 R10C P68_12 ok=True (1373s)
2026-09-13T10:14:51 [R10] 88/128 R10A P68_11 ok=True (1380s)
2026-09-13T10:14:54 [R10] 89/128 R10C P68_12 ok=True (1383s)
2026-09-13T10:14:57 [R10] 90/128 R10A P68_11 ok=True (1387s)
2026-09-13T10:15:19 [R10] 91/128 R10C P68_12 ok=True (1409s)
2026-09-13T10:15:29 [R10] 92/128 R10A P68_12 ok=True (1419s)
2026-09-13T10:15:58 [R10] 93/128 R10C P68_12 ok=True (1448s)
2026-09-13T10:16:00 [R10] 94/128 R10A P68_12 ok=True (1449s)
2026-09-13T10:16:21 [R10] 95/128 R10C P68_13 ok=True (1471s)
2026-09-13T10:16:25 [R10] 96/128 R10A P68_12 ok=True (1474s)
2026-09-13T10:16:26 [R10] 97/128 R10A P68_12 ok=True (1476s)
2026-09-13T10:16:27 [R10] 98/128 R10C P68_13 ok=True (1477s)
2026-09-13T10:16:59 [R10] 99/128 R10C P68_13 ok=True (1509s)
2026-09-13T10:17:25 [R10] 100/128 R10C P68_13 ok=True (1534s)
2026-09-13T10:17:28 [R10] 101/128 R10A P68_13 ok=True (1538s)
2026-09-13T10:17:38 [R10] 102/128 R10A P68_13 ok=True (1548s)
2026-09-13T10:17:54 [R10] 103/128 R10C P68_14 ok=True (1563s)
2026-09-13T10:17:57 [R10] 104/128 R10C P68_14 ok=True (1566s)
2026-09-13T10:18:04 [R10] 105/128 R10A P68_13 ok=True (1573s)
2026-09-13T10:18:34 [R10] 106/128 R10A P68_13 ok=True (1604s)
2026-09-13T10:18:53 [R10] 107/128 R10C P68_14 ok=True (1623s)
2026-09-13T10:19:03 [R10] 108/128 R10C P68_14 ok=True (1633s)
2026-09-13T10:19:04 [R10] 109/128 R10A P68_14 ok=True (1634s)
2026-09-13T10:19:08 [R10] 110/128 R10A P68_14 ok=True (1638s)
2026-09-13T10:19:26 [R10] 111/128 R10C P68_15 ok=True (1656s)
2026-09-13T10:19:41 [R10] 112/128 R10A P68_14 ok=True (1671s)
2026-09-13T10:20:03 [R10] 113/128 R10A P68_14 ok=True (1693s)
2026-09-13T10:20:03 [R10] 114/128 R10C P68_15 ok=True (1693s)
2026-09-13T10:20:32 [R10] 115/128 R10C P68_15 ok=True (1722s)
2026-09-13T10:20:33 [R10] 116/128 R10C P68_15 ok=True (1723s)
2026-09-13T10:20:35 [R10] 117/128 R10A P68_15 ok=True (1725s)
2026-09-13T10:20:48 [R10] 118/128 R10A P68_15 ok=True (1738s)
2026-09-13T10:21:10 [R10] 119/128 R10C P68_16 ok=True (1760s)
2026-09-13T10:21:32 [R10] 120/128 R10C P68_16 ok=True (1782s)
2026-09-13T10:21:34 [R10] 121/128 R10A P68_15 ok=True (1784s)
2026-09-13T10:21:38 [R10] 122/128 R10A P68_15 ok=True (1788s)
2026-09-13T10:21:57 [R10] 123/128 R10C P68_16 ok=True (1807s)
2026-09-13T10:22:04 [R10] 124/128 R10A P68_16 ok=True (1814s)
2026-09-13T10:22:07 [R10] 125/128 R10C P68_16 ok=True (1817s)
2026-09-13T10:22:32 [R10] 126/128 R10A P68_16 ok=True (1842s)
2026-09-13T10:22:49 [R10] 127/128 R10A P68_16 ok=True (1858s)
2026-09-13T10:22:53 [R10] 128/128 R10A P68_16 ok=True (1862s)
2026-09-13T10:22:53 [R10] COMPLETE in 1862s
2026-09-13T10:36:10 [R10] 40 tasks, 40 to run, workers=10
2026-09-13T10:39:08 [R10] 1/40 R15L P68_10 ok=True (178s)
2026-09-13T10:39:08 [R10] 2/40 R15L P68_10 ok=True (178s)
2026-09-13T10:39:17 [R10] 3/40 R15L P68_10 ok=True (187s)
2026-09-13T10:39:18 [R10] 4/40 R15L P68_10 ok=True (188s)
2026-09-13T10:39:18 [R10] 5/40 R15L P68_10 ok=True (188s)
2026-09-13T10:39:18 [R10] 6/40 R15L P68_10 ok=True (188s)
2026-09-13T10:39:19 [R10] 7/40 R15L P68_10 ok=True (189s)
2026-09-13T10:39:19 [R10] 8/40 R15L P68_10 ok=True (189s)
2026-09-13T10:39:20 [R10] 9/40 R15L P68_10 ok=True (190s)
2026-09-13T10:39:20 [R10] 10/40 R15L P68_10 ok=True (190s)
2026-09-13T10:42:02 [R10] 11/40 R15L P68_10 ok=True (352s)
2026-09-13T10:42:10 [R10] 12/40 R15L P68_10 ok=True (360s)
2026-09-13T10:42:12 [R10] 13/40 R15L P68_10 ok=True (362s)
2026-09-13T10:42:15 [R10] 14/40 R15L P68_10 ok=True (365s)
2026-09-13T10:42:19 [R10] 15/40 R15L P68_10 ok=True (369s)
2026-09-13T10:42:19 [R10] 16/40 R15L P68_10 ok=True (369s)
2026-09-13T10:42:20 [R10] 17/40 R15L P68_10 ok=True (370s)
2026-09-13T10:42:20 [R10] 18/40 R15L P68_10 ok=True (370s)
2026-09-13T10:42:20 [R10] 19/40 R15L P68_10 ok=True (371s)
2026-09-13T10:42:21 [R10] 20/40 R15L P68_10 ok=True (371s)
2026-09-13T10:44:49 [R10] 21/40 R15L P68_10 ok=True (519s)
2026-09-13T10:44:55 [R10] 22/40 R15L P68_10 ok=True (525s)
2026-09-13T10:44:57 [R10] 23/40 R15L P68_10 ok=True (527s)
2026-09-13T10:45:00 [R10] 24/40 R15L P68_10 ok=True (530s)
2026-09-13T10:45:01 [R10] 25/40 R15L P68_10 ok=True (531s)
2026-09-13T10:45:05 [R10] 26/40 R15L P68_10 ok=True (535s)
2026-09-13T10:45:06 [R10] 27/40 R15L P68_10 ok=True (537s)
2026-09-13T10:45:08 [R10] 28/40 R15L P68_10 ok=True (538s)
2026-09-13T10:45:09 [R10] 29/40 R15L P68_10 ok=True (539s)
2026-09-13T10:45:09 [R10] 30/40 R15L P68_10 ok=True (539s)
2026-09-13T10:47:42 [R10] 31/40 R15L P68_10 ok=True (692s)
2026-09-13T10:47:44 [R10] 32/40 R15L P68_10 ok=True (694s)
2026-09-13T10:47:50 [R10] 33/40 R15L P68_10 ok=True (700s)
2026-09-13T10:47:52 [R10] 34/40 R15L P68_10 ok=True (702s)
2026-09-13T10:47:55 [R10] 35/40 R15L P68_10 ok=True (705s)
2026-09-13T10:47:56 [R10] 36/40 R15L P68_10 ok=True (706s)
2026-09-13T10:47:58 [R10] 37/40 R15L P68_10 ok=True (708s)
2026-09-13T10:48:00 [R10] 38/40 R15L P68_10 ok=True (710s)
2026-09-13T10:48:01 [R10] 39/40 R15L P68_10 ok=True (711s)
2026-09-13T10:48:02 [R10] 40/40 R15L P68_10 ok=True (712s)
2026-09-13T10:48:02 [R10] COMPLETE in 712s
