uniform_0.1ms unchanged (-0.011100293248041427+30.919898111360457j) kappa 3.837315549006764e-06 effort 0.0
uniform_0.1ms sitewise (-0.003354324366186001+30.937271100042352j) kappa 1.4269660980445676e-20 effort 0.0031324074055247833
uniform_0.1ms collective (-0.060000101013278906+30.839910114651985j) kappa 6.924494343803905e-20 effort 0.005147494519249134
uniform_0.5ms unchanged (0.18110707318644867+30.74900800149014j) kappa 1.918657774503382e-05 effort 0.0
uniform_0.5ms sitewise (0.2196770901633007+30.834195124495597j) kappa 1.4017190431471863e-19 effort 0.015662037027623955
uniform_0.5ms collective (-0.060000098910124935+30.417099027170078j) kappa 8.470329472543003e-20 effort 0.038284047939747094
uniform_1ms unchanged (0.41395158149840194+30.536990060369927j) kappa 3.837315549006764e-05 effort 0.0
uniform_1ms sitewise (0.4906697094656869+30.70331761760959j) kappa 2.8034380862943726e-19 effort 0.03132407405524791
uniform_1ms collective (0.05507220577467275+29.63668205345177j) kappa -1.1773757966834775e-19 effort 0.0840629575680995
site30_1ms unchanged (0.3602133985758132+30.52660859287599j) kappa -1.808922589821832e-06 effort 0.0
site30_1ms sitewise (0.44257276404346607+30.68283072981798j) kappa 5.843626885870828e-21 effort 0.00944586214707681
site30_1ms collective (-0.0600000984953087+29.617753469997034j) kappa -2.430984558619842e-19 effort 0.050539407752894595
site31_1ms unchanged (-0.06054603333534968+30.962041339918635j) kappa 1.5325782602184063e-05 effort 0.0
site31_1ms sitewise (-0.060301951929129044+30.961885356336886j) kappa 8.215804336689565e-20 effort 0.009948376736367625
site31_1ms collective (-0.06387678772194749+30.95735479307811j) kappa 2.829090043829363e-19 effort 0.004413291769478955
site32_1ms unchanged (-0.06061693837257+30.96187997415195j) kappa 2.0544012511015205e-05 effort 0.0
site32_1ms sitewise (-0.06031458647834196+30.961704338600775j) kappa 1.1013178997916226e-19 effort 0.009948376736367625
site32_1ms collective (-0.06512453499293762+30.95551326032861j) kappa 2.337810934421869e-19 effort 0.005915960292560583
site33_1ms unchanged (-0.06016965590493938+30.9624888459354j) kappa -1.2293773683863077e-05 effort 0.0
site33_1ms sitewise (-0.060073372690912986+30.962431129918016j) kappa -6.590413146782367e-20 effort 0.009948376736367625
site33_1ms collective (-0.06000010308260057+30.962248313829715j) kappa -5.336307567702092e-20 effort 0.0035488764521227592
site34_1ms unchanged (-0.06018219363798769+30.962709099847505j) kappa 4.312835000926349e-06 effort 0.0
site34_1ms sitewise (-0.06015611646225316+30.962652315711615j) kappa 2.3120129929931055e-20 effort 0.009948376736367625
site34_1ms collective (-0.06108301667999937+30.961417942592103j) kappa 4.573977915173222e-20 effort 0.001241946314049677
site35_1ms unchanged (0.060871106532245055+30.458458592826187j) kappa -7.712108871382705e-06 effort 0.0
site35_1ms sitewise (0.13931201182765734+30.543295461629462j) kappa -4.1342865911133676e-20 effort 0.009948376736367625
site35_1ms collective (-0.06000009992373411+30.37197593457044j) kappa 1.6940658945086007e-20 effort 0.0153122933065261
site36_1ms unchanged (0.14462162728218342+30.5263592118051j) kappa 3.4523604825896838e-06 effort 0.0
site36_1ms sitewise (0.1949128241751937+30.626387175149397j) kappa 1.8507321264386128e-20 effort 0.009948376736367625
site36_1ms collective (-0.06000010072250566+30.111033642060026j) kappa 2.812149384884277e-19 effort 0.03572116706884024
site37_1ms unchanged (-0.015410012576919237+30.90302475464852j) kappa -5.565162833577209e-06 effort 0.0
site37_1ms sitewise (0.01677617364402427+30.91857404253647j) kappa 2.925960248931045e-20 effort 0.01001057971385636
site37_1ms collective (-0.06000009964972322+30.79501108698238j) kappa 1.9524109434211623e-19 effort 0.0070563687736453625
site38_1ms unchanged (-0.061238321934776296+30.96121940859946j) kappa 1.3941245593869593e-05 effort 0.0
site38_1ms sitewise (-0.0606343605622482+30.960893664462525j) kappa 7.473585459358227e-20 effort 0.009948376736367625
site38_1ms collective (-0.06419902907605735+30.956950437153953j) kappa 1.3637230450794235e-19 effort 0.004014593318512937
site39_1ms unchanged (0.051711744449896964+30.582689313437445j) kappa 8.176887278127567e-06 effort 0.0
site39_1ms sitewise (0.13424208319807834+30.77448831829245j) kappa 4.383443749925598e-20 effort 0.009948376736367625
site39_1ms collective (-0.06000010273586874+30.304434284684547j) kappa -4.3029273720518457e-19 effort 0.016326908772147746
ramp_1ms unchanged (0.17673323634365565+30.489979148337135j) kappa 1.834480617044662e-05 effort 0.0
ramp_1ms sitewise (0.2228375199339031+30.600775039083214j) kappa 5.665437290903484e-20 effort 0.018680993420956565
ramp_1ms collective (-0.060000099802795324+30.749797349793877j) kappa 3.8455295805345235e-19 effort 0.046327213805733826
