G regularity proved over box
edge=0 panel=0 accepted=4 total=4 seconds=7.9
edge=0 panel=1 accepted=4 total=8 seconds=15.7
edge=0 panel=2 accepted=4 total=12 seconds=23.5
edge=0 panel=3 accepted=4 total=16 seconds=31.5
edge=0 panel=4 accepted=4 total=20 seconds=39.5
edge=0 panel=5 accepted=4 total=24 seconds=47.3
edge=0 panel=6 accepted=4 total=28 seconds=55.1
edge=0 panel=7 accepted=4 total=32 seconds=63.2
edge=0 panel=8 accepted=4 total=36 seconds=71.1
edge=0 panel=9 accepted=4 total=40 seconds=79.0
edge=0 panel=10 accepted=4 total=44 seconds=86.8
edge=0 panel=11 accepted=4 total=48 seconds=94.6
edge=0 panel=12 accepted=4 total=52 seconds=102.4
edge=0 panel=13 accepted=4 total=56 seconds=110.1
edge=0 panel=14 accepted=4 total=60 seconds=117.9
edge=0 panel=15 accepted=4 total=64 seconds=125.7
edge=0 panel=16 accepted=4 total=68 seconds=133.7
edge=0 panel=17 accepted=4 total=72 seconds=141.7
edge=0 panel=18 accepted=4 total=76 seconds=149.7
edge=0 panel=19 accepted=4 total=80 seconds=157.5
edge=0 panel=20 accepted=4 total=84 seconds=165.1
edge=0 panel=21 accepted=4 total=88 seconds=173.0
edge=0 panel=22 accepted=4 total=92 seconds=180.8
edge=0 panel=23 accepted=4 total=96 seconds=188.6
edge=0 panel=24 accepted=4 total=100 seconds=196.6
edge=0 panel=25 accepted=4 total=104 seconds=204.5
edge=0 panel=26 accepted=4 total=108 seconds=212.3
edge=0 panel=27 accepted=4 total=112 seconds=220.1
edge=0 panel=28 accepted=3 total=115 seconds=225.9
edge=0 panel=29 accepted=2 total=117 seconds=229.3
edge=0 panel=30 accepted=2 total=119 seconds=232.7
edge=0 panel=31 accepted=2 total=121 seconds=236.4
edge=1 panel=0 accepted=2 total=123 seconds=239.8
edge=1 panel=1 accepted=2 total=125 seconds=243.3
edge=1 panel=2 accepted=2 total=127 seconds=246.9
edge=1 panel=3 accepted=2 total=129 seconds=250.4
edge=1 panel=4 accepted=2 total=131 seconds=254.2
edge=1 panel=5 accepted=4 total=135 seconds=262.3
edge=1 panel=6 accepted=4 total=139 seconds=270.4
edge=1 panel=7 accepted=4 total=143 seconds=278.7
edge=1 panel=8 accepted=4 total=147 seconds=286.9
edge=1 panel=9 accepted=4 total=151 seconds=295.1
edge=1 panel=10 accepted=4 total=155 seconds=303.2
edge=1 panel=11 accepted=4 total=159 seconds=311.1
edge=1 panel=12 accepted=4 total=163 seconds=319.0
edge=1 panel=13 accepted=4 total=167 seconds=326.9
edge=1 panel=14 accepted=4 total=171 seconds=334.8
edge=1 panel=15 accepted=4 total=175 seconds=342.9
edge=1 panel=16 accepted=4 total=179 seconds=350.7
edge=1 panel=17 accepted=4 total=183 seconds=358.6
edge=1 panel=18 accepted=4 total=187 seconds=366.7
edge=1 panel=19 accepted=4 total=191 seconds=374.6
edge=1 panel=20 accepted=4 total=195 seconds=382.3
edge=1 panel=21 accepted=4 total=199 seconds=390.1
edge=1 panel=22 accepted=4 total=203 seconds=398.1
edge=1 panel=23 accepted=4 total=207 seconds=405.9
edge=1 panel=24 accepted=4 total=211 seconds=413.7
edge=1 panel=25 accepted=4 total=215 seconds=421.8
edge=1 panel=26 accepted=4 total=219 seconds=429.6
edge=1 panel=27 accepted=4 total=223 seconds=437.6
edge=1 panel=28 accepted=4 total=227 seconds=445.7
edge=1 panel=29 accepted=3 total=230 seconds=451.4
edge=1 panel=30 accepted=2 total=232 seconds=454.9
edge=1 panel=31 accepted=2 total=234 seconds=458.3
edge=2 panel=0 accepted=2 total=236 seconds=461.7
edge=2 panel=1 accepted=2 total=238 seconds=465.2
edge=2 panel=2 accepted=3 total=241 seconds=470.9
edge=2 panel=3 accepted=4 total=245 seconds=479.0
edge=2 panel=4 accepted=4 total=249 seconds=486.8
edge=2 panel=5 accepted=4 total=253 seconds=494.8
edge=2 panel=6 accepted=4 total=257 seconds=502.8
edge=2 panel=7 accepted=4 total=261 seconds=510.7
edge=2 panel=8 accepted=4 total=265 seconds=518.5
edge=2 panel=9 accepted=4 total=269 seconds=526.6
edge=2 panel=10 accepted=4 total=273 seconds=534.5
edge=2 panel=11 accepted=4 total=277 seconds=542.5
edge=2 panel=12 accepted=4 total=281 seconds=550.3
edge=2 panel=13 accepted=4 total=285 seconds=558.2
edge=2 panel=14 accepted=4 total=289 seconds=566.1
edge=2 panel=15 accepted=4 total=293 seconds=573.9
edge=2 panel=16 accepted=4 total=297 seconds=581.8
edge=2 panel=17 accepted=4 total=301 seconds=589.8
edge=2 panel=18 accepted=4 total=305 seconds=597.7
edge=2 panel=19 accepted=4 total=309 seconds=605.7
edge=2 panel=20 accepted=4 total=313 seconds=613.6
edge=2 panel=21 accepted=4 total=317 seconds=621.6
edge=2 panel=22 accepted=4 total=321 seconds=629.6
edge=2 panel=23 accepted=4 total=325 seconds=637.6
edge=2 panel=24 accepted=4 total=329 seconds=645.7
edge=2 panel=25 accepted=4 total=333 seconds=653.8
edge=2 panel=26 accepted=4 total=337 seconds=661.7
edge=2 panel=27 accepted=4 total=341 seconds=669.8
edge=2 panel=28 accepted=4 total=345 seconds=677.6
edge=2 panel=29 accepted=4 total=349 seconds=685.4
edge=2 panel=30 accepted=4 total=353 seconds=693.3
edge=2 panel=31 accepted=4 total=357 seconds=701.3
edge=3 panel=0 accepted=4 total=361 seconds=709.1
edge=3 panel=1 accepted=4 total=365 seconds=717.2
edge=3 panel=2 accepted=4 total=369 seconds=725.1
edge=3 panel=3 accepted=4 total=373 seconds=732.9
edge=3 panel=4 accepted=4 total=377 seconds=740.8
edge=3 panel=5 accepted=4 total=381 seconds=748.9
edge=3 panel=6 accepted=4 total=385 seconds=756.9
edge=3 panel=7 accepted=4 total=389 seconds=764.8
edge=3 panel=8 accepted=4 total=393 seconds=772.8
edge=3 panel=9 accepted=4 total=397 seconds=780.6
edge=3 panel=10 accepted=4 total=401 seconds=788.5
edge=3 panel=11 accepted=4 total=405 seconds=796.2
edge=3 panel=12 accepted=4 total=409 seconds=804.0
edge=3 panel=13 accepted=4 total=413 seconds=811.9
edge=3 panel=14 accepted=4 total=417 seconds=819.6
edge=3 panel=15 accepted=4 total=421 seconds=827.6
edge=3 panel=16 accepted=4 total=425 seconds=835.6
edge=3 panel=17 accepted=4 total=429 seconds=843.6
edge=3 panel=18 accepted=4 total=433 seconds=851.6
edge=3 panel=19 accepted=4 total=437 seconds=859.6
edge=3 panel=20 accepted=4 total=441 seconds=867.6
edge=3 panel=21 accepted=4 total=445 seconds=875.5
edge=3 panel=22 accepted=4 total=449 seconds=883.3
edge=3 panel=23 accepted=4 total=453 seconds=891.1
edge=3 panel=24 accepted=4 total=457 seconds=899.0
edge=3 panel=25 accepted=4 total=461 seconds=906.9
edge=3 panel=26 accepted=4 total=465 seconds=914.9
edge=3 panel=27 accepted=4 total=469 seconds=922.9
edge=3 panel=28 accepted=4 total=473 seconds=930.9
edge=3 panel=29 accepted=4 total=477 seconds=938.7
edge=3 panel=30 accepted=4 total=481 seconds=946.6
edge=3 panel=31 accepted=4 total=485 seconds=954.6
{
  "G_regular": true,
  "all_panels_regular": true,
  "box_small_gain": true,
  "panel_count": 485,
  "q_max_upper": 0.9879423421795824,
  "count": {
    "real": "[1.0 +/- 0.0435]",
    "imag": "[+/- 0.0482]"
  },
  "count_one_proved": true,
  "root_sum": {
    "real": "[-0.1 +/- 0.0444]",
    "imag": "[0.3 +/- 0.0449]"
  },
  "affine_coefficients": [
    {
      "real": "[+/- 1.73]",
      "imag": "[+/- 2.66]"
    },
    {
      "real": "[+/- 1.02]",
      "imag": "[+/- 0.904]"
    },
    {
      "real": "[+/- 1.14]",
      "imag": "[+/- 1.02]"
    },
    {
      "real": "[+/- 1.45]",
      "imag": "[+/- 1.31]"
    },
    {
      "real": "[+/- 1.19]",
      "imag": "[+/- 1.06]"
    },
    {
      "real": "[+/- 1.52]",
      "imag": "[+/- 1.37]"
    },
    {
      "real": "[+/- 1.32]",
      "imag": "[+/- 1.20]"
    },
    {
      "real": "[+/- 1.15]",
      "imag": "[+/- 0.997]"
    },
    {
      "real": "[+/- 1.10]",
      "imag": "[+/- 0.943]"
    },
    {
      "real": "[+/- 12.6]",
      "imag": "[+/- 11.3]"
    },
    {
      "real": "[5e-6 +/- 3.60e-7]",
      "imag": "[2e-6 +/- 2.82e-7]"
    },
    {
      "real": "[3e-7 +/- 6.72e-8]",
      "imag": "[+/- 8.66e-7]"
    },
    {
      "real": "[5e-7 +/- 7.73e-8]",
      "imag": "[+/- 1.05e-6]"
    },
    {
      "real": "[+/- 7.99e-7]",
      "imag": "[+/- 4.04e-7]"
    },
    {
      "real": "[-8e-7 +/- 6.77e-8]",
      "imag": "[+/- 5.19e-7]"
    },
    {
      "real": "[+/- 6.40e-7]",
      "imag": "[+/- 7.74e-7]"
    },
    {
      "real": "[-5e-7 +/- 6.95e-8]",
      "imag": "[+/- 4.24e-7]"
    },
    {
      "real": "[6e-6 +/- 2.47e-7]",
      "imag": "[3e-6 +/- 6.86e-7]"
    },
    {
      "real": "[+/- 1.28e-7]",
      "imag": "[3e-6 +/- 2.49e-7]"
    },
    {
      "real": "[9e-7 +/- 6.10e-8]",
      "imag": "[+/- 3.53e-7]"
    },
    {
      "real": "[+/- 6.33e-7]",
      "imag": "[-1.5e-5 +/- 5.30e-7]"
    },
    {
      "real": "[2e-6 +/- 4.32e-7]",
      "imag": "[-2e-6 +/- 6.29e-7]"
    },
    {
      "real": "[2e-6 +/- 2.22e-7]",
      "imag": "[-2e-6 +/- 4.09e-7]"
    },
    {
      "real": "[1e-6 +/- 6.27e-7]",
      "imag": "[2e-6 +/- 5.16e-7]"
    },
    {
      "real": "[+/- 3.74e-7]",
      "imag": "[3e-6 +/- 5.43e-7]"
    },
    {
      "real": "[2e-6 +/- 4.62e-7]",
      "imag": "[+/- 1.13e-6]"
    },
    {
      "real": "[1e-6 +/- 4.41e-7]",
      "imag": "[1e-6 +/- 1.73e-7]"
    },
    {
      "real": "[+/- 1.29e-6]",
      "imag": "[-1.9e-5 +/- 8.79e-7]"
    },
    {
      "real": "[8e-6 +/- 3.96e-7]",
      "imag": "[-3e-6 +/- 3.07e-7]"
    },
    {
      "real": "[-2e-7 +/- 7.35e-8]",
      "imag": "[-2.6e-6 +/- 9.09e-8]"
    }
  ],
  "remainder_upper_for_count_one": "[4.45817808633024252371480549875889727 +/- 5.83e-36]",
  "seconds": 954.5902476,
  "scope": "exported binary64 model, one contour only"
}

