rho0.875_hz0.25 slack 0.00011812194025550158
rho0.875_hz0.5 slack 0.00034038407929323566
rho0.875_hz1 slack 0.029192258136723426
rho0.875_hz2 slack 0.03300310444611757
rho0.875_hz3 slack -0.09520338145966654
rho0.875_hz4 slack -0.09917980181897518
rho0.875_hz5 slack -0.09031838533140993
rho0.875_hz6 slack -0.057763677764764224
rho0.875_hz8 slack 0.008029070059856855
rho0.875_hz10 slack 0.07750625284112728
rho0.9_hz0.25 slack 8.664728538657872e-05
rho0.9_hz0.5 slack 0.00021745491501155633
rho0.9_hz1 slack 0.021735391779814425
rho0.9_hz2 slack 0.027219227278547867
rho0.9_hz3 slack -0.09341310475778888
rho0.9_hz4 slack -0.09915365203215522
rho0.9_hz5 slack -0.08878936032624993
rho0.9_hz6 slack -0.05119522972398644
rho0.9_hz8 slack 0.015163547782014938
rho0.9_hz10 slack 0.0768185334448223
rho0.95_hz0.25 slack 3.743816326713513e-05
rho0.95_hz0.5 slack 0.00013204166567173272
rho0.95_hz1 slack 0.006102366159305664
rho0.95_hz2 slack 0.016518088170724577
rho0.95_hz3 slack -0.09007161649660068
rho0.95_hz4 slack -0.09934961245464946
rho0.95_hz5 slack -0.08636917329962666
rho0.95_hz6 slack -0.044112447275667044
rho0.95_hz8 slack 0.02906210387590297
rho0.95_hz10 slack 0.07515151475479712
rho0.975_hz0.25 slack 1.788448570075367e-05
rho0.975_hz0.5 slack 0.00016341998354884766
rho0.975_hz1 slack 0.0010110356331389143
rho0.975_hz2 slack 0.008769086362282148
rho0.975_hz3 slack -0.089075711763898
rho0.975_hz4 slack -0.0996028373556679
rho0.975_hz5 slack -0.08589064631470564
rho0.975_hz6 slack -0.04369217647855609
rho0.975_hz8 slack 0.03377758920011628
rho0.975_hz10 slack 0.0742709168465675
rho0.99_hz0.25 slack 1.3079734254135616e-05
rho0.99_hz0.5 slack 0.00020892355756981323
rho0.99_hz1 slack 0.00276574754162144
rho0.99_hz2 slack 0.0020026798044426755
rho0.99_hz3 slack -0.08888417225426527
rho0.99_hz4 slack -0.09979609157731478
rho0.99_hz5 slack -0.08596871351057113
rho0.99_hz6 slack -0.044234493941375894
rho0.99_hz8 slack 0.03527113618529241
rho0.99_hz10 slack 0.07376954133927838
TRUE_ROOT_CHECKS_PASS
