[sens4_joint] it 0: worst Re=+0.9688 @ 4.649 Hz, beyond margin=5, radius=0.1000
[sens4_joint] it 1: worst Re=+0.9688 @ 4.649 Hz, beyond margin=5, radius=0.0500
[sens4_joint] it 2: worst Re=+0.9288 @ 4.681 Hz, beyond margin=4, radius=0.0500
[sens4_joint] it 3: worst Re=+0.9288 @ 4.681 Hz, beyond margin=4, radius=0.0250
[sens4_joint] it 4: worst Re=+0.9288 @ 4.681 Hz, beyond margin=4, radius=0.0125
[sens4_joint] it 5: worst Re=+0.9288 @ 4.681 Hz, beyond margin=4, radius=0.0063
[sens4_joint] it 6: worst Re=+0.9288 @ 4.681 Hz, beyond margin=4, radius=0.0031
[sens4_joint] it 7: worst Re=+0.9288 @ 4.681 Hz, beyond margin=4, radius=0.0016
[sens4_joint] it 8: worst Re=+0.9287 @ 4.718 Hz, beyond margin=4, radius=0.0016
[sens4_joint] it 9: worst Re=+0.9287 @ 4.720 Hz, beyond margin=4, radius=0.0016
[sens4_joint] it 10: worst Re=+0.9287 @ 4.723 Hz, beyond margin=4, radius=0.0016
[sens4_joint] it 11: worst Re=+0.9287 @ 4.725 Hz, beyond margin=4, radius=0.0016
[sens4_joint] it 12: worst Re=+0.9287 @ 4.727 Hz, beyond margin=4, radius=0.0016
[sens4_joint] it 13: worst Re=+0.9286 @ 4.729 Hz, beyond margin=4, radius=0.0016
[sens4_joint] it 14: worst Re=+0.9286 @ 4.732 Hz, beyond margin=4, radius=0.0016
[sens4_joint] it 15: worst Re=+0.9286 @ 4.734 Hz, beyond margin=4, radius=0.0016
[sens4_joint] it 16: worst Re=+0.9286 @ 4.736 Hz, beyond margin=4, radius=0.0016
[sens4_joint] it 17: worst Re=+0.9286 @ 4.738 Hz, beyond margin=4, radius=0.0016
[sens4_joint] it 18: worst Re=+0.9286 @ 4.740 Hz, beyond margin=4, radius=0.0016
[sens4_joint] it 19: worst Re=+0.9286 @ 4.742 Hz, beyond margin=4, radius=0.0016
[sens4_joint] it 20: worst Re=+0.9285 @ 4.744 Hz, beyond margin=4, radius=0.0016
[sens4_joint] it 21: worst Re=+0.9285 @ 4.746 Hz, beyond margin=4, radius=0.0016
[sens4_joint] it 22: worst Re=+0.9285 @ 4.747 Hz, beyond margin=4, radius=0.0016
[sens4_joint] it 23: worst Re=+0.9285 @ 4.748 Hz, beyond margin=4, radius=0.0016
[sens4_joint] it 24: worst Re=+0.9285 @ 4.749 Hz, beyond margin=4, radius=0.0016
[sens4_joint] it 25: worst Re=+0.9285 @ 4.885 Hz, beyond margin=4, radius=0.0016
[sens4_joint] it 26: worst Re=+0.9285 @ 4.887 Hz, beyond margin=4, radius=0.0016
[sens4_joint] it 27: worst Re=+0.9285 @ 4.888 Hz, beyond margin=4, radius=0.0016
[sens4_joint] it 28: worst Re=+0.9285 @ 4.889 Hz, beyond margin=4, radius=0.0016
[sens4_joint] it 29: worst Re=+0.9284 @ 4.890 Hz, beyond margin=4, radius=0.0016
[sens4_joint] it 30: worst Re=+0.9284 @ 4.892 Hz, beyond margin=4, radius=0.0016
[sens4_joint] it 31: worst Re=+0.9284 @ 4.893 Hz, beyond margin=5, radius=0.0016
[sens4_joint] it 32: worst Re=+0.9284 @ 4.895 Hz, beyond margin=5, radius=0.0016
[sens4_joint] it 33: worst Re=+0.9284 @ 4.896 Hz, beyond margin=5, radius=0.0016
[sens4_joint] it 34: worst Re=+0.9284 @ 4.898 Hz, beyond margin=5, radius=0.0016
[sens4_joint] it 35: worst Re=+0.9284 @ 4.899 Hz, beyond margin=5, radius=0.0016
[sens4_joint] it 36: worst Re=+0.9284 @ 4.741 Hz, beyond margin=5, radius=0.0016
[sens4_joint] it 37: worst Re=+0.9284 @ 4.739 Hz, beyond margin=5, radius=0.0016
[sens4_joint] it 38: worst Re=+0.9284 @ 4.736 Hz, beyond margin=5, radius=0.0016
[sens4_joint] it 39: worst Re=+0.9283 @ 4.734 Hz, beyond margin=5, radius=0.0016
[sens4_joint] it 40: worst Re=+0.9283 @ 4.731 Hz, beyond margin=5, radius=0.0016
[sens4_joint] it 41: worst Re=+0.9283 @ 4.729 Hz, beyond margin=5, radius=0.0016
[sens4_joint] it 42: worst Re=+0.9283 @ 4.726 Hz, beyond margin=5, radius=0.0016
[sens4_joint] it 43: worst Re=+0.9283 @ 4.723 Hz, beyond margin=5, radius=0.0016
[sens4_joint] it 44: worst Re=+0.9283 @ 4.721 Hz, beyond margin=5, radius=0.0016
[sens4_joint] it 45: worst Re=+0.9282 @ 4.718 Hz, beyond margin=5, radius=0.0016
[sens4_joint] it 46: worst Re=+0.9282 @ 4.715 Hz, beyond margin=5, radius=0.0016
[sens4_joint] it 47: worst Re=+0.9282 @ 4.713 Hz, beyond margin=5, radius=0.0016
[sens4_joint] it 48: worst Re=+0.9281 @ 4.710 Hz, beyond margin=5, radius=0.0016
[sens4_joint] it 49: worst Re=+0.9281 @ 4.707 Hz, beyond margin=5, radius=0.0016
[sens4_joint] it 50: worst Re=+0.9281 @ 4.704 Hz, beyond margin=5, radius=0.0016
[sens4_joint] it 51: worst Re=+0.9280 @ 4.702 Hz, beyond margin=5, radius=0.0016
[sens4_joint] it 52: worst Re=+0.9279 @ 4.699 Hz, beyond margin=5, radius=0.0016
[sens4_joint] it 53: worst Re=+0.9278 @ 4.696 Hz, beyond margin=5, radius=0.0016
[sens4_joint] it 54: worst Re=+0.9277 @ 4.693 Hz, beyond margin=5, radius=0.0016
[sens4_joint] it 55: worst Re=+0.9274 @ 4.924 Hz, beyond margin=5, radius=0.0016
[sens4_joint] it 56: worst Re=+0.9272 @ 4.687 Hz, beyond margin=5, radius=0.0016
[sens4_joint] it 57: worst Re=+0.9272 @ 4.687 Hz, beyond margin=5, radius=0.0008
FINAL {'label': 'sens4_joint', 'kind': 'joint', 'sites': '30 37 39 38', 'N_unstable': 10, 'N_margin_excl_gauge': 10, 'max_noninteger_winding': np.float64(6.012967901369848e-12), 'iterations': 57, 'success': False, 'Kp': '28.6112 28.2743 28.2743 28.2743 28.2743 28.2743 28.2743 28.2440 26.4843 30.3024', 'Ki': '237.3157 246.7401 246.7401 246.7401 246.7401 246.7401 246.7401 262.9372 279.7116 223.8268', 'worst_re_catalog': np.float64(0.9272095938002697)}
[sens4_ki] it 0: worst Re=+0.9688 @ 4.649 Hz, beyond margin=5, radius=0.1000
[sens4_ki] it 1: worst Re=+0.9494 @ 4.653 Hz, beyond margin=5, radius=0.1000
[sens4_ki] it 2: worst Re=+0.9494 @ 4.653 Hz, beyond margin=5, radius=0.0500
[sens4_ki] it 3: worst Re=+0.9338 @ 4.653 Hz, beyond margin=5, radius=0.0500
[sens4_ki] it 4: worst Re=+0.9338 @ 4.653 Hz, beyond margin=5, radius=0.0250
[sens4_ki] it 5: worst Re=+0.9303 @ 4.652 Hz, beyond margin=5, radius=0.0250
[sens4_ki] it 6: worst Re=+0.9300 @ 4.651 Hz, beyond margin=5, radius=0.0250
[sens4_ki] it 7: worst Re=+0.9294 @ 4.650 Hz, beyond margin=5, radius=0.0250
[sens4_ki] it 8: worst Re=+0.9291 @ 4.649 Hz, beyond margin=4, radius=0.0250
[sens4_ki] it 9: worst Re=+0.9288 @ 4.648 Hz, beyond margin=4, radius=0.0250
[sens4_ki] it 10: worst Re=+0.9285 @ 4.646 Hz, beyond margin=4, radius=0.0250
[sens4_ki] it 11: worst Re=+0.9283 @ 4.645 Hz, beyond margin=4, radius=0.0250
[sens4_ki] it 12: worst Re=+0.9280 @ 4.644 Hz, beyond margin=4, radius=0.0250
[sens4_ki] it 13: worst Re=+0.9279 @ 4.681 Hz, beyond margin=4, radius=0.0250
[sens4_ki] it 14: worst Re=+0.9278 @ 4.681 Hz, beyond margin=4, radius=0.0250
[sens4_ki] it 15: worst Re=+0.9277 @ 4.681 Hz, beyond margin=5, radius=0.0250
[sens4_ki] it 16: worst Re=+0.9277 @ 4.681 Hz, beyond margin=5, radius=0.0125
[sens4_ki] it 17: worst Re=+0.9276 @ 4.681 Hz, beyond margin=5, radius=0.0125
[sens4_ki] it 18: worst Re=+0.9276 @ 4.681 Hz, beyond margin=5, radius=0.0063
[sens4_ki] it 19: worst Re=+0.9276 @ 4.681 Hz, beyond margin=5, radius=0.0063
[sens4_ki] it 20: worst Re=+0.9275 @ 4.694 Hz, beyond margin=5, radius=0.0063
[sens4_ki] it 21: worst Re=+0.9274 @ 4.681 Hz, beyond margin=5, radius=0.0063
[sens4_ki] it 22: worst Re=+0.9274 @ 4.681 Hz, beyond margin=6, radius=0.0063
[sens4_ki] it 23: worst Re=+0.9274 @ 4.681 Hz, beyond margin=6, radius=0.0063
[sens4_ki] it 24: worst Re=+0.9274 @ 4.681 Hz, beyond margin=6, radius=0.0063
[sens4_ki] it 25: worst Re=+0.9273 @ 4.681 Hz, beyond margin=6, radius=0.0063
[sens4_ki] it 26: worst Re=+0.9273 @ 4.681 Hz, beyond margin=6, radius=0.0063
[sens4_ki] it 27: worst Re=+0.9273 @ 4.681 Hz, beyond margin=6, radius=0.0063
[sens4_ki] it 28: worst Re=+0.9273 @ 4.681 Hz, beyond margin=6, radius=0.0063
[sens4_ki] it 29: worst Re=+0.9272 @ 4.681 Hz, beyond margin=6, radius=0.0063
[sens4_ki] it 30: worst Re=+0.9272 @ 4.681 Hz, beyond margin=6, radius=0.0063
[sens4_ki] it 31: worst Re=+0.9272 @ 4.681 Hz, beyond margin=6, radius=0.0063
[sens4_ki] it 32: worst Re=+0.9272 @ 4.681 Hz, beyond margin=6, radius=0.0063
[sens4_ki] it 33: worst Re=+0.9271 @ 4.681 Hz, beyond margin=6, radius=0.0063
[sens4_ki] it 34: worst Re=+0.9271 @ 4.681 Hz, beyond margin=6, radius=0.0063
[sens4_ki] it 35: worst Re=+0.9271 @ 4.681 Hz, beyond margin=6, radius=0.0063
[sens4_ki] it 36: worst Re=+0.9271 @ 4.681 Hz, beyond margin=6, radius=0.0063
[sens4_ki] it 37: worst Re=+0.9271 @ 4.681 Hz, beyond margin=6, radius=0.0063
[sens4_ki] it 38: worst Re=+0.9270 @ 4.681 Hz, beyond margin=6, radius=0.0063
[sens4_ki] it 39: worst Re=+0.9270 @ 4.681 Hz, beyond margin=6, radius=0.0063
[sens4_ki] it 40: worst Re=+0.9270 @ 4.681 Hz, beyond margin=6, radius=0.0063
[sens4_ki] it 41: worst Re=+0.9270 @ 4.634 Hz, beyond margin=6, radius=0.0063
[sens4_ki] it 42: worst Re=+0.9270 @ 4.634 Hz, beyond margin=6, radius=0.0063
[sens4_ki] it 43: worst Re=+0.9270 @ 4.634 Hz, beyond margin=6, radius=0.0063
[sens4_ki] it 44: worst Re=+0.9270 @ 4.634 Hz, beyond margin=6, radius=0.0063
[sens4_ki] it 45: worst Re=+0.9270 @ 4.634 Hz, beyond margin=6, radius=0.0063
[sens4_ki] it 46: worst Re=+0.9270 @ 4.634 Hz, beyond margin=6, radius=0.0063
[sens4_ki] it 47: worst Re=+0.9270 @ 4.634 Hz, beyond margin=6, radius=0.0063
[sens4_ki] it 48: worst Re=+0.9270 @ 4.634 Hz, beyond margin=6, radius=0.0063
[sens4_ki] it 49: worst Re=+0.9270 @ 4.681 Hz, beyond margin=6, radius=0.0063
[sens4_ki] it 50: worst Re=+0.9270 @ 4.681 Hz, beyond margin=6, radius=0.0063
[sens4_ki] it 51: worst Re=+0.9270 @ 4.681 Hz, beyond margin=6, radius=0.0063
[sens4_ki] it 52: worst Re=+0.9270 @ 4.681 Hz, beyond margin=6, radius=0.0063
[sens4_ki] it 53: worst Re=+0.9270 @ 4.681 Hz, beyond margin=6, radius=0.0063
[sens4_ki] it 54: worst Re=+0.9270 @ 4.681 Hz, beyond margin=6, radius=0.0063
[sens4_ki] it 55: worst Re=+0.9270 @ 4.681 Hz, beyond margin=6, radius=0.0063
[sens4_ki] it 56: worst Re=+0.9270 @ 4.681 Hz, beyond margin=6, radius=0.0063
[sens4_ki] it 57: worst Re=+0.9270 @ 4.681 Hz, beyond margin=6, radius=0.0063
[sens4_ki] it 58: worst Re=+0.9270 @ 4.681 Hz, beyond margin=6, radius=0.0031
[sens4_ki] it 59: worst Re=+0.9270 @ 4.681 Hz, beyond margin=6, radius=0.0016
[sens4_ki] it 60: worst Re=+0.9270 @ 4.681 Hz, beyond margin=6, radius=0.0008
FINAL {'label': 'sens4_ki', 'kind': 'ki', 'sites': '30 37 39 38', 'N_unstable': 10, 'N_margin_excl_gauge': 12, 'max_noninteger_winding': np.float64(2.634314988370079e-11), 'iterations': 60, 'success': False, 'Kp': '28.2743 28.2743 28.2743 28.2743 28.2743 28.2743 28.2743 28.2743 28.2743 28.2743', 'Ki': '248.0847 246.7401 246.7401 246.7401 246.7401 246.7401 246.7401 168.5603 437.3893 258.8346', 'worst_re_catalog': np.float64(0.926974578062465)}
[core4_joint] it 0: worst Re=+0.9688 @ 4.649 Hz, beyond margin=5, radius=0.1000
[core4_joint] it 1: worst Re=+0.9563 @ 4.903 Hz, beyond margin=5, radius=0.1000
[core4_joint] it 2: worst Re=+0.8050 @ 4.125 Hz, beyond margin=4, radius=0.1000
[core4_joint] it 3: worst Re=+0.7750 @ 3.888 Hz, beyond margin=5, radius=0.1000
[core4_joint] it 4: worst Re=+0.7750 @ 3.888 Hz, beyond margin=5, radius=0.0500
[core4_joint] it 5: worst Re=+0.6808 @ 3.774 Hz, beyond margin=4, radius=0.0500
[core4_joint] it 6: worst Re=+0.6808 @ 3.774 Hz, beyond margin=4, radius=0.0250
[core4_joint] it 7: worst Re=+0.6614 @ 3.717 Hz, beyond margin=5, radius=0.0250
[core4_joint] it 8: worst Re=+0.6614 @ 3.717 Hz, beyond margin=5, radius=0.0125
[core4_joint] it 9: worst Re=+0.6540 @ 3.688 Hz, beyond margin=4, radius=0.0125
[core4_joint] it 10: worst Re=+0.6540 @ 3.688 Hz, beyond margin=4, radius=0.0063
[core4_joint] it 11: worst Re=+0.6504 @ 3.673 Hz, beyond margin=5, radius=0.0063
[core4_joint] it 12: worst Re=+0.6504 @ 3.673 Hz, beyond margin=5, radius=0.0031
[core4_joint] it 13: worst Re=+0.6490 @ 3.666 Hz, beyond margin=5, radius=0.0031
[core4_joint] it 14: worst Re=+0.6489 @ 3.659 Hz, beyond margin=5, radius=0.0031
[core4_joint] it 15: worst Re=+0.6488 @ 3.652 Hz, beyond margin=5, radius=0.0031
[core4_joint] it 16: worst Re=+0.6488 @ 3.652 Hz, beyond margin=5, radius=0.0016
[core4_joint] it 17: worst Re=+0.6484 @ 3.648 Hz, beyond margin=5, radius=0.0016
[core4_joint] it 18: worst Re=+0.6484 @ 3.645 Hz, beyond margin=5, radius=0.0016
[core4_joint] it 19: worst Re=+0.6483 @ 3.641 Hz, beyond margin=5, radius=0.0016
[core4_joint] it 20: worst Re=+0.6482 @ 3.638 Hz, beyond margin=5, radius=0.0016
[core4_joint] it 21: worst Re=+0.6482 @ 3.634 Hz, beyond margin=5, radius=0.0016
[core4_joint] it 22: worst Re=+0.6482 @ 3.631 Hz, beyond margin=5, radius=0.0016
[core4_joint] it 23: worst Re=+0.6481 @ 3.627 Hz, beyond margin=5, radius=0.0016
[core4_joint] it 24: worst Re=+0.6481 @ 3.624 Hz, beyond margin=5, radius=0.0016
[core4_joint] it 25: worst Re=+0.6480 @ 3.620 Hz, beyond margin=5, radius=0.0016
[core4_joint] it 26: worst Re=+0.6479 @ 3.617 Hz, beyond margin=5, radius=0.0016
[core4_joint] it 27: worst Re=+0.6479 @ 3.613 Hz, beyond margin=5, radius=0.0016
[core4_joint] it 28: worst Re=+0.6478 @ 3.610 Hz, beyond margin=5, radius=0.0016
[core4_joint] it 29: worst Re=+0.6477 @ 3.607 Hz, beyond margin=5, radius=0.0016
[core4_joint] it 30: worst Re=+0.6477 @ 3.603 Hz, beyond margin=5, radius=0.0016
[core4_joint] it 31: worst Re=+0.6476 @ 3.600 Hz, beyond margin=5, radius=0.0016
[core4_joint] it 32: worst Re=+0.6475 @ 3.597 Hz, beyond margin=5, radius=0.0016
[core4_joint] it 33: worst Re=+0.6475 @ 3.594 Hz, beyond margin=5, radius=0.0016
[core4_joint] it 34: worst Re=+0.6474 @ 3.590 Hz, beyond margin=5, radius=0.0016
[core4_joint] it 35: worst Re=+0.6473 @ 3.587 Hz, beyond margin=5, radius=0.0016
[core4_joint] it 36: worst Re=+0.6473 @ 3.585 Hz, beyond margin=5, radius=0.0016
[core4_joint] it 37: worst Re=+0.6472 @ 3.582 Hz, beyond margin=5, radius=0.0016
[core4_joint] it 38: worst Re=+0.6471 @ 3.579 Hz, beyond margin=5, radius=0.0016
[core4_joint] it 39: worst Re=+0.6471 @ 3.576 Hz, beyond margin=5, radius=0.0016
[core4_joint] it 40: worst Re=+0.6470 @ 3.573 Hz, beyond margin=5, radius=0.0016
[core4_joint] it 41: worst Re=+0.6469 @ 3.571 Hz, beyond margin=5, radius=0.0016
[core4_joint] it 42: worst Re=+0.6469 @ 3.568 Hz, beyond margin=5, radius=0.0016
[core4_joint] it 43: worst Re=+0.6468 @ 3.566 Hz, beyond margin=5, radius=0.0016
[core4_joint] it 44: worst Re=+0.6467 @ 3.563 Hz, beyond margin=5, radius=0.0016
[core4_joint] it 45: worst Re=+0.6466 @ 3.561 Hz, beyond margin=5, radius=0.0016
[core4_joint] it 46: worst Re=+0.6466 @ 3.559 Hz, beyond margin=5, radius=0.0016
[core4_joint] it 47: worst Re=+0.6465 @ 3.556 Hz, beyond margin=5, radius=0.0016
[core4_joint] it 48: worst Re=+0.6464 @ 4.714 Hz, beyond margin=5, radius=0.0016
[core4_joint] it 49: worst Re=+0.6464 @ 3.552 Hz, beyond margin=5, radius=0.0016
[core4_joint] it 50: worst Re=+0.6463 @ 4.714 Hz, beyond margin=5, radius=0.0016
[core4_joint] it 51: worst Re=+0.6462 @ 4.714 Hz, beyond margin=5, radius=0.0016
[core4_joint] it 52: worst Re=+0.6461 @ 4.714 Hz, beyond margin=5, radius=0.0016
[core4_joint] it 53: worst Re=+0.6461 @ 4.714 Hz, beyond margin=5, radius=0.0016
[core4_joint] it 54: worst Re=+0.6460 @ 4.714 Hz, beyond margin=5, radius=0.0016
[core4_joint] it 55: worst Re=+0.6459 @ 4.714 Hz, beyond margin=5, radius=0.0016
[core4_joint] it 56: worst Re=+0.6458 @ 4.714 Hz, beyond margin=5, radius=0.0016
[core4_joint] it 57: worst Re=+0.6457 @ 4.714 Hz, beyond margin=5, radius=0.0016
[core4_joint] it 58: worst Re=+0.6457 @ 4.714 Hz, beyond margin=5, radius=0.0016
[core4_joint] it 59: worst Re=+0.6456 @ 4.714 Hz, beyond margin=5, radius=0.0016
[core4_joint] it 60: worst Re=+0.6455 @ 4.714 Hz, beyond margin=5, radius=0.0016
FINAL {'label': 'core4_joint', 'kind': 'joint', 'sites': '30 35 36 37', 'N_unstable': 8, 'N_margin_excl_gauge': 10, 'max_noninteger_winding': np.float64(3.1312730186527915e-12), 'iterations': 60, 'success': False, 'Kp': '17.8030 28.2743 28.2743 28.2743 28.2743 19.1007 30.1880 17.9869 28.2743 28.2743', 'Ki': '264.3593 246.7401 246.7401 246.7401 246.7401 184.0881 217.0680 311.3635 246.7401 246.7401', 'worst_re_catalog': np.float64(0.6454945212849832)}
[core4_ki] it 0: worst Re=+0.9688 @ 4.649 Hz, beyond margin=5, radius=0.1000
[core4_ki] it 1: worst Re=+0.6902 @ 4.713 Hz, beyond margin=5, radius=0.1000
[core4_ki] it 2: worst Re=+0.6902 @ 4.713 Hz, beyond margin=5, radius=0.0500
[core4_ki] it 3: worst Re=+0.6902 @ 4.713 Hz, beyond margin=5, radius=0.0250
[core4_ki] it 4: worst Re=+0.6896 @ 4.667 Hz, beyond margin=5, radius=0.0250
[core4_ki] it 5: worst Re=+0.6888 @ 4.667 Hz, beyond margin=5, radius=0.0250
[core4_ki] it 6: worst Re=+0.6883 @ 4.666 Hz, beyond margin=5, radius=0.0250
[core4_ki] it 7: worst Re=+0.6879 @ 4.666 Hz, beyond margin=5, radius=0.0250
[core4_ki] it 8: worst Re=+0.6875 @ 4.665 Hz, beyond margin=5, radius=0.0250
[core4_ki] it 9: worst Re=+0.6872 @ 4.665 Hz, beyond margin=4, radius=0.0250
[core4_ki] it 10: worst Re=+0.6870 @ 4.665 Hz, beyond margin=4, radius=0.0250
[core4_ki] it 11: worst Re=+0.6868 @ 4.664 Hz, beyond margin=4, radius=0.0250
[core4_ki] it 12: worst Re=+0.6866 @ 4.664 Hz, beyond margin=4, radius=0.0250
[core4_ki] it 13: worst Re=+0.6865 @ 4.664 Hz, beyond margin=4, radius=0.0250
[core4_ki] it 14: worst Re=+0.6863 @ 4.663 Hz, beyond margin=4, radius=0.0250
[core4_ki] it 15: worst Re=+0.6862 @ 4.663 Hz, beyond margin=4, radius=0.0250
[core4_ki] it 16: worst Re=+0.6861 @ 4.663 Hz, beyond margin=4, radius=0.0250
[core4_ki] it 17: worst Re=+0.6861 @ 4.663 Hz, beyond margin=4, radius=0.0250
[core4_ki] it 18: worst Re=+0.6860 @ 4.663 Hz, beyond margin=4, radius=0.0250
[core4_ki] it 19: worst Re=+0.6859 @ 4.662 Hz, beyond margin=4, radius=0.0250
[core4_ki] it 20: worst Re=+0.6859 @ 4.662 Hz, beyond margin=4, radius=0.0250
[core4_ki] it 21: worst Re=+0.6859 @ 4.662 Hz, beyond margin=4, radius=0.0250
[core4_ki] it 22: worst Re=+0.6858 @ 4.662 Hz, beyond margin=4, radius=0.0250
[core4_ki] it 23: worst Re=+0.6858 @ 4.662 Hz, beyond margin=4, radius=0.0250
[core4_ki] it 24: worst Re=+0.6858 @ 4.662 Hz, beyond margin=4, radius=0.0250
[core4_ki] it 25: worst Re=+0.6857 @ 4.662 Hz, beyond margin=4, radius=0.0250
[core4_ki] it 26: worst Re=+0.6857 @ 4.661 Hz, beyond margin=4, radius=0.0250
[core4_ki] it 27: worst Re=+0.6857 @ 4.661 Hz, beyond margin=4, radius=0.0250
[core4_ki] it 28: worst Re=+0.6857 @ 4.661 Hz, beyond margin=4, radius=0.0250
[core4_ki] it 29: worst Re=+0.6857 @ 4.661 Hz, beyond margin=4, radius=0.0250
[core4_ki] it 30: worst Re=+0.6857 @ 4.661 Hz, beyond margin=4, radius=0.0250
[core4_ki] it 31: worst Re=+0.6857 @ 4.661 Hz, beyond margin=4, radius=0.0250
[core4_ki] it 32: worst Re=+0.6857 @ 4.661 Hz, beyond margin=4, radius=0.0250
[core4_ki] it 33: worst Re=+0.6856 @ 4.661 Hz, beyond margin=4, radius=0.0250
[core4_ki] it 34: worst Re=+0.6856 @ 4.661 Hz, beyond margin=4, radius=0.0250
[core4_ki] it 35: worst Re=+0.6856 @ 4.661 Hz, beyond margin=4, radius=0.0250
[core4_ki] it 36: worst Re=+0.6856 @ 4.661 Hz, beyond margin=4, radius=0.0250
[core4_ki] it 37: worst Re=+0.6856 @ 4.661 Hz, beyond margin=4, radius=0.0250
[core4_ki] it 38: worst Re=+0.6856 @ 4.661 Hz, beyond margin=4, radius=0.0250
[core4_ki] it 39: worst Re=+0.6856 @ 4.661 Hz, beyond margin=4, radius=0.0250
[core4_ki] it 40: worst Re=+0.6856 @ 4.661 Hz, beyond margin=4, radius=0.0250
[core4_ki] it 41: worst Re=+0.6856 @ 4.661 Hz, beyond margin=4, radius=0.0250
[core4_ki] it 42: worst Re=+0.6856 @ 4.661 Hz, beyond margin=4, radius=0.0250
[core4_ki] it 43: worst Re=+0.6856 @ 4.661 Hz, beyond margin=4, radius=0.0250
[core4_ki] it 44: worst Re=+0.6856 @ 4.661 Hz, beyond margin=4, radius=0.0250
[core4_ki] it 45: worst Re=+0.6856 @ 4.660 Hz, beyond margin=4, radius=0.0250
[core4_ki] it 46: worst Re=+0.6856 @ 4.660 Hz, beyond margin=4, radius=0.0250
[core4_ki] it 47: worst Re=+0.6856 @ 4.660 Hz, beyond margin=4, radius=0.0250
[core4_ki] it 48: worst Re=+0.6856 @ 4.660 Hz, beyond margin=4, radius=0.0250
[core4_ki] it 49: worst Re=+0.6856 @ 4.660 Hz, beyond margin=4, radius=0.0250
[core4_ki] it 50: worst Re=+0.6856 @ 4.660 Hz, beyond margin=4, radius=0.0250
[core4_ki] it 51: worst Re=+0.6856 @ 4.660 Hz, beyond margin=4, radius=0.0250
[core4_ki] it 52: worst Re=+0.6856 @ 4.660 Hz, beyond margin=4, radius=0.0250
[core4_ki] it 53: worst Re=+0.6856 @ 4.660 Hz, beyond margin=4, radius=0.0250
[core4_ki] it 54: worst Re=+0.6856 @ 4.660 Hz, beyond margin=4, radius=0.0250
[core4_ki] it 55: worst Re=+0.6856 @ 4.660 Hz, beyond margin=4, radius=0.0250
[core4_ki] it 56: worst Re=+0.6856 @ 4.660 Hz, beyond margin=4, radius=0.0250
[core4_ki] it 57: worst Re=+0.6856 @ 4.660 Hz, beyond margin=4, radius=0.0125
[core4_ki] it 58: worst Re=+0.6856 @ 4.660 Hz, beyond margin=4, radius=0.0063
[core4_ki] it 59: worst Re=+0.6856 @ 4.660 Hz, beyond margin=4, radius=0.0031
[core4_ki] it 60: worst Re=+0.6856 @ 4.660 Hz, beyond margin=4, radius=0.0016
FINAL {'label': 'core4_ki', 'kind': 'ki', 'sites': '30 35 36 37', 'N_unstable': 6, 'N_margin_excl_gauge': 8, 'max_noninteger_winding': np.float64(1.2171041952058204e-11), 'iterations': 60, 'success': False, 'Kp': '28.2743 28.2743 28.2743 28.2743 28.2743 28.2743 28.2743 28.2743 28.2743 28.2743', 'Ki': '235.6681 246.7401 246.7401 246.7401 246.7401 142.9694 90.9857 62.0075 246.7401 246.7401', 'worst_re_catalog': np.float64(0.6855710407699207)}
